Attaching to ethereumplay_geth_1_1, ethereumplay_geth_2_1
[36mgeth_1_1  |[0m I0713 07:28:06.420760 ethdb/database.go:82] Alloted 128MB cache and 1024 file handles to /root/.ethereum/chaindata
[36mgeth_1_1  |[0m I0713 07:28:06.443260 ethdb/database.go:169] closed db:/root/.ethereum/chaindata
[36mgeth_1_1  |[0m E0713 07:28:06.444169 accounts/addrcache.go:205] can't load keys: open /root/.ethereum/keystore: no such file or directory
[36mgeth_1_1  |[0m I0713 07:28:06.444198 accounts/addrcache.go:215] reloaded keys, cache has 0 accounts
[36mgeth_1_1  |[0m I0713 07:28:06.444205 cmd/utils/flags.go:601] WARNING: No etherbase set and no accounts found as default
[36mgeth_1_1  |[0m I0713 07:28:06.444701 ethdb/database.go:82] Alloted 128MB cache and 1024 file handles to /root/.ethereum/chaindata
[36mgeth_1_1  |[0m I0713 07:28:06.462596 accounts/watch.go:70] can't watch /root/.ethereum/keystore: lstat /root/.ethereum/keystore: no such file or directory
[36mgeth_1_1  |[0m I0713 07:28:06.476364 eth/backend.go:619] upgrading db log bloom bins
[36mgeth_1_1  |[0m I0713 07:28:06.476506 eth/backend.go:627] upgrade completed in 146.352µs
[36mgeth_1_1  |[0m I0713 07:28:06.476534 ethdb/database.go:82] Alloted 16MB cache and 16 file handles to /root/.ethereum/dapp
[36mgeth_1_1  |[0m I0713 07:28:06.492210 eth/backend.go:172] Protocol Versions: [63 62 61], Network Id: 12902
[36mgeth_1_1  |[0m I0713 07:28:06.492322 eth/backend.go:201] Blockchain DB Version: 3
[36mgeth_1_1  |[0m I0713 07:28:06.493029 core/blockchain.go:206] Last header: #0 [38439bfe…] TD=1048576
[36mgeth_1_1  |[0m I0713 07:28:06.493055 core/blockchain.go:207] Last block: #0 [38439bfe…] TD=1048576
[36mgeth_1_1  |[0m I0713 07:28:06.493091 core/blockchain.go:208] Fast block: #0 [38439bfe…] TD=1048576
[36mgeth_1_1  |[0m I0713 07:28:06.493937 p2p/server.go:313] Starting Server
[36mgeth_1_1  |[0m I0713 07:28:06.494251 eth/downloader/downloader.go:1942] Quality of service: rtt 20s, conf 1.000, ttl 1m0s
[36mgeth_1_1  |[0m I0713 07:28:06.494472 p2p/server.go:556] Listening on [::]:30303
[36mgeth_1_1  |[0m I0713 07:28:06.494874 release/release.go:116] Release oracle not found at fa7b9770ca4cb04296cac84f37736d4041251cdf
[36mgeth_1_1  |[0m I0713 07:28:06.497513 node/node.go:259] InProc registered *node.PrivateAdminAPI under 'admin'
[36mgeth_1_1  |[0m I0713 07:28:06.497581 node/node.go:259] InProc registered *node.PublicAdminAPI under 'admin'
[36mgeth_1_1  |[0m I0713 07:28:06.497626 node/node.go:259] InProc registered *debug.HandlerT under 'debug'
[36mgeth_1_1  |[0m I0713 07:28:06.497634 node/node.go:259] InProc registered *node.PublicDebugAPI under 'debug'
[36mgeth_1_1  |[0m I0713 07:28:06.497640 node/node.go:259] InProc registered *node.PublicWeb3API under 'web3'
[36mgeth_1_1  |[0m I0713 07:28:06.497653 node/node.go:259] InProc registered *eth.PublicEthereumAPI under 'eth'
[36mgeth_1_1  |[0m I0713 07:28:06.497659 node/node.go:259] InProc registered *eth.PublicAccountAPI under 'eth'
[36mgeth_1_1  |[0m I0713 07:28:06.497671 node/node.go:259] InProc registered *eth.PrivateAccountAPI under 'personal'
[36mgeth_1_1  |[0m I0713 07:28:06.497703 node/node.go:259] InProc registered *eth.PublicBlockChainAPI under 'eth'
[36mgeth_1_1  |[0m I0713 07:28:06.498318 node/node.go:259] InProc registered *eth.PublicTransactionPoolAPI under 'eth'
[36mgeth_1_1  |[0m I0713 07:28:06.498402 node/node.go:259] InProc registered *eth.PublicMinerAPI under 'eth'
[36mgeth_1_1  |[0m I0713 07:28:06.498413 node/node.go:259] InProc registered *downloader.PublicDownloaderAPI under 'eth'
[36mgeth_1_1  |[0m I0713 07:28:06.498425 node/node.go:259] InProc registered *eth.PrivateMinerAPI under 'miner'
[36mgeth_1_1  |[0m I0713 07:28:06.498432 node/node.go:259] InProc registered *eth.PublicTxPoolAPI under 'txpool'
[36mgeth_1_1  |[0m I0713 07:28:06.498794 node/node.go:259] InProc registered *filters.PublicFilterAPI under 'eth'
[36mgeth_1_1  |[0m I0713 07:28:06.498824 node/node.go:259] InProc registered *eth.PrivateAdminAPI under 'admin'
[36mgeth_1_1  |[0m I0713 07:28:06.498845 node/node.go:259] InProc registered *eth.PublicDebugAPI under 'debug'
[36mgeth_1_1  |[0m I0713 07:28:06.498901 node/node.go:259] InProc registered *eth.PrivateDebugAPI under 'debug'
[36mgeth_1_1  |[0m I0713 07:28:06.499208 node/node.go:259] InProc registered *eth.PublicNetAPI under 'net'
[36mgeth_1_1  |[0m I0713 07:28:06.499240 node/node.go:259] InProc registered *ethreg.PrivateRegistarAPI under 'admin'
[36mgeth_1_1  |[0m I0713 07:28:06.499295 node/node.go:285] IPC registered *node.PrivateAdminAPI under 'admin'
[36mgeth_1_1  |[0m I0713 07:28:06.499308 node/node.go:285] IPC registered *node.PublicAdminAPI under 'admin'
[36mgeth_1_1  |[0m I0713 07:28:06.499330 node/node.go:285] IPC registered *debug.HandlerT under 'debug'
[36mgeth_1_1  |[0m I0713 07:28:06.499346 node/node.go:285] IPC registered *node.PublicDebugAPI under 'debug'
[36mgeth_1_1  |[0m I0713 07:28:06.499351 node/node.go:285] IPC registered *node.PublicWeb3API under 'web3'
[36mgeth_1_1  |[0m I0713 07:28:06.499364 node/node.go:285] IPC registered *eth.PublicEthereumAPI under 'eth'
[36mgeth_1_1  |[0m I0713 07:28:06.499369 node/node.go:285] IPC registered *eth.PublicAccountAPI under 'eth'
[36mgeth_1_1  |[0m I0713 07:28:06.499379 node/node.go:285] IPC registered *eth.PrivateAccountAPI under 'personal'
[36mgeth_1_1  |[0m I0713 07:28:06.499442 node/node.go:285] IPC registered *eth.PublicBlockChainAPI under 'eth'
[36mgeth_1_1  |[0m I0713 07:28:06.499476 node/node.go:285] IPC registered *eth.PublicTransactionPoolAPI under 'eth'
[36mgeth_1_1  |[0m I0713 07:28:06.499525 node/node.go:285] IPC registered *eth.PublicMinerAPI under 'eth'
[36mgeth_1_1  |[0m I0713 07:28:06.499545 node/node.go:285] IPC registered *downloader.PublicDownloaderAPI under 'eth'
[36mgeth_1_1  |[0m I0713 07:28:06.499554 node/node.go:285] IPC registered *eth.PrivateMinerAPI under 'miner'
[36mgeth_1_1  |[0m I0713 07:28:06.499559 node/node.go:285] IPC registered *eth.PublicTxPoolAPI under 'txpool'
[36mgeth_1_1  |[0m I0713 07:28:06.499576 node/node.go:285] IPC registered *filters.PublicFilterAPI under 'eth'
[36mgeth_1_1  |[0m I0713 07:28:06.499583 node/node.go:285] IPC registered *eth.PrivateAdminAPI under 'admin'
[36mgeth_1_1  |[0m I0713 07:28:06.499591 node/node.go:285] IPC registered *eth.PublicDebugAPI under 'debug'
[36mgeth_1_1  |[0m I0713 07:28:06.500031 node/node.go:285] IPC registered *eth.PrivateDebugAPI under 'debug'
[36mgeth_1_1  |[0m I0713 07:28:06.500094 node/node.go:285] IPC registered *eth.PublicNetAPI under 'net'
[36mgeth_1_1  |[0m I0713 07:28:06.500124 node/node.go:285] IPC registered *ethreg.PrivateRegistarAPI under 'admin'
[36mgeth_1_1  |[0m I0713 07:28:06.500593 node/node.go:354] HTTP registered *node.PrivateAdminAPI under 'admin'
[36mgeth_1_1  |[0m I0713 07:28:06.500650 node/node.go:354] HTTP registered *node.PublicAdminAPI under 'admin'
[36mgeth_1_1  |[0m I0713 07:28:06.500669 node/node.go:354] HTTP registered *node.PublicWeb3API under 'web3'
[36mgeth_1_1  |[0m I0713 07:28:06.500683 node/node.go:354] HTTP registered *eth.PublicEthereumAPI under 'eth'
[36mgeth_1_1  |[0m I0713 07:28:06.500690 node/node.go:354] HTTP registered *eth.PublicAccountAPI under 'eth'
[36mgeth_1_1  |[0m I0713 07:28:06.500701 node/node.go:354] HTTP registered *eth.PrivateAccountAPI under 'personal'
[36mgeth_1_1  |[0m I0713 07:28:06.501040 node/node.go:296] IPC endpoint opened: /root/.ethereum/geth.ipc
[36mgeth_1_1  |[0m I0713 07:28:06.501108 node/node.go:354] HTTP registered *eth.PublicBlockChainAPI under 'eth'
[36mgeth_1_1  |[0m I0713 07:28:06.501509 node/node.go:354] HTTP registered *eth.PublicTransactionPoolAPI under 'eth'
[36mgeth_1_1  |[0m I0713 07:28:06.501537 node/node.go:354] HTTP registered *eth.PublicMinerAPI under 'eth'
[36mgeth_1_1  |[0m I0713 07:28:06.501571 node/node.go:354] HTTP registered *downloader.PublicDownloaderAPI under 'eth'
[36mgeth_1_1  |[0m I0713 07:28:06.501586 node/node.go:354] HTTP registered *eth.PrivateMinerAPI under 'miner'
[36mgeth_1_1  |[0m I0713 07:28:06.501617 node/node.go:354] HTTP registered *filters.PublicFilterAPI under 'eth'
[36mgeth_1_1  |[0m I0713 07:28:06.501628 node/node.go:354] HTTP registered *eth.PrivateAdminAPI under 'admin'
[36mgeth_1_1  |[0m I0713 07:28:06.501635 node/node.go:354] HTTP registered *eth.PublicNetAPI under 'net'
[36mgeth_1_1  |[0m I0713 07:28:06.501649 node/node.go:354] HTTP registered *ethreg.PrivateRegistarAPI under 'admin'
[36mgeth_1_1  |[0m I0713 07:28:06.501697 node/node.go:366] HTTP endpoint opened: http://0.0.0.0:8545
[33mgeth_2_1  |[0m I0713 07:28:06.520816 ethdb/database.go:82] Alloted 128MB cache and 1024 file handles to /root/.ethereum/chaindata
[33mgeth_2_1  |[0m I0713 07:28:06.529800 ethdb/database.go:169] closed db:/root/.ethereum/chaindata
[33mgeth_2_1  |[0m E0713 07:28:06.529897 accounts/addrcache.go:205] can't load keys: open /root/.ethereum/keystore: no such file or directory
[33mgeth_2_1  |[0m I0713 07:28:06.529921 accounts/addrcache.go:215] reloaded keys, cache has 0 accounts
[33mgeth_2_1  |[0m I0713 07:28:06.529962 cmd/utils/flags.go:601] WARNING: No etherbase set and no accounts found as default
[33mgeth_2_1  |[0m I0713 07:28:06.530690 accounts/watch.go:70] can't watch /root/.ethereum/keystore: lstat /root/.ethereum/keystore: no such file or directory
[33mgeth_2_1  |[0m I0713 07:28:06.532073 ethdb/database.go:82] Alloted 128MB cache and 1024 file handles to /root/.ethereum/chaindata
[33mgeth_2_1  |[0m I0713 07:28:06.552869 eth/backend.go:619] upgrading db log bloom bins
[33mgeth_2_1  |[0m I0713 07:28:06.553322 eth/backend.go:627] upgrade completed in 452.382µs
[33mgeth_2_1  |[0m I0713 07:28:06.553501 ethdb/database.go:82] Alloted 16MB cache and 16 file handles to /root/.ethereum/dapp
[33mgeth_2_1  |[0m I0713 07:28:06.558321 eth/backend.go:172] Protocol Versions: [63 62 61], Network Id: 12902
[33mgeth_2_1  |[0m I0713 07:28:06.558502 eth/backend.go:201] Blockchain DB Version: 3
[33mgeth_2_1  |[0m I0713 07:28:06.559707 core/blockchain.go:206] Last header: #0 [38439bfe…] TD=1048576
[33mgeth_2_1  |[0m I0713 07:28:06.559764 core/blockchain.go:207] Last block: #0 [38439bfe…] TD=1048576
[33mgeth_2_1  |[0m I0713 07:28:06.559772 core/blockchain.go:208] Fast block: #0 [38439bfe…] TD=1048576
[33mgeth_2_1  |[0m I0713 07:28:06.560756 eth/downloader/downloader.go:1942] Quality of service: rtt 20s, conf 1.000, ttl 1m0s
[33mgeth_2_1  |[0m I0713 07:28:06.561607 p2p/server.go:313] Starting Server
[33mgeth_2_1  |[0m I0713 07:28:06.561812 node/node.go:259] InProc registered *node.PrivateAdminAPI under 'admin'
[33mgeth_2_1  |[0m I0713 07:28:06.562316 node/node.go:259] InProc registered *node.PublicAdminAPI under 'admin'
[33mgeth_2_1  |[0m I0713 07:28:06.562378 node/node.go:259] InProc registered *debug.HandlerT under 'debug'
[33mgeth_2_1  |[0m I0713 07:28:06.562407 node/node.go:259] InProc registered *node.PublicDebugAPI under 'debug'
[33mgeth_2_1  |[0m I0713 07:28:06.562418 node/node.go:259] InProc registered *node.PublicWeb3API under 'web3'
[33mgeth_2_1  |[0m I0713 07:28:06.562438 node/node.go:259] InProc registered *eth.PublicEthereumAPI under 'eth'
[33mgeth_2_1  |[0m I0713 07:28:06.562448 node/node.go:259] InProc registered *eth.PublicAccountAPI under 'eth'
[33mgeth_2_1  |[0m I0713 07:28:06.562467 node/node.go:259] InProc registered *eth.PrivateAccountAPI under 'personal'
[33mgeth_2_1  |[0m I0713 07:28:06.562648 node/node.go:259] InProc registered *eth.PublicBlockChainAPI under 'eth'
[33mgeth_2_1  |[0m I0713 07:28:06.562105 p2p/server.go:556] Listening on [::]:30303
[33mgeth_2_1  |[0m I0713 07:28:06.563809 node/node.go:259] InProc registered *eth.PublicTransactionPoolAPI under 'eth'
[33mgeth_2_1  |[0m I0713 07:28:06.563864 node/node.go:259] InProc registered *eth.PublicMinerAPI under 'eth'
[33mgeth_2_1  |[0m I0713 07:28:06.563875 node/node.go:259] InProc registered *downloader.PublicDownloaderAPI under 'eth'
[33mgeth_2_1  |[0m I0713 07:28:06.563910 node/node.go:259] InProc registered *eth.PrivateMinerAPI under 'miner'
[33mgeth_2_1  |[0m I0713 07:28:06.563923 node/node.go:259] InProc registered *eth.PublicTxPoolAPI under 'txpool'
[33mgeth_2_1  |[0m I0713 07:28:06.563961 node/node.go:259] InProc registered *filters.PublicFilterAPI under 'eth'
[33mgeth_2_1  |[0m I0713 07:28:06.563978 node/node.go:259] InProc registered *eth.PrivateAdminAPI under 'admin'
[33mgeth_2_1  |[0m I0713 07:28:06.564459 release/release.go:116] Release oracle not found at fa7b9770ca4cb04296cac84f37736d4041251cdf
[33mgeth_2_1  |[0m I0713 07:28:06.564604 node/node.go:259] InProc registered *eth.PublicDebugAPI under 'debug'
[33mgeth_2_1  |[0m I0713 07:28:06.564661 node/node.go:259] InProc registered *eth.PrivateDebugAPI under 'debug'
[33mgeth_2_1  |[0m I0713 07:28:06.564677 node/node.go:259] InProc registered *eth.PublicNetAPI under 'net'
[33mgeth_2_1  |[0m I0713 07:28:06.564774 node/node.go:259] InProc registered *ethreg.PrivateRegistarAPI under 'admin'
[33mgeth_2_1  |[0m I0713 07:28:06.565016 node/node.go:285] IPC registered *node.PrivateAdminAPI under 'admin'
[33mgeth_2_1  |[0m I0713 07:28:06.565034 node/node.go:285] IPC registered *node.PublicAdminAPI under 'admin'
[33mgeth_2_1  |[0m I0713 07:28:06.565076 node/node.go:285] IPC registered *debug.HandlerT under 'debug'
[33mgeth_2_1  |[0m I0713 07:28:06.565089 node/node.go:285] IPC registered *node.PublicDebugAPI under 'debug'
[33mgeth_2_1  |[0m I0713 07:28:06.565109 node/node.go:285] IPC registered *node.PublicWeb3API under 'web3'
[33mgeth_2_1  |[0m I0713 07:28:06.565223 node/node.go:285] IPC registered *eth.PublicEthereumAPI under 'eth'
[33mgeth_2_1  |[0m I0713 07:28:06.565259 node/node.go:285] IPC registered *eth.PublicAccountAPI under 'eth'
[33mgeth_2_1  |[0m I0713 07:28:06.565283 node/node.go:285] IPC registered *eth.PrivateAccountAPI under 'personal'
[33mgeth_2_1  |[0m I0713 07:28:06.565337 node/node.go:285] IPC registered *eth.PublicBlockChainAPI under 'eth'
[33mgeth_2_1  |[0m I0713 07:28:06.565792 node/node.go:285] IPC registered *eth.PublicTransactionPoolAPI under 'eth'
[33mgeth_2_1  |[0m I0713 07:28:06.565871 node/node.go:285] IPC registered *eth.PublicMinerAPI under 'eth'
[33mgeth_2_1  |[0m I0713 07:28:06.565907 node/node.go:285] IPC registered *downloader.PublicDownloaderAPI under 'eth'
[33mgeth_2_1  |[0m I0713 07:28:06.565929 node/node.go:285] IPC registered *eth.PrivateMinerAPI under 'miner'
[33mgeth_2_1  |[0m I0713 07:28:06.565939 node/node.go:285] IPC registered *eth.PublicTxPoolAPI under 'txpool'
[33mgeth_2_1  |[0m I0713 07:28:06.565991 node/node.go:285] IPC registered *filters.PublicFilterAPI under 'eth'
[33mgeth_2_1  |[0m I0713 07:28:06.566026 node/node.go:285] IPC registered *eth.PrivateAdminAPI under 'admin'
[33mgeth_2_1  |[0m I0713 07:28:06.566043 node/node.go:285] IPC registered *eth.PublicDebugAPI under 'debug'
[33mgeth_2_1  |[0m I0713 07:28:06.566182 node/node.go:285] IPC registered *eth.PrivateDebugAPI under 'debug'
[33mgeth_2_1  |[0m I0713 07:28:06.566503 node/node.go:285] IPC registered *eth.PublicNetAPI under 'net'
[33mgeth_2_1  |[0m I0713 07:28:06.566560 node/node.go:285] IPC registered *ethreg.PrivateRegistarAPI under 'admin'
[33mgeth_2_1  |[0m I0713 07:28:06.567103 node/node.go:354] HTTP registered *node.PrivateAdminAPI under 'admin'
[33mgeth_2_1  |[0m I0713 07:28:06.567153 node/node.go:354] HTTP registered *node.PublicAdminAPI under 'admin'
[33mgeth_2_1  |[0m I0713 07:28:06.567167 node/node.go:354] HTTP registered *node.PublicWeb3API under 'web3'
[33mgeth_2_1  |[0m I0713 07:28:06.567188 node/node.go:354] HTTP registered *eth.PublicEthereumAPI under 'eth'
[33mgeth_2_1  |[0m I0713 07:28:06.567218 node/node.go:354] HTTP registered *eth.PublicAccountAPI under 'eth'
[33mgeth_2_1  |[0m I0713 07:28:06.567239 node/node.go:354] HTTP registered *eth.PrivateAccountAPI under 'personal'
[33mgeth_2_1  |[0m I0713 07:28:06.567321 node/node.go:296] IPC endpoint opened: /root/.ethereum/geth.ipc
[33mgeth_2_1  |[0m I0713 07:28:06.567624 node/node.go:354] HTTP registered *eth.PublicBlockChainAPI under 'eth'
[33mgeth_2_1  |[0m I0713 07:28:06.567719 node/node.go:354] HTTP registered *eth.PublicTransactionPoolAPI under 'eth'
[33mgeth_2_1  |[0m I0713 07:28:06.567843 node/node.go:354] HTTP registered *eth.PublicMinerAPI under 'eth'
[33mgeth_2_1  |[0m I0713 07:28:06.567891 node/node.go:354] HTTP registered *downloader.PublicDownloaderAPI under 'eth'
[33mgeth_2_1  |[0m I0713 07:28:06.568048 node/node.go:354] HTTP registered *eth.PrivateMinerAPI under 'miner'
[33mgeth_2_1  |[0m I0713 07:28:06.568346 node/node.go:354] HTTP registered *filters.PublicFilterAPI under 'eth'
[33mgeth_2_1  |[0m I0713 07:28:06.568381 node/node.go:354] HTTP registered *eth.PrivateAdminAPI under 'admin'
[33mgeth_2_1  |[0m I0713 07:28:06.568394 node/node.go:354] HTTP registered *eth.PublicNetAPI under 'net'
[33mgeth_2_1  |[0m I0713 07:28:06.568418 node/node.go:354] HTTP registered *ethreg.PrivateRegistarAPI under 'admin'
[33mgeth_2_1  |[0m I0713 07:28:06.568515 node/node.go:366] HTTP endpoint opened: http://0.0.0.0:8545
[36mgeth_1_1  |[0m I0713 07:28:08.523941 p2p/nat/nat.go:109] network port tcp:30303 could not be mapped: no UPnP or NAT-PMP router discovered
[33mgeth_2_1  |[0m I0713 07:28:08.623321 p2p/nat/nat.go:109] network port tcp:30303 could not be mapped: no UPnP or NAT-PMP router discovered
[36mgeth_1_1  |[0m I0713 07:28:19.271950 accounts/addrcache.go:215] reloaded keys, cache has 1 accounts
[36mgeth_1_1  |[0m I0713 07:28:19.271986 accounts/watch.go:74] now watching /root/.ethereum/keystore
[36mgeth_1_1  |[0m I0713 07:28:19.272835 accounts/addrcache.go:215] reloaded keys, cache has 1 accounts
[33mgeth_2_1  |[0m I0713 07:28:20.743847 accounts/addrcache.go:215] reloaded keys, cache has 1 accounts
[33mgeth_2_1  |[0m I0713 07:28:20.744151 accounts/watch.go:74] now watching /root/.ethereum/keystore
[33mgeth_2_1  |[0m I0713 07:28:20.745486 accounts/addrcache.go:215] reloaded keys, cache has 1 accounts
[36mgeth_1_1  |[0m I0713 07:28:21.954497 eth/backend.go:452] Automatic pregeneration of ethash DAG ON (ethash dir: /root/.ethash)
[36mgeth_1_1  |[0m I0713 07:28:21.955071 eth/backend.go:459] checking DAG (ethash dir: /root/.ethash)
[36mgeth_1_1  |[0m I0713 07:28:21.955165 miner/miner.go:119] Starting mining operation (CPU=1 TOT=2)
[36mgeth_1_1  |[0m I0713 07:28:21.955665 core/state/statedb.go:289] (+) ed74fb20ad2abeaf6f4f470f7a122c0b7ad78765
[36mgeth_1_1  |[0m I0713 07:28:21.959930 core/state/state_object.go:160] ed74fb20ad2abeaf6f4f470f7a122c0b7ad78765: #0 5000000000000000000 (+ 5000000000000000000)
[36mgeth_1_1  |[0m I0713 07:28:21.960128 miner/worker.go:555] commit new work on block 1 with 0 txs & 0 uncles. Took 4.663569ms
[33mgeth_2_1  |[0m I0713 07:28:21.955710 miner/miner.go:119] Starting mining operation (CPU=1 TOT=2)
[33mgeth_2_1  |[0m I0713 07:28:21.956283 core/state/statedb.go:289] (+) 86490c1e3d740584bd842f217f4801fe15725d68
[33mgeth_2_1  |[0m I0713 07:28:21.958399 core/state/state_object.go:160] 86490c1e3d740584bd842f217f4801fe15725d68: #0 5000000000000000000 (+ 5000000000000000000)
[33mgeth_2_1  |[0m I0713 07:28:21.958716 miner/worker.go:555] commit new work on block 1 with 0 txs & 0 uncles. Took 2.950779ms
[33mgeth_2_1  |[0m I0713 07:28:21.958801 miner/agent.go:118] (re)started agent[0]. mining...
[33mgeth_2_1  |[0m I0713 07:28:21.958839 ethash.go:259] Generating DAG for epoch 0 (size 1073739904) (0000000000000000000000000000000000000000000000000000000000000000)
[33mgeth_2_1  |[0m I0713 07:28:21.962762 eth/backend.go:452] Automatic pregeneration of ethash DAG ON (ethash dir: /root/.ethash)
[36mgeth_1_1  |[0m I0713 07:28:21.960446 miner/agent.go:118] (re)started agent[0]. mining...
[36mgeth_1_1  |[0m I0713 07:28:21.960547 ethash.go:259] Generating DAG for epoch 0 (size 1073739904) (0000000000000000000000000000000000000000000000000000000000000000)
[33mgeth_2_1  |[0m I0713 07:28:21.963069 eth/backend.go:459] checking DAG (ethash dir: /root/.ethash)
[33mgeth_2_1  |[0m I0713 07:28:21.978529 p2p/server.go:459] <-addstatic: enode://6d46ac19e79b0ddbbac230b6b9571d07136bda03021c7fc15b2a17d497005d3e39ff25c1deffa6ab14afb88db51ad1ae5d04bed71eac7b0fab32d0ce9c3b98e5@172.21.0.2:30303
[33mgeth_2_1  |[0m I0713 07:28:21.979007 p2p/server.go:430] new task: static dial 6d46ac19e79b0ddb 172.21.0.2:30303
[33mgeth_2_1  |[0m I0713 07:28:21.979218 p2p/dial.go:263] dial tcp 172.21.0.2:30303 (6d46ac19e79b)
[36mgeth_1_1  |[0m I0713 07:28:21.979778 p2p/server.go:590] Accepted conn 172.21.0.3:54590
[36mgeth_1_1  |[0m I0713 07:28:21.986965 p2p/server.go:479] <-posthandshake: inbound conn 158fd040ae5ff3d9 172.21.0.3:54590
[36mgeth_1_1  |[0m I0713 07:28:21.990389 p2p/server.go:485] <-addpeer: inbound conn 158fd040ae5ff3d9 172.21.0.3:54590
[36mgeth_1_1  |[0m I0713 07:28:21.990529 p2p/server.go:674] Added Peer 158fd040ae5ff3d9 172.21.0.3:54590
[33mgeth_2_1  |[0m I0713 07:28:21.989174 p2p/server.go:479] <-posthandshake: static dial conn 6d46ac19e79b0ddb 172.21.0.2:30303
[33mgeth_2_1  |[0m I0713 07:28:21.990292 p2p/server.go:485] <-addpeer: static dial conn 6d46ac19e79b0ddb 172.21.0.2:30303
[33mgeth_2_1  |[0m I0713 07:28:21.990830 p2p/server.go:469] <-taskdone: static dial 6d46ac19e79b0ddb 172.21.0.2:30303
[33mgeth_2_1  |[0m I0713 07:28:21.991538 p2p/server.go:430] new task: wait for dial hist expire (29.999988653s)
[33mgeth_2_1  |[0m I0713 07:28:21.991879 p2p/server.go:674] Added Peer 6d46ac19e79b0ddb 172.21.0.2:30303
[33mgeth_2_1  |[0m I0713 07:28:21.992175 p2p/peer.go:301] Peer 6d46ac19e79b0ddb 172.21.0.2:30303: Starting protocol eth/63
[33mgeth_2_1  |[0m I0713 07:28:21.992349 eth/handler.go:252] Peer 6d46ac19e79b0ddb [eth/63]: peer connected [Geth/v1.4.7-stable-667a386d/linux/go1.6.2]
[33mgeth_2_1  |[0m I0713 07:28:21.997251 eth/handler.go:264] Peer 6d46ac19e79b0ddb [eth/63]: adding peer
[36mgeth_1_1  |[0m I0713 07:28:21.994467 p2p/peer.go:301] Peer 158fd040ae5ff3d9 172.21.0.3:54590: Starting protocol eth/63
[33mgeth_2_1  |[0m I0713 07:28:21.999428 eth/downloader/downloader.go:258] Registering peer 6d46ac19e79b0ddb
[36mgeth_1_1  |[0m I0713 07:28:21.994757 eth/handler.go:252] Peer 158fd040ae5ff3d9 [eth/63]: peer connected [Geth/v1.4.7-stable-667a386d/linux/go1.6.2]
[36mgeth_1_1  |[0m I0713 07:28:21.996477 eth/handler.go:264] Peer 158fd040ae5ff3d9 [eth/63]: adding peer
[36mgeth_1_1  |[0m I0713 07:28:21.996587 eth/downloader/downloader.go:258] Registering peer 158fd040ae5ff3d9
[36mgeth_1_1  |[0m I0713 07:28:26.494985 eth/downloader/downloader.go:1942] Quality of service: rtt 20s, conf 1.000, ttl 1m0s
[33mgeth_2_1  |[0m I0713 07:28:26.561006 eth/downloader/downloader.go:1942] Quality of service: rtt 20s, conf 1.000, ttl 1m0s
[36mgeth_1_1  |[0m I0713 07:28:27.764022 ethash.go:276] Done generating DAG for epoch 0, it took 5.803477714s
[33mgeth_2_1  |[0m I0713 07:28:36.242466 ethash.go:276] Done generating DAG for epoch 0, it took 14.276877941s
[33mgeth_2_1  |[0m I0713 07:28:43.679858 ethash.go:209] No pre-generated DAG available, creating new for epoch 0
[33mgeth_2_1  |[0m I0713 07:28:43.684008 ethash.go:216] Pre-generating DAG for epoch 1
[33mgeth_2_1  |[0m I0713 07:28:43.684093 ethash.go:92] Generating cache for epoch 0 (0000000000000000000000000000000000000000000000000000000000000000)
[33mgeth_2_1  |[0m I0713 07:28:43.686986 ethash.go:92] Generating cache for epoch 1 (290decd9548b62a8d60345a988386fc84ba6bc95484008f6362f93160ef3e563)
[33mgeth_2_1  |[0m I0713 07:28:45.633571 ethash.go:99] Done generating cache for epoch 1, it took 1.949273531s
[33mgeth_2_1  |[0m I0713 07:28:45.701670 ethash.go:99] Done generating cache for epoch 0, it took 2.017571481s
[33mgeth_2_1  |[0m I0713 07:28:45.708525 core/database_util.go:314] stored block total difficulty [b8a167b8…]: 2096640
[33mgeth_2_1  |[0m I0713 07:28:45.708739 core/database_util.go:299] stored block body [b8a167b8…]
[33mgeth_2_1  |[0m I0713 07:28:45.709786 core/database_util.go:284] stored header #1 [b8a167b8…]
[33mgeth_2_1  |[0m I0713 07:28:45.711317 miner/worker.go:337] 🔨  Mined block (#1 / b8a167b8). Wait 5 blocks for confirmation
[33mgeth_2_1  |[0m I0713 07:28:45.714920 core/database_util.go:349] stored block receipts [b8a167b8…]
[36mgeth_1_1  |[0m I0713 07:28:45.716523 eth/fetcher/fetcher.go:731] Peer 158fd040ae5ff3d9: queued block #1 [b8a167b8…], total 1
[36mgeth_1_1  |[0m I0713 07:28:45.716691 eth/fetcher/fetcher.go:743] Peer 158fd040ae5ff3d9: importing block #1 [b8a167b8…]
[36mgeth_1_1  |[0m I0713 07:28:45.716781 ethash.go:209] No pre-generated DAG available, creating new for epoch 0
[36mgeth_1_1  |[0m I0713 07:28:45.716805 ethash.go:216] Pre-generating DAG for epoch 1
[36mgeth_1_1  |[0m I0713 07:28:45.716812 ethash.go:92] Generating cache for epoch 0 (0000000000000000000000000000000000000000000000000000000000000000)
[33mgeth_2_1  |[0m I0713 07:28:45.723741 core/state/state_object.go:160] 86490c1e3d740584bd842f217f4801fe15725d68: #0 10000000000000000000 (+ 5000000000000000000)
[33mgeth_2_1  |[0m I0713 07:28:45.723949 miner/worker.go:555] commit new work on block 2 with 0 txs & 0 uncles. Took 12.8094ms
[33mgeth_2_1  |[0m I0713 07:28:45.725117 core/state/state_object.go:160] 86490c1e3d740584bd842f217f4801fe15725d68: #0 10000000000000000000 (+ 5000000000000000000)
[33mgeth_2_1  |[0m I0713 07:28:45.725293 miner/worker.go:555] commit new work on block 2 with 0 txs & 0 uncles. Took 316.225µs
[33mgeth_2_1  |[0m I0713 07:28:45.725645 miner/agent.go:118] (re)started agent[0]. mining...
[33mgeth_2_1  |[0m I0713 07:28:45.723189 eth/handler.go:752] propagated block b8a167b8 to 1 peers in 2562047h47m16.854775807s
[33mgeth_2_1  |[0m I0713 07:28:45.728531 miner/agent.go:118] (re)started agent[0]. mining...
[36mgeth_1_1  |[0m I0713 07:28:45.733499 ethash.go:92] Generating cache for epoch 1 (290decd9548b62a8d60345a988386fc84ba6bc95484008f6362f93160ef3e563)
[33mgeth_2_1  |[0m I0713 07:28:45.739314 eth/handler.go:763] announced block b8a167b8 to 1 peers in 2562047h47m16.854775807s
[33mgeth_2_1  |[0m I0713 07:28:45.739352 eth/handler.go:763] announced block b8a167b8 to 0 peers in 2562047h47m16.854775807s
[36mgeth_1_1  |[0m I0713 07:28:46.242999 eth/fetcher/fetcher.go:428] [eth/62] Peer 158fd040ae5ff3d9: fetching headers [b8a167b8…]
[36mgeth_1_1  |[0m I0713 07:28:46.243524 eth/peer.go:245] Peer 158fd040ae5ff3d9 [eth/63] fetching a single header: b8a167b85a249c89341794be8c8b4d8f8ceb2157c35f4afa235b838d5ccc8f19
[36mgeth_1_1  |[0m I0713 07:28:46.247079 eth/fetcher/fetcher.go:258] [eth/62] filtering 1 headers
[36mgeth_1_1  |[0m I0713 07:28:46.256100 eth/handler.go:490] no sync active
[36mgeth_1_1  |[0m I0713 07:28:46.495365 eth/downloader/downloader.go:284] Attempting synchronisation: 158fd040ae5ff3d9, head [b8a167b8…], TD 2096640
[36mgeth_1_1  |[0m I0713 07:28:46.495822 eth/downloader/downloader.go:320] Block synchronisation started
[36mgeth_1_1  |[0m I0713 07:28:46.496639 eth/downloader/downloader.go:381] Synchronising with the network using: 158fd040ae5ff3d9 [eth/63]
[36mgeth_1_1  |[0m I0713 07:28:46.496872 eth/downloader/downloader.go:992] Peer 158fd040ae5ff3d9 [hs 0.00/s, bs 0.00/s, rs 0.00/s, ss 0.00/s, miss    0, rtt 20s]: retrieving remote chain height
[36mgeth_1_1  |[0m I0713 07:28:46.497537 eth/peer.go:252] Peer 158fd040ae5ff3d9 [eth/63] fetching 1 headers from 38439bfe, skipping 0 (reverse = false)
[36mgeth_1_1  |[0m I0713 07:28:46.498389 miner/miner.go:75] Mining operation aborted due to sync operation
[36mgeth_1_1  |[0m I0713 07:28:46.498828 eth/downloader/downloader.go:1942] Quality of service: rtt 20s, conf 1.000, ttl 1m0s
[36mgeth_1_1  |[0m I0713 07:28:46.499520 eth/fetcher/fetcher.go:258] [eth/62] filtering 1 headers
[36mgeth_1_1  |[0m I0713 07:28:46.499730 eth/downloader/downloader.go:1040] Peer 158fd040ae5ff3d9 [hs 0.00/s, bs 0.00/s, rs 0.00/s, ss 0.00/s, miss    0, rtt 20s]: looking for common ancestor
[36mgeth_1_1  |[0m I0713 07:28:46.499844 eth/peer.go:259] Peer 158fd040ae5ff3d9 [eth/63] fetching 192 headers from #0, skipping 0 (reverse = false)
[36mgeth_1_1  |[0m I0713 07:28:46.500889 eth/downloader/downloader.go:1130] Peer 158fd040ae5ff3d9 [hs 0.00/s, bs 0.00/s, rs 0.00/s, ss 0.00/s, miss    0, rtt 20s]: common ancestor: #0 [38439bfe…]
[36mgeth_1_1  |[0m I0713 07:28:46.501193 eth/downloader/downloader.go:1406] Downloading node state data
[36mgeth_1_1  |[0m I0713 07:28:46.501627 eth/downloader/downloader.go:1211] Peer 158fd040ae5ff3d9 [hs 0.00/s, bs 0.00/s, rs 0.00/s, ss 0.00/s, miss    0, rtt 20s]: directing header downloads from #1
[36mgeth_1_1  |[0m I0713 07:28:46.501877 eth/downloader/downloader.go:1358] Downloading block bodies from #1
[36mgeth_1_1  |[0m I0713 07:28:46.502139 eth/downloader/downloader.go:1382] Downloading receipts from #1
[36mgeth_1_1  |[0m I0713 07:28:46.502370 eth/downloader/downloader.go:1226] Peer 158fd040ae5ff3d9 [hs 0.00/s, bs 0.00/s, rs 0.00/s, ss 0.00/s, miss    0, rtt 20s]: fetching 192 skeleton headers from #1
[36mgeth_1_1  |[0m I0713 07:28:46.502573 eth/peer.go:259] Peer 158fd040ae5ff3d9 [eth/63] fetching 128 headers from #192, skipping 191 (reverse = false)
[36mgeth_1_1  |[0m I0713 07:28:46.503242 eth/downloader/downloader.go:1229] Peer 158fd040ae5ff3d9 [hs 0.00/s, bs 0.00/s, rs 0.00/s, ss 0.00/s, miss    0, rtt 20s]: fetching 192 full headers from #1
[36mgeth_1_1  |[0m I0713 07:28:46.503501 eth/peer.go:259] Peer 158fd040ae5ff3d9 [eth/63] fetching 192 headers from #1, skipping 0 (reverse = false)
[36mgeth_1_1  |[0m I0713 07:28:46.504725 eth/fetcher/fetcher.go:258] [eth/62] filtering 1 headers
[36mgeth_1_1  |[0m I0713 07:28:46.504962 eth/downloader/downloader.go:1280] Peer 158fd040ae5ff3d9 [hs 0.00/s, bs 0.00/s, rs 0.00/s, ss 0.00/s, miss    0, rtt 20s]: schedule 1 headers from #1
[36mgeth_1_1  |[0m I0713 07:28:46.505159 eth/downloader/downloader.go:1229] Peer 158fd040ae5ff3d9 [hs 0.00/s, bs 0.00/s, rs 0.00/s, ss 0.00/s, miss    0, rtt 20s]: fetching 192 full headers from #2
[36mgeth_1_1  |[0m I0713 07:28:46.505228 eth/peer.go:259] Peer 158fd040ae5ff3d9 [eth/63] fetching 192 headers from #2, skipping 0 (reverse = false)
[36mgeth_1_1  |[0m I0713 07:28:46.505922 eth/downloader/downloader.go:1258] Peer 158fd040ae5ff3d9 [hs 0.00/s, bs 0.00/s, rs 0.00/s, ss 0.00/s, miss    0, rtt 20s]: no available headers
[36mgeth_1_1  |[0m I0713 07:28:46.506034 eth/downloader/downloader.go:1261] Peer 158fd040ae5ff3d9 [hs 0.00/s, bs 0.00/s, rs 0.00/s, ss 0.00/s, miss    0, rtt 20s]: header download terminated
[36mgeth_1_1  |[0m I0713 07:28:46.506209 eth/downloader/downloader.go:1570] Body fetching completed
[36mgeth_1_1  |[0m I0713 07:28:46.506260 eth/downloader/downloader.go:1374] Block body download terminated: <nil>
[36mgeth_1_1  |[0m I0713 07:28:46.506308 eth/downloader/downloader.go:1570] Receipt fetching completed
[36mgeth_1_1  |[0m I0713 07:28:46.506360 eth/downloader/downloader.go:1398] Receipt download terminated: <nil>
[36mgeth_1_1  |[0m I0713 07:28:46.506406 eth/downloader/downloader.go:1570] State fetching completed
[36mgeth_1_1  |[0m I0713 07:28:46.506461 eth/downloader/downloader.go:1454] Node state data download terminated: <nil>
[36mgeth_1_1  |[0m I0713 07:28:46.506771 eth/downloader/downloader.go:1819] Inserting chain with 1 items (#1 [b8a167b8…] - #1 [b8a167b8…])
[33mgeth_2_1  |[0m I0713 07:28:46.561767 eth/downloader/downloader.go:1942] Quality of service: rtt 20s, conf 1.000, ttl 1m0s
[36mgeth_1_1  |[0m I0713 07:28:48.071682 ethash.go:99] Done generating cache for epoch 0, it took 2.354860633s
[36mgeth_1_1  |[0m I0713 07:28:48.077946 core/state/statedb.go:289] (+) 86490c1e3d740584bd842f217f4801fe15725d68
[36mgeth_1_1  |[0m I0713 07:28:48.078034 core/state/state_object.go:160] 86490c1e3d740584bd842f217f4801fe15725d68: #0 5000000000000000000 (+ 5000000000000000000)
[36mgeth_1_1  |[0m I0713 07:28:48.078492 core/database_util.go:349] stored block receipts [b8a167b8…]
[36mgeth_1_1  |[0m I0713 07:28:48.079056 core/database_util.go:314] stored block total difficulty [b8a167b8…]: 2096640
[36mgeth_1_1  |[0m I0713 07:28:48.079343 core/database_util.go:299] stored block body [b8a167b8…]
[36mgeth_1_1  |[0m I0713 07:28:48.079537 core/database_util.go:284] stored header #1 [b8a167b8…]
[36mgeth_1_1  |[0m I0713 07:28:48.079704 core/blockchain.go:933] [1468394928079692342] inserted block #1 (0 TXs 0 G 0 UNCs) (b8a167b8...). Took 1.572160475s
[36mgeth_1_1  |[0m I0713 07:28:48.079954 core/blockchain.go:964] imported 1 block(s) (0 queued 0 ignored) including 0 txs in 1.572489595s. #1 [b8a167b8 / b8a167b8]
[36mgeth_1_1  |[0m I0713 07:28:48.080136 eth/downloader/downloader.go:383] Synchronisation terminated after 1.583266234s
[36mgeth_1_1  |[0m I0713 07:28:48.080683 eth/downloader/downloader.go:289] Synchronisation completed
[36mgeth_1_1  |[0m I0713 07:28:48.080870 miner/miner.go:119] Starting mining operation (CPU=1 TOT=2)
[36mgeth_1_1  |[0m I0713 07:28:48.081205 core/state/statedb.go:289] (+) ed74fb20ad2abeaf6f4f470f7a122c0b7ad78765
[36mgeth_1_1  |[0m I0713 07:28:48.081478 core/state/state_object.go:160] ed74fb20ad2abeaf6f4f470f7a122c0b7ad78765: #0 5000000000000000000 (+ 5000000000000000000)
[36mgeth_1_1  |[0m I0713 07:28:48.081898 miner/worker.go:555] commit new work on block 2 with 0 txs & 0 uncles. Took 817.16µs
[36mgeth_1_1  |[0m I0713 07:28:48.082107 miner/agent.go:118] (re)started agent[0]. mining...
[36mgeth_1_1  |[0m I0713 07:28:48.093942 eth/handler.go:752] propagated block b8a167b8 to 0 peers in 2.377586086s
[36mgeth_1_1  |[0m I0713 07:28:48.101542 eth/handler.go:763] announced block b8a167b8 to 0 peers in 2.385183681s
[36mgeth_1_1  |[0m I0713 07:28:48.099109 core/blockchain.go:964] imported 0 block(s) (0 queued 1 ignored) including 0 txs in 5.214697ms. #1 [b8a167b8 / b8a167b8]
[36mgeth_1_1  |[0m I0713 07:28:48.102459 eth/handler.go:763] announced block b8a167b8 to 0 peers in 2.386103365s
[36mgeth_1_1  |[0m I0713 07:28:48.105618 ethash.go:99] Done generating cache for epoch 1, it took 2.372207906s
[33mgeth_2_1  |[0m I0713 07:28:51.992191 p2p/server.go:469] <-taskdone: wait for dial hist expire (29.999988653s)
[33mgeth_2_1  |[0m I0713 07:28:56.572704 core/database_util.go:314] stored block total difficulty [4210d339…]: 3144193
[33mgeth_2_1  |[0m I0713 07:28:56.572772 core/database_util.go:299] stored block body [4210d339…]
[33mgeth_2_1  |[0m I0713 07:28:56.572803 core/database_util.go:284] stored header #2 [4210d339…]
[33mgeth_2_1  |[0m I0713 07:28:56.572952 miner/worker.go:337] 🔨  Mined block (#2 / 4210d339). Wait 5 blocks for confirmation
[33mgeth_2_1  |[0m I0713 07:28:56.573766 eth/handler.go:752] propagated block 4210d339 to 1 peers in 2562047h47m16.854775807s
[33mgeth_2_1  |[0m I0713 07:28:56.573852 eth/handler.go:763] announced block 4210d339 to 1 peers in 2562047h47m16.854775807s
[33mgeth_2_1  |[0m I0713 07:28:56.573874 eth/handler.go:763] announced block 4210d339 to 0 peers in 2562047h47m16.854775807s
[33mgeth_2_1  |[0m I0713 07:28:56.574218 core/database_util.go:349] stored block receipts [4210d339…]
[33mgeth_2_1  |[0m I0713 07:28:56.574583 core/state/state_object.go:160] 86490c1e3d740584bd842f217f4801fe15725d68: #0 15000000000000000000 (+ 5000000000000000000)
[33mgeth_2_1  |[0m I0713 07:28:56.574663 miner/worker.go:555] commit new work on block 3 with 0 txs & 0 uncles. Took 1.68302ms
[36mgeth_1_1  |[0m I0713 07:28:56.574904 eth/fetcher/fetcher.go:731] Peer 158fd040ae5ff3d9: queued block #2 [4210d339…], total 1
[33mgeth_2_1  |[0m I0713 07:28:56.575080 miner/agent.go:118] (re)started agent[0]. mining...
[36mgeth_1_1  |[0m I0713 07:28:56.575449 eth/fetcher/fetcher.go:743] Peer 158fd040ae5ff3d9: importing block #2 [4210d339…]
[36mgeth_1_1  |[0m I0713 07:28:56.580273 eth/handler.go:752] propagated block 4210d339 to 0 peers in 6.170467ms
[33mgeth_2_1  |[0m I0713 07:28:56.588522 core/state/state_object.go:160] 86490c1e3d740584bd842f217f4801fe15725d68: #0 15000000000000000000 (+ 5000000000000000000)
[33mgeth_2_1  |[0m I0713 07:28:56.588603 miner/worker.go:555] commit new work on block 3 with 0 txs & 0 uncles. Took 13.891918ms
[33mgeth_2_1  |[0m I0713 07:28:56.588637 miner/agent.go:118] (re)started agent[0]. mining...
[36mgeth_1_1  |[0m I0713 07:28:56.591565 core/state/state_object.go:160] 86490c1e3d740584bd842f217f4801fe15725d68: #0 10000000000000000000 (+ 5000000000000000000)
[36mgeth_1_1  |[0m I0713 07:28:56.591803 core/database_util.go:349] stored block receipts [4210d339…]
[36mgeth_1_1  |[0m I0713 07:28:56.592302 core/database_util.go:314] stored block total difficulty [4210d339…]: 3144193
[36mgeth_1_1  |[0m I0713 07:28:56.592738 core/database_util.go:299] stored block body [4210d339…]
[36mgeth_1_1  |[0m I0713 07:28:56.593112 core/database_util.go:284] stored header #2 [4210d339…]
[36mgeth_1_1  |[0m I0713 07:28:56.594246 core/blockchain.go:933] [1468394936594226304] inserted block #2 (0 TXs 0 G 0 UNCs) (4210d339...). Took 13.987924ms
[36mgeth_1_1  |[0m I0713 07:28:56.594440 core/blockchain.go:964] imported 1 block(s) (0 queued 0 ignored) including 0 txs in 14.199972ms. #2 [4210d339 / 4210d339]
[36mgeth_1_1  |[0m I0713 07:28:56.594677 core/state/statedb.go:289] (+) ed74fb20ad2abeaf6f4f470f7a122c0b7ad78765
[36mgeth_1_1  |[0m I0713 07:28:56.594744 core/state/state_object.go:160] ed74fb20ad2abeaf6f4f470f7a122c0b7ad78765: #0 5000000000000000000 (+ 5000000000000000000)
[36mgeth_1_1  |[0m I0713 07:28:56.594858 miner/worker.go:555] commit new work on block 3 with 0 txs & 0 uncles. Took 318.945µs
[36mgeth_1_1  |[0m I0713 07:28:56.594929 miner/agent.go:118] (re)started agent[0]. mining...
[36mgeth_1_1  |[0m I0713 07:28:56.596345 eth/handler.go:763] announced block 4210d339 to 0 peers in 22.24292ms
[36mgeth_1_1  |[0m I0713 07:29:06.499162 eth/downloader/downloader.go:1942] Quality of service: rtt 20s, conf 1.000, ttl 1m0s
[33mgeth_2_1  |[0m I0713 07:29:06.562981 eth/downloader/downloader.go:1942] Quality of service: rtt 20s, conf 1.000, ttl 1m0s
[33mgeth_2_1  |[0m I0713 07:29:25.793648 core/database_util.go:314] stored block total difficulty [8b83443d…]: 4192257
[33mgeth_2_1  |[0m I0713 07:29:25.793799 core/database_util.go:299] stored block body [8b83443d…]
[33mgeth_2_1  |[0m I0713 07:29:25.794203 core/database_util.go:284] stored header #3 [8b83443d…]
[33mgeth_2_1  |[0m I0713 07:29:25.794763 miner/worker.go:337] 🔨  Mined block (#3 / 8b83443d). Wait 5 blocks for confirmation
[33mgeth_2_1  |[0m I0713 07:29:25.795447 eth/handler.go:752] propagated block 8b83443d to 1 peers in 2562047h47m16.854775807s
[33mgeth_2_1  |[0m I0713 07:29:25.795616 eth/handler.go:763] announced block 8b83443d to 1 peers in 2562047h47m16.854775807s
[33mgeth_2_1  |[0m I0713 07:29:25.795933 eth/handler.go:763] announced block 8b83443d to 0 peers in 2562047h47m16.854775807s
[33mgeth_2_1  |[0m I0713 07:29:25.796242 core/database_util.go:349] stored block receipts [8b83443d…]
[36mgeth_1_1  |[0m I0713 07:29:25.796660 eth/fetcher/fetcher.go:731] Peer 158fd040ae5ff3d9: queued block #3 [8b83443d…], total 1
[33mgeth_2_1  |[0m I0713 07:29:25.796763 core/state/state_object.go:160] 86490c1e3d740584bd842f217f4801fe15725d68: #0 20000000000000000000 (+ 5000000000000000000)
[36mgeth_1_1  |[0m I0713 07:29:25.797101 eth/fetcher/fetcher.go:743] Peer 158fd040ae5ff3d9: importing block #3 [8b83443d…]
[33mgeth_2_1  |[0m I0713 07:29:25.797489 miner/worker.go:555] commit new work on block 4 with 0 txs & 0 uncles. Took 2.696684ms
[33mgeth_2_1  |[0m I0713 07:29:25.797946 miner/agent.go:118] (re)started agent[0]. mining...
[36mgeth_1_1  |[0m I0713 07:29:25.802118 eth/handler.go:752] propagated block 8b83443d to 0 peers in 6.21169ms
[36mgeth_1_1  |[0m I0713 07:29:25.812202 core/state/state_object.go:160] 86490c1e3d740584bd842f217f4801fe15725d68: #0 15000000000000000000 (+ 5000000000000000000)
[33mgeth_2_1  |[0m I0713 07:29:25.812877 core/state/state_object.go:160] 86490c1e3d740584bd842f217f4801fe15725d68: #0 20000000000000000000 (+ 5000000000000000000)
[33mgeth_2_1  |[0m I0713 07:29:25.812988 miner/worker.go:555] commit new work on block 4 with 0 txs & 0 uncles. Took 15.441973ms
[33mgeth_2_1  |[0m I0713 07:29:25.813034 miner/agent.go:118] (re)started agent[0]. mining...
[36mgeth_1_1  |[0m I0713 07:29:25.812907 core/database_util.go:349] stored block receipts [8b83443d…]
[36mgeth_1_1  |[0m I0713 07:29:25.813871 core/database_util.go:314] stored block total difficulty [8b83443d…]: 4192257
[36mgeth_1_1  |[0m I0713 07:29:25.814262 core/database_util.go:299] stored block body [8b83443d…]
[36mgeth_1_1  |[0m I0713 07:29:25.814716 core/database_util.go:284] stored header #3 [8b83443d…]
[36mgeth_1_1  |[0m I0713 07:29:25.815350 core/blockchain.go:933] [1468394965814927309] inserted block #3 (0 TXs 0 G 0 UNCs) (8b83443d...). Took 12.840817ms
[36mgeth_1_1  |[0m I0713 07:29:25.816078 core/blockchain.go:964] imported 1 block(s) (0 queued 0 ignored) including 0 txs in 13.977616ms. #3 [8b83443d / 8b83443d]
[36mgeth_1_1  |[0m I0713 07:29:25.816673 core/state/statedb.go:289] (+) ed74fb20ad2abeaf6f4f470f7a122c0b7ad78765
[36mgeth_1_1  |[0m I0713 07:29:25.817298 core/state/state_object.go:160] ed74fb20ad2abeaf6f4f470f7a122c0b7ad78765: #0 5000000000000000000 (+ 5000000000000000000)
[36mgeth_1_1  |[0m I0713 07:29:25.817754 miner/worker.go:555] commit new work on block 4 with 0 txs & 0 uncles. Took 1.278602ms
[36mgeth_1_1  |[0m I0713 07:29:25.818752 eth/handler.go:763] announced block 8b83443d to 0 peers in 22.219754ms
[36mgeth_1_1  |[0m I0713 07:29:25.819169 miner/agent.go:118] (re)started agent[0]. mining...
[36mgeth_1_1  |[0m I0713 07:29:26.499969 eth/downloader/downloader.go:1942] Quality of service: rtt 20s, conf 1.000, ttl 1m0s
[33mgeth_2_1  |[0m I0713 07:29:26.565037 eth/downloader/downloader.go:1942] Quality of service: rtt 20s, conf 1.000, ttl 1m0s
[33mgeth_2_1  |[0m I0713 07:29:36.020221 core/database_util.go:314] stored block total difficulty [8a426290…]: 5239810
[33mgeth_2_1  |[0m I0713 07:29:36.020291 core/database_util.go:299] stored block body [8a426290…]
[33mgeth_2_1  |[0m I0713 07:29:36.020327 core/database_util.go:284] stored header #4 [8a426290…]
[33mgeth_2_1  |[0m I0713 07:29:36.021455 core/state/state_object.go:160] 86490c1e3d740584bd842f217f4801fe15725d68: #0 25000000000000000000 (+ 5000000000000000000)
[33mgeth_2_1  |[0m I0713 07:29:36.021526 miner/worker.go:555] commit new work on block 5 with 0 txs & 0 uncles. Took 225.449µs
[33mgeth_2_1  |[0m I0713 07:29:36.021558 miner/agent.go:118] (re)started agent[0]. mining...
[33mgeth_2_1  |[0m I0713 07:29:36.032775 miner/worker.go:337] 🔨  Mined block (#4 / 8a426290). Wait 5 blocks for confirmation
[33mgeth_2_1  |[0m I0713 07:29:36.032906 core/state/state_object.go:160] 86490c1e3d740584bd842f217f4801fe15725d68: #0 25000000000000000000 (+ 5000000000000000000)
[33mgeth_2_1  |[0m I0713 07:29:36.033082 miner/worker.go:555] commit new work on block 5 with 0 txs & 0 uncles. Took 257.611µs
[33mgeth_2_1  |[0m I0713 07:29:36.033114 miner/agent.go:118] (re)started agent[0]. mining...
[36mgeth_1_1  |[0m I0713 07:29:36.042936 eth/fetcher/fetcher.go:731] Peer 158fd040ae5ff3d9: queued block #4 [8a426290…], total 1
[36mgeth_1_1  |[0m I0713 07:29:36.043005 eth/fetcher/fetcher.go:743] Peer 158fd040ae5ff3d9: importing block #4 [8a426290…]
[36mgeth_1_1  |[0m I0713 07:29:36.047724 eth/handler.go:752] propagated block 8a426290 to 0 peers in 4.851191ms
[33mgeth_2_1  |[0m I0713 07:29:36.048510 eth/handler.go:752] propagated block 8a426290 to 1 peers in 2562047h47m16.854775807s
[33mgeth_2_1  |[0m I0713 07:29:36.048665 eth/handler.go:763] announced block 8a426290 to 1 peers in 2562047h47m16.854775807s
[33mgeth_2_1  |[0m I0713 07:29:36.048690 eth/handler.go:763] announced block 8a426290 to 0 peers in 2562047h47m16.854775807s
[33mgeth_2_1  |[0m I0713 07:29:36.049311 core/database_util.go:349] stored block receipts [8a426290…]
[36mgeth_1_1  |[0m I0713 07:29:36.064776 core/state/state_object.go:160] 86490c1e3d740584bd842f217f4801fe15725d68: #0 20000000000000000000 (+ 5000000000000000000)
[36mgeth_1_1  |[0m I0713 07:29:36.065009 core/database_util.go:349] stored block receipts [8a426290…]
[36mgeth_1_1  |[0m I0713 07:29:36.065486 core/database_util.go:314] stored block total difficulty [8a426290…]: 5239810
[36mgeth_1_1  |[0m I0713 07:29:36.065557 core/database_util.go:299] stored block body [8a426290…]
[36mgeth_1_1  |[0m I0713 07:29:36.065590 core/database_util.go:284] stored header #4 [8a426290…]
[36mgeth_1_1  |[0m I0713 07:29:36.065614 core/blockchain.go:933] [1468394976065608198] inserted block #4 (0 TXs 0 G 0 UNCs) (8a426290...). Took 17.915241ms
[36mgeth_1_1  |[0m I0713 07:29:36.065678 core/blockchain.go:964] imported 1 block(s) (0 queued 0 ignored) including 0 txs in 17.9856ms. #4 [8a426290 / 8a426290]
[36mgeth_1_1  |[0m I0713 07:29:36.065883 core/state/statedb.go:289] (+) ed74fb20ad2abeaf6f4f470f7a122c0b7ad78765
[36mgeth_1_1  |[0m I0713 07:29:36.065907 core/state/state_object.go:160] ed74fb20ad2abeaf6f4f470f7a122c0b7ad78765: #0 5000000000000000000 (+ 5000000000000000000)
[36mgeth_1_1  |[0m I0713 07:29:36.065967 miner/worker.go:555] commit new work on block 5 with 0 txs & 0 uncles. Took 234.112µs
[36mgeth_1_1  |[0m I0713 07:29:36.065997 miner/agent.go:118] (re)started agent[0]. mining...
[36mgeth_1_1  |[0m I0713 07:29:36.066270 eth/handler.go:763] announced block 8a426290 to 0 peers in 23.398747ms
[36mgeth_1_1  |[0m I0713 07:29:42.899443 core/database_util.go:314] stored block total difficulty [5f3b8d49…]: 6287874
[36mgeth_1_1  |[0m I0713 07:29:42.899883 core/database_util.go:299] stored block body [5f3b8d49…]
[36mgeth_1_1  |[0m I0713 07:29:42.900184 core/database_util.go:284] stored header #5 [5f3b8d49…]
[36mgeth_1_1  |[0m I0713 07:29:42.900799 miner/worker.go:337] 🔨  Mined block (#5 / 5f3b8d49). Wait 5 blocks for confirmation
[33mgeth_2_1  |[0m I0713 07:29:42.901481 eth/fetcher/fetcher.go:731] Peer 6d46ac19e79b0ddb: queued block #5 [5f3b8d49…], total 1
[33mgeth_2_1  |[0m I0713 07:29:42.901849 eth/fetcher/fetcher.go:743] Peer 6d46ac19e79b0ddb: importing block #5 [5f3b8d49…]
[33mgeth_2_1  |[0m I0713 07:29:42.906129 eth/handler.go:752] propagated block 5f3b8d49 to 0 peers in 4.737474ms
[36mgeth_1_1  |[0m I0713 07:29:42.906406 eth/handler.go:752] propagated block 5f3b8d49 to 1 peers in 2562047h47m16.854775807s
[36mgeth_1_1  |[0m I0713 07:29:42.907188 eth/handler.go:763] announced block 5f3b8d49 to 1 peers in 2562047h47m16.854775807s
[36mgeth_1_1  |[0m I0713 07:29:42.907383 eth/handler.go:763] announced block 5f3b8d49 to 0 peers in 2562047h47m16.854775807s
[36mgeth_1_1  |[0m I0713 07:29:42.907721 core/database_util.go:349] stored block receipts [5f3b8d49…]
[36mgeth_1_1  |[0m I0713 07:29:42.908169 core/state/state_object.go:160] ed74fb20ad2abeaf6f4f470f7a122c0b7ad78765: #0 10000000000000000000 (+ 5000000000000000000)
[36mgeth_1_1  |[0m I0713 07:29:42.908428 miner/worker.go:555] commit new work on block 6 with 0 txs & 0 uncles. Took 7.508472ms
[36mgeth_1_1  |[0m I0713 07:29:42.908823 core/state/state_object.go:160] ed74fb20ad2abeaf6f4f470f7a122c0b7ad78765: #0 10000000000000000000 (+ 5000000000000000000)
[33mgeth_2_1  |[0m I0713 07:29:42.923586 core/state/statedb.go:289] (+) ed74fb20ad2abeaf6f4f470f7a122c0b7ad78765
[36mgeth_1_1  |[0m I0713 07:29:42.909158 miner/worker.go:555] commit new work on block 6 with 0 txs & 0 uncles. Took 478.219µs
[36mgeth_1_1  |[0m I0713 07:29:42.909008 miner/agent.go:118] (re)started agent[0]. mining...
[36mgeth_1_1  |[0m I0713 07:29:42.909631 miner/agent.go:118] (re)started agent[0]. mining...
[33mgeth_2_1  |[0m I0713 07:29:42.929422 core/state/state_object.go:160] ed74fb20ad2abeaf6f4f470f7a122c0b7ad78765: #0 5000000000000000000 (+ 5000000000000000000)
[33mgeth_2_1  |[0m I0713 07:29:42.930105 core/database_util.go:349] stored block receipts [5f3b8d49…]
[33mgeth_2_1  |[0m I0713 07:29:42.930493 core/database_util.go:314] stored block total difficulty [5f3b8d49…]: 6287874
[33mgeth_2_1  |[0m I0713 07:29:42.930675 core/database_util.go:299] stored block body [5f3b8d49…]
[33mgeth_2_1  |[0m I0713 07:29:42.930930 core/database_util.go:284] stored header #5 [5f3b8d49…]
[33mgeth_2_1  |[0m I0713 07:29:42.931130 core/blockchain.go:933] [1468394982931117460] inserted block #5 (0 TXs 0 G 0 UNCs) (5f3b8d49...). Took 25.020233ms
[33mgeth_2_1  |[0m I0713 07:29:42.931603 core/blockchain.go:964] imported 1 block(s) (0 queued 0 ignored) including 0 txs in 25.496746ms. #5 [5f3b8d49 / 5f3b8d49]
[33mgeth_2_1  |[0m I0713 07:29:42.932126 eth/handler.go:763] announced block 5f3b8d49 to 0 peers in 30.734086ms
[33mgeth_2_1  |[0m I0713 07:29:42.934291 core/state/state_object.go:160] 86490c1e3d740584bd842f217f4801fe15725d68: #0 25000000000000000000 (+ 5000000000000000000)
[33mgeth_2_1  |[0m I0713 07:29:42.934758 miner/worker.go:555] commit new work on block 6 with 0 txs & 0 uncles. Took 680.208µs
[33mgeth_2_1  |[0m I0713 07:29:42.935024 miner/agent.go:118] (re)started agent[0]. mining...
[36mgeth_1_1  |[0m I0713 07:29:46.500565 eth/downloader/downloader.go:1942] Quality of service: rtt 20s, conf 1.000, ttl 1m0s
[33mgeth_2_1  |[0m I0713 07:29:46.566213 eth/downloader/downloader.go:1942] Quality of service: rtt 20s, conf 1.000, ttl 1m0s
[36mgeth_1_1  |[0m I0713 07:30:06.501653 eth/downloader/downloader.go:1942] Quality of service: rtt 20s, conf 1.000, ttl 1m0s
[33mgeth_2_1  |[0m I0713 07:30:06.566857 eth/downloader/downloader.go:1942] Quality of service: rtt 20s, conf 1.000, ttl 1m0s
[36mgeth_1_1  |[0m I0713 07:30:20.254352 eth/gasprice.go:162] Processed block #0, base price is 19802200000
[36mgeth_1_1  |[0m I0713 07:30:20.254591 eth/gasprice.go:162] Processed block #1, base price is 19599821516
[36mgeth_1_1  |[0m I0713 07:30:20.254732 eth/gasprice.go:162] Processed block #2, base price is 19412643220
[36mgeth_1_1  |[0m I0713 07:30:20.254785 eth/gasprice.go:162] Processed block #3, base price is 19218128534
[36mgeth_1_1  |[0m I0713 07:30:20.254830 eth/gasprice.go:162] Processed block #4, base price is 19014416371
[36mgeth_1_1  |[0m I0713 07:30:20.255312 eth/gasprice.go:162] Processed block #5, base price is 18826363793
[36mgeth_1_1  |[0m I0713 07:30:20.261081 core/tx_pool.go:303] (t) 6564373466623230 => 86490c1e (0x54d620) 1ad18212b082acb69a8bae6daf47fa07762e421a6049200b3616c28facea15d0
[36mgeth_1_1  |[0m I0713 07:30:20.261256 eth/api.go:1193] Tx(0x1ad18212b082acb69a8bae6daf47fa07762e421a6049200b3616c28facea15d0) to: 0x86490c1e3d740584bd842f217f4801fe15725d68
[36mgeth_1_1  |[0m I0713 07:30:20.262542 eth/handler.go:776] broadcast tx to 1 peers
[36mgeth_1_1  |[0m I0713 07:30:20.263807 core/state/state_object.go:168] ed74fb20ad2abeaf6f4f470f7a122c0b7ad78765: #0 9998136189984520000 (- 1863810015480000)
[36mgeth_1_1  |[0m I0713 07:30:20.264035 core/state/state_object.go:168] ed74fb20ad2abeaf6f4f470f7a122c0b7ad78765: #1 9998136189984519000 (- 1000)
[36mgeth_1_1  |[0m I0713 07:30:20.264094 core/state/state_object.go:160] 86490c1e3d740584bd842f217f4801fe15725d68: #0 20000000000000001000 (+ 1000)
[36mgeth_1_1  |[0m I0713 07:30:20.264131 core/state/state_object.go:160] ed74fb20ad2abeaf6f4f470f7a122c0b7ad78765: #1 9999565110996387000 (+ 1428921011868000)
[36mgeth_1_1  |[0m I0713 07:30:20.264155 core/state/state_object.go:160] ed74fb20ad2abeaf6f4f470f7a122c0b7ad78765: #1 9999565110996387000 (+ 0)
[36mgeth_1_1  |[0m I0713 07:30:20.264178 core/state/state_object.go:160] ed74fb20ad2abeaf6f4f470f7a122c0b7ad78765: #1 9999999999999999000 (+ 434889003612000)
[36mgeth_1_1  |[0m I0713 07:30:20.264268 core/state_processor.go:108] receipt{med=c276f86f62587d0f4ab40231a7f07b14a78ca453c6d47d6d66ec4aa02b94fb7c cgas=21000 bloom=00000000000000000000000000000000000000000000000000000000000000000000000000000000000000000000000000000000000000000000000000000000000000000000000000000000000000000000000000000000000000000000000000000000000000000000000000000000000000000000000000000000000000000000000000000000000000000000000000000000000000000000000000000000000000000000000000000000000000000000000000000000000000000000000000000000000000000000000000000000000000000000000000000000000000000000000000000000000000000000000000000000000000000000000000000000 logs=[]}
[33mgeth_2_1  |[0m I0713 07:30:20.265250 core/tx_pool.go:303] (t) 6564373466623230 => 86490c1e (0x54d620) 1ad18212b082acb69a8bae6daf47fa07762e421a6049200b3616c28facea15d0
[33mgeth_2_1  |[0m I0713 07:30:20.265303 core/tx_pool.go:360] tx 1ad18212
[33mgeth_2_1  |[0m I0713 07:30:20.265745 core/state/state_object.go:168] ed74fb20ad2abeaf6f4f470f7a122c0b7ad78765: #0 4998136189984520000 (- 1863810015480000)
[33mgeth_2_1  |[0m I0713 07:30:20.266341 eth/handler.go:776] broadcast tx to 0 peers
[33mgeth_2_1  |[0m I0713 07:30:20.265924 core/state/state_object.go:168] ed74fb20ad2abeaf6f4f470f7a122c0b7ad78765: #1 4998136189984519000 (- 1000)
[33mgeth_2_1  |[0m I0713 07:30:20.266401 core/state/state_object.go:160] 86490c1e3d740584bd842f217f4801fe15725d68: #0 25000000000000001000 (+ 1000)
[33mgeth_2_1  |[0m I0713 07:30:20.266430 core/state/state_object.go:160] ed74fb20ad2abeaf6f4f470f7a122c0b7ad78765: #1 4999565110996387000 (+ 1428921011868000)
[33mgeth_2_1  |[0m I0713 07:30:20.266444 core/state/state_object.go:160] ed74fb20ad2abeaf6f4f470f7a122c0b7ad78765: #1 4999565110996387000 (+ 0)
[33mgeth_2_1  |[0m I0713 07:30:20.266454 core/state/state_object.go:160] 86490c1e3d740584bd842f217f4801fe15725d68: #0 25000434889003613000 (+ 434889003612000)
[33mgeth_2_1  |[0m I0713 07:30:20.266544 core/state_processor.go:108] receipt{med=53887486767075f38ff0a3e102f4f945c9186e0417aa16e18d98d9cb2b631dc9 cgas=21000 bloom=00000000000000000000000000000000000000000000000000000000000000000000000000000000000000000000000000000000000000000000000000000000000000000000000000000000000000000000000000000000000000000000000000000000000000000000000000000000000000000000000000000000000000000000000000000000000000000000000000000000000000000000000000000000000000000000000000000000000000000000000000000000000000000000000000000000000000000000000000000000000000000000000000000000000000000000000000000000000000000000000000000000000000000000000000000000 logs=[]}
[36mgeth_1_1  |[0m I0713 07:30:26.502214 eth/downloader/downloader.go:1942] Quality of service: rtt 20s, conf 1.000, ttl 1m0s
[33mgeth_2_1  |[0m I0713 07:30:26.567834 eth/downloader/downloader.go:1942] Quality of service: rtt 20s, conf 1.000, ttl 1m0s
[36mgeth_1_1  |[0m I0713 07:30:46.504762 eth/downloader/downloader.go:1942] Quality of service: rtt 20s, conf 1.000, ttl 1m0s
[33mgeth_2_1  |[0m I0713 07:30:46.575124 eth/downloader/downloader.go:1942] Quality of service: rtt 20s, conf 1.000, ttl 1m0s
[36mgeth_1_1  |[0m I0713 07:30:51.086759 miner/miner.go:119] Starting mining operation (CPU=2 TOT=3)
[36mgeth_1_1  |[0m I0713 07:30:51.087481 core/state/state_object.go:168] ed74fb20ad2abeaf6f4f470f7a122c0b7ad78765: #0 4998136189984520000 (- 1863810015480000)
[36mgeth_1_1  |[0m I0713 07:30:51.087705 core/state/state_object.go:168] ed74fb20ad2abeaf6f4f470f7a122c0b7ad78765: #1 4998136189984519000 (- 1000)
[36mgeth_1_1  |[0m I0713 07:30:51.087934 core/state/state_object.go:160] 86490c1e3d740584bd842f217f4801fe15725d68: #0 20000000000000001000 (+ 1000)
[36mgeth_1_1  |[0m I0713 07:30:51.088209 core/state/state_object.go:160] ed74fb20ad2abeaf6f4f470f7a122c0b7ad78765: #1 4999565110996387000 (+ 1428921011868000)
[36mgeth_1_1  |[0m I0713 07:30:51.088357 core/state/state_object.go:160] ed74fb20ad2abeaf6f4f470f7a122c0b7ad78765: #1 4999565110996387000 (+ 0)
[36mgeth_1_1  |[0m I0713 07:30:51.088378 core/state/state_object.go:160] ed74fb20ad2abeaf6f4f470f7a122c0b7ad78765: #1 4999999999999999000 (+ 434889003612000)
[36mgeth_1_1  |[0m I0713 07:30:51.088874 core/state_processor.go:108] receipt{med=7cbfe93c81561c076bdb9cb1ac7b6ffca9c7ef72c5f54ccc4a78f614a3049c5a cgas=21000 bloom=00000000000000000000000000000000000000000000000000000000000000000000000000000000000000000000000000000000000000000000000000000000000000000000000000000000000000000000000000000000000000000000000000000000000000000000000000000000000000000000000000000000000000000000000000000000000000000000000000000000000000000000000000000000000000000000000000000000000000000000000000000000000000000000000000000000000000000000000000000000000000000000000000000000000000000000000000000000000000000000000000000000000000000000000000000000 logs=[]}
[36mgeth_1_1  |[0m I0713 07:30:51.089113 core/state/state_object.go:160] ed74fb20ad2abeaf6f4f470f7a122c0b7ad78765: #1 9999999999999999000 (+ 5000000000000000000)
[36mgeth_1_1  |[0m I0713 07:30:51.089568 miner/worker.go:555] commit new work on block 6 with 1 txs & 0 uncles. Took 2.758903ms
[36mgeth_1_1  |[0m I0713 07:30:51.089670 miner/agent.go:118] (re)started agent[0]. mining...
[36mgeth_1_1  |[0m I0713 07:30:51.091663 miner/agent.go:118] (re)started agent[1]. mining...
[36mgeth_1_1  |[0m I0713 07:31:06.507970 eth/downloader/downloader.go:1942] Quality of service: rtt 20s, conf 1.000, ttl 1m0s
[33mgeth_2_1  |[0m I0713 07:31:06.576622 eth/downloader/downloader.go:1942] Quality of service: rtt 20s, conf 1.000, ttl 1m0s
[36mgeth_1_1  |[0m I0713 07:31:08.702956 core/database_util.go:314] stored block total difficulty [9cd0ae05…]: 7335427
[36mgeth_1_1  |[0m I0713 07:31:08.703595 core/database_util.go:299] stored block body [9cd0ae05…]
[36mgeth_1_1  |[0m I0713 07:31:08.704214 core/database_util.go:284] stored header #6 [9cd0ae05…]
[36mgeth_1_1  |[0m I0713 07:31:08.704827 miner/worker.go:337] 🔨  Mined block (#6 / 9cd0ae05). Wait 5 blocks for confirmation
[36mgeth_1_1  |[0m I0713 07:31:08.705229 core/tx_pool.go:547] removed tx (
[36mgeth_1_1  |[0m 	TX(1ad18212b082acb69a8bae6daf47fa07762e421a6049200b3616c28facea15d0)
[36mgeth_1_1  |[0m 	Contract: false
[36mgeth_1_1  |[0m 	From:     ed74fb20ad2abeaf6f4f470f7a122c0b7ad78765
[36mgeth_1_1  |[0m 	To:       86490c1e3d740584bd842f217f4801fe15725d68
[36mgeth_1_1  |[0m 	Nonce:    0
[36mgeth_1_1  |[0m 	GasPrice: 20709000172
[36mgeth_1_1  |[0m 	GasLimit  90000
[36mgeth_1_1  |[0m 	Value:    1000
[36mgeth_1_1  |[0m 	Data:     0x
[36mgeth_1_1  |[0m 	V:        0x1c
[36mgeth_1_1  |[0m 	R:        0x1727ecba4a4ae1a6b638b814046893761d4cd6a309280c925184d62f5d00dab7
[36mgeth_1_1  |[0m 	S:        0x7bb2c356ee31b21732684a1059efb93adaaa8b8519fd8f51e35a8b7887f41a00
[36mgeth_1_1  |[0m 	Hex:      f867808504d25a43ec83015f909486490c1e3d740584bd842f217f4801fe15725d688203e8801ca01727ecba4a4ae1a6b638b814046893761d4cd6a309280c925184d62f5d00dab7a07bb2c356ee31b21732684a1059efb93adaaa8b8519fd8f51e35a8b7887f41a00
[36mgeth_1_1  |[0m ) from pool: low tx nonce or out of funds
[36mgeth_1_1  |[0m I0713 07:31:08.705646 core/state/state_object.go:160] ed74fb20ad2abeaf6f4f470f7a122c0b7ad78765: #1 14999999999999999000 (+ 5000000000000000000)
[36mgeth_1_1  |[0m I0713 07:31:08.706031 miner/worker.go:555] commit new work on block 7 with 0 txs & 0 uncles. Took 921.509µs
[36mgeth_1_1  |[0m I0713 07:31:08.706310 miner/agent.go:118] (re)started agent[1]. mining...
[36mgeth_1_1  |[0m I0713 07:31:08.710719 core/state/state_object.go:160] ed74fb20ad2abeaf6f4f470f7a122c0b7ad78765: #1 14999999999999999000 (+ 5000000000000000000)
[36mgeth_1_1  |[0m I0713 07:31:08.710840 miner/worker.go:555] commit new work on block 7 with 0 txs & 0 uncles. Took 237.011µs
[36mgeth_1_1  |[0m I0713 07:31:08.710882 miner/agent.go:118] (re)started agent[1]. mining...
[36mgeth_1_1  |[0m I0713 07:31:08.711447 miner/agent.go:118] (re)started agent[0]. mining...
[36mgeth_1_1  |[0m I0713 07:31:08.864092 core/database_util.go:314] stored block total difficulty [4c327af2…]: 8382469
[36mgeth_1_1  |[0m I0713 07:31:08.865291 core/database_util.go:299] stored block body [4c327af2…]
[36mgeth_1_1  |[0m I0713 07:31:08.866804 core/database_util.go:284] stored header #7 [4c327af2…]
[36mgeth_1_1  |[0m I0713 07:31:08.868686 miner/worker.go:337] 🔨  Mined block (#7 / 4c327af2). Wait 5 blocks for confirmation
[36mgeth_1_1  |[0m I0713 07:31:08.869345 core/state/state_object.go:160] ed74fb20ad2abeaf6f4f470f7a122c0b7ad78765: #1 19999999999999999000 (+ 5000000000000000000)
[36mgeth_1_1  |[0m I0713 07:31:08.869907 miner/worker.go:555] commit new work on block 8 with 0 txs & 0 uncles. Took 693.751µs
[36mgeth_1_1  |[0m I0713 07:31:08.870774 miner/agent.go:118] (re)started agent[1]. mining...
[33mgeth_2_1  |[0m I0713 07:31:08.871540 eth/fetcher/fetcher.go:731] Peer 6d46ac19e79b0ddb: queued block #6 [9cd0ae05…], total 1
[36mgeth_1_1  |[0m I0713 07:31:08.881731 eth/handler.go:752] propagated block 9cd0ae05 to 1 peers in 2562047h47m16.854775807s
[33mgeth_2_1  |[0m I0713 07:31:08.871670 eth/fetcher/fetcher.go:743] Peer 6d46ac19e79b0ddb: importing block #6 [9cd0ae05…]
[33mgeth_2_1  |[0m I0713 07:31:08.877299 eth/handler.go:752] propagated block 9cd0ae05 to 0 peers in 5.838353ms
[36mgeth_1_1  |[0m I0713 07:31:08.881990 eth/handler.go:763] announced block 9cd0ae05 to 1 peers in 2562047h47m16.854775807s
[36mgeth_1_1  |[0m I0713 07:31:08.882361 eth/handler.go:763] announced block 9cd0ae05 to 0 peers in 2562047h47m16.854775807s
[36mgeth_1_1  |[0m I0713 07:31:08.882554 core/database_util.go:349] stored block receipts [9cd0ae05…]
[36mgeth_1_1  |[0m I0713 07:31:08.883460 eth/gasprice.go:162] Processed block #6, base price is 18650525555
[36mgeth_1_1  |[0m I0713 07:31:08.884139 core/state/state_object.go:160] ed74fb20ad2abeaf6f4f470f7a122c0b7ad78765: #1 19999999999999999000 (+ 5000000000000000000)
[36mgeth_1_1  |[0m I0713 07:31:08.884263 miner/worker.go:555] commit new work on block 8 with 0 txs & 0 uncles. Took 237.811µs
[36mgeth_1_1  |[0m I0713 07:31:08.884331 miner/agent.go:118] (re)started agent[1]. mining...
[36mgeth_1_1  |[0m I0713 07:31:08.884764 miner/agent.go:118] (re)started agent[0]. mining...
[33mgeth_2_1  |[0m I0713 07:31:08.895465 core/state/state_object.go:168] ed74fb20ad2abeaf6f4f470f7a122c0b7ad78765: #0 4998136189984520000 (- 1863810015480000)
[33mgeth_2_1  |[0m I0713 07:31:08.895652 core/state/state_object.go:168] ed74fb20ad2abeaf6f4f470f7a122c0b7ad78765: #1 4998136189984519000 (- 1000)
[33mgeth_2_1  |[0m I0713 07:31:08.895678 core/state/state_object.go:160] 86490c1e3d740584bd842f217f4801fe15725d68: #0 20000000000000001000 (+ 1000)
[33mgeth_2_1  |[0m I0713 07:31:08.895725 core/state/state_object.go:160] ed74fb20ad2abeaf6f4f470f7a122c0b7ad78765: #1 4999565110996387000 (+ 1428921011868000)
[33mgeth_2_1  |[0m I0713 07:31:08.895746 core/state/state_object.go:160] ed74fb20ad2abeaf6f4f470f7a122c0b7ad78765: #1 4999565110996387000 (+ 0)
[33mgeth_2_1  |[0m I0713 07:31:08.895761 core/state/state_object.go:160] ed74fb20ad2abeaf6f4f470f7a122c0b7ad78765: #1 4999999999999999000 (+ 434889003612000)
[33mgeth_2_1  |[0m I0713 07:31:08.895868 core/state_processor.go:108] receipt{med=7cbfe93c81561c076bdb9cb1ac7b6ffca9c7ef72c5f54ccc4a78f614a3049c5a cgas=21000 bloom=00000000000000000000000000000000000000000000000000000000000000000000000000000000000000000000000000000000000000000000000000000000000000000000000000000000000000000000000000000000000000000000000000000000000000000000000000000000000000000000000000000000000000000000000000000000000000000000000000000000000000000000000000000000000000000000000000000000000000000000000000000000000000000000000000000000000000000000000000000000000000000000000000000000000000000000000000000000000000000000000000000000000000000000000000000000 logs=[]}
[33mgeth_2_1  |[0m I0713 07:31:08.895932 core/state/state_object.go:160] ed74fb20ad2abeaf6f4f470f7a122c0b7ad78765: #1 9999999999999999000 (+ 5000000000000000000)
[33mgeth_2_1  |[0m I0713 07:31:08.896834 core/database_util.go:349] stored block receipts [9cd0ae05…]
[33mgeth_2_1  |[0m I0713 07:31:08.897491 core/database_util.go:314] stored block total difficulty [9cd0ae05…]: 7335427
[33mgeth_2_1  |[0m I0713 07:31:08.897549 core/database_util.go:299] stored block body [9cd0ae05…]
[33mgeth_2_1  |[0m I0713 07:31:08.897584 core/database_util.go:284] stored header #6 [9cd0ae05…]
[33mgeth_2_1  |[0m I0713 07:31:08.897607 core/blockchain.go:933] [1468395068897601333] inserted block #6 (1 TXs 21000 G 0 UNCs) (9cd0ae05...). Took 20.334977ms
[33mgeth_2_1  |[0m I0713 07:31:08.897686 core/blockchain.go:964] imported 1 block(s) (0 queued 0 ignored) including 1 txs in 20.428198ms. #6 [9cd0ae05 / 9cd0ae05]
[33mgeth_2_1  |[0m I0713 07:31:08.899570 core/tx_pool.go:547] removed tx (
[33mgeth_2_1  |[0m 	TX(1ad18212b082acb69a8bae6daf47fa07762e421a6049200b3616c28facea15d0)
[33mgeth_2_1  |[0m 	Contract: false
[33mgeth_2_1  |[0m 	From:     ed74fb20ad2abeaf6f4f470f7a122c0b7ad78765
[33mgeth_2_1  |[0m 	To:       86490c1e3d740584bd842f217f4801fe15725d68
[33mgeth_2_1  |[0m 	Nonce:    0
[33mgeth_2_1  |[0m 	GasPrice: 20709000172
[33mgeth_2_1  |[0m 	GasLimit  90000
[33mgeth_2_1  |[0m 	Value:    1000
[33mgeth_2_1  |[0m 	Data:     0x
[33mgeth_2_1  |[0m 	V:        0x1c
[33mgeth_2_1  |[0m 	R:        0x1727ecba4a4ae1a6b638b814046893761d4cd6a309280c925184d62f5d00dab7
[33mgeth_2_1  |[0m 	S:        0x7bb2c356ee31b21732684a1059efb93adaaa8b8519fd8f51e35a8b7887f41a00
[33mgeth_2_1  |[0m 	Hex:      f867808504d25a43ec83015f909486490c1e3d740584bd842f217f4801fe15725d688203e8801ca01727ecba4a4ae1a6b638b814046893761d4cd6a309280c925184d62f5d00dab7a07bb2c356ee31b21732684a1059efb93adaaa8b8519fd8f51e35a8b7887f41a00
[33mgeth_2_1  |[0m ) from pool: low tx nonce or out of funds
[33mgeth_2_1  |[0m I0713 07:31:08.914399 eth/handler.go:763] announced block 9cd0ae05 to 0 peers in 42.931419ms
[36mgeth_1_1  |[0m I0713 07:31:08.946200 miner/agent.go:118] (re)started agent[0]. mining...
[33mgeth_2_1  |[0m I0713 07:31:08.947829 eth/fetcher/fetcher.go:731] Peer 6d46ac19e79b0ddb: queued block #7 [4c327af2…], total 1
[33mgeth_2_1  |[0m I0713 07:31:08.947939 eth/fetcher/fetcher.go:743] Peer 6d46ac19e79b0ddb: importing block #7 [4c327af2…]
[36mgeth_1_1  |[0m I0713 07:31:08.956610 eth/handler.go:752] propagated block 4c327af2 to 1 peers in 2562047h47m16.854775807s
[36mgeth_1_1  |[0m I0713 07:31:08.957796 eth/handler.go:763] announced block 4c327af2 to 1 peers in 2562047h47m16.854775807s
[36mgeth_1_1  |[0m I0713 07:31:08.957877 eth/handler.go:763] announced block 4c327af2 to 0 peers in 2562047h47m16.854775807s
[36mgeth_1_1  |[0m I0713 07:31:08.958089 core/database_util.go:349] stored block receipts [4c327af2…]
[36mgeth_1_1  |[0m I0713 07:31:08.958194 eth/gasprice.go:162] Processed block #7, base price is 18453016489
[33mgeth_2_1  |[0m I0713 07:31:08.974860 core/state/state_object.go:160] ed74fb20ad2abeaf6f4f470f7a122c0b7ad78765: #1 14999999999999999000 (+ 5000000000000000000)
[33mgeth_2_1  |[0m I0713 07:31:08.975130 core/database_util.go:349] stored block receipts [4c327af2…]
[33mgeth_2_1  |[0m I0713 07:31:08.975748 core/database_util.go:314] stored block total difficulty [4c327af2…]: 8382469
[33mgeth_2_1  |[0m I0713 07:31:08.976281 core/database_util.go:299] stored block body [4c327af2…]
[33mgeth_2_1  |[0m I0713 07:31:08.977068 core/database_util.go:284] stored header #7 [4c327af2…]
[33mgeth_2_1  |[0m I0713 07:31:08.977125 core/blockchain.go:933] [1468395068977114591] inserted block #7 (0 TXs 0 G 0 UNCs) (4c327af2...). Took 13.663466ms
[33mgeth_2_1  |[0m I0713 07:31:08.977253 core/blockchain.go:964] imported 1 block(s) (0 queued 0 ignored) including 0 txs in 13.771468ms. #7 [4c327af2 / 4c327af2]
[33mgeth_2_1  |[0m I0713 07:31:08.963505 eth/handler.go:752] propagated block 4c327af2 to 0 peers in 15.83926ms
[33mgeth_2_1  |[0m I0713 07:31:08.984569 eth/handler.go:763] announced block 4c327af2 to 0 peers in 36.904835ms
[33mgeth_2_1  |[0m I0713 07:31:08.984721 eth/handler.go:763] announced block 4c327af2 to 0 peers in 37.062451ms
[36mgeth_1_1  |[0m I0713 07:31:09.581944 miner/agent.go:118] (re)started agent[0]. mining...
[36mgeth_1_1  |[0m I0713 07:31:15.331306 core/database_util.go:314] stored block total difficulty [b1b42cc7…]: 9430022
[36mgeth_1_1  |[0m I0713 07:31:15.331793 core/database_util.go:299] stored block body [b1b42cc7…]
[36mgeth_1_1  |[0m I0713 07:31:15.332190 core/database_util.go:284] stored header #8 [b1b42cc7…]
[36mgeth_1_1  |[0m I0713 07:31:15.332433 miner/worker.go:337] 🔨  Mined block (#8 / b1b42cc7). Wait 5 blocks for confirmation
[36mgeth_1_1  |[0m I0713 07:31:15.332597 core/state/state_object.go:160] ed74fb20ad2abeaf6f4f470f7a122c0b7ad78765: #1 24999999999999999000 (+ 5000000000000000000)
[36mgeth_1_1  |[0m I0713 07:31:15.332713 miner/worker.go:555] commit new work on block 9 with 0 txs & 0 uncles. Took 200.425µs
[36mgeth_1_1  |[0m I0713 07:31:15.332880 core/state/state_object.go:160] ed74fb20ad2abeaf6f4f470f7a122c0b7ad78765: #1 24999999999999999000 (+ 5000000000000000000)
[36mgeth_1_1  |[0m I0713 07:31:15.332998 miner/worker.go:555] commit new work on block 9 with 0 txs & 0 uncles. Took 188.131µs
[36mgeth_1_1  |[0m I0713 07:31:15.333072 miner/agent.go:118] (re)started agent[0]. mining...
[36mgeth_1_1  |[0m I0713 07:31:15.964388 miner/agent.go:118] (re)started agent[1]. mining...
[36mgeth_1_1  |[0m I0713 07:31:15.968184 eth/handler.go:752] propagated block b1b42cc7 to 1 peers in 2562047h47m16.854775807s
[33mgeth_2_1  |[0m I0713 07:31:15.970300 eth/fetcher/fetcher.go:731] Peer 6d46ac19e79b0ddb: queued block #8 [b1b42cc7…], total 1
[33mgeth_2_1  |[0m I0713 07:31:15.970663 eth/fetcher/fetcher.go:743] Peer 6d46ac19e79b0ddb: importing block #8 [b1b42cc7…]
[36mgeth_1_1  |[0m I0713 07:31:15.984092 eth/handler.go:763] announced block b1b42cc7 to 1 peers in 2562047h47m16.854775807s
[36mgeth_1_1  |[0m I0713 07:31:15.984128 eth/handler.go:763] announced block b1b42cc7 to 0 peers in 2562047h47m16.854775807s
[36mgeth_1_1  |[0m I0713 07:31:15.985491 core/database_util.go:349] stored block receipts [b1b42cc7…]
[36mgeth_1_1  |[0m I0713 07:31:15.985525 miner/agent.go:118] (re)started agent[0]. mining...
[36mgeth_1_1  |[0m I0713 07:31:15.985536 miner/agent.go:118] (re)started agent[1]. mining...
[33mgeth_2_1  |[0m I0713 07:31:15.987924 eth/handler.go:752] propagated block b1b42cc7 to 0 peers in 19.715379ms
[33mgeth_2_1  |[0m I0713 07:31:15.993532 core/state/state_object.go:160] ed74fb20ad2abeaf6f4f470f7a122c0b7ad78765: #1 19999999999999999000 (+ 5000000000000000000)
[33mgeth_2_1  |[0m I0713 07:31:15.993704 core/database_util.go:349] stored block receipts [b1b42cc7…]
[33mgeth_2_1  |[0m I0713 07:31:15.993807 core/database_util.go:314] stored block total difficulty [b1b42cc7…]: 9430022
[33mgeth_2_1  |[0m I0713 07:31:15.993848 core/database_util.go:299] stored block body [b1b42cc7…]
[33mgeth_2_1  |[0m I0713 07:31:15.993884 core/database_util.go:284] stored header #8 [b1b42cc7…]
[33mgeth_2_1  |[0m I0713 07:31:15.993996 core/blockchain.go:933] [1468395075993978254] inserted block #8 (0 TXs 0 G 0 UNCs) (b1b42cc7...). Took 5.861629ms
[33mgeth_2_1  |[0m I0713 07:31:15.994474 core/blockchain.go:964] imported 1 block(s) (0 queued 0 ignored) including 0 txs in 6.673061ms. #8 [b1b42cc7 / b1b42cc7]
[33mgeth_2_1  |[0m I0713 07:31:15.995091 eth/handler.go:763] announced block b1b42cc7 to 0 peers in 26.886656ms
[36mgeth_1_1  |[0m I0713 07:31:16.631012 eth/gasprice.go:162] Processed block #8, base price is 18256676393
[36mgeth_1_1  |[0m I0713 07:31:24.091196 core/database_util.go:314] stored block total difficulty [363a1f76…]: 10478086
[36mgeth_1_1  |[0m I0713 07:31:24.091984 core/database_util.go:299] stored block body [363a1f76…]
[36mgeth_1_1  |[0m I0713 07:31:24.092454 core/database_util.go:284] stored header #9 [363a1f76…]
[36mgeth_1_1  |[0m I0713 07:31:24.092741 miner/worker.go:337] 🔨  Mined block (#9 / 363a1f76). Wait 5 blocks for confirmation
[36mgeth_1_1  |[0m I0713 07:31:24.093175 core/state/state_object.go:160] ed74fb20ad2abeaf6f4f470f7a122c0b7ad78765: #1 29999999999999999000 (+ 5000000000000000000)
[36mgeth_1_1  |[0m I0713 07:31:24.093893 miner/worker.go:555] commit new work on block 10 with 0 txs & 0 uncles. Took 947.462µs
[36mgeth_1_1  |[0m I0713 07:31:24.094268 miner/agent.go:118] (re)started agent[1]. mining...
[36mgeth_1_1  |[0m I0713 07:31:24.576126 core/state/state_object.go:160] ed74fb20ad2abeaf6f4f470f7a122c0b7ad78765: #1 29999999999999999000 (+ 5000000000000000000)
[36mgeth_1_1  |[0m I0713 07:31:24.577076 miner/worker.go:555] commit new work on block 10 with 0 txs & 0 uncles. Took 1.076116ms
[36mgeth_1_1  |[0m I0713 07:31:24.577227 miner/agent.go:118] (re)started agent[1]. mining...
[36mgeth_1_1  |[0m I0713 07:31:24.855433 miner/agent.go:118] (re)started agent[0]. mining...
[36mgeth_1_1  |[0m I0713 07:31:24.855477 eth/gasprice.go:162] Processed block #9, base price is 18181818181
[36mgeth_1_1  |[0m I0713 07:31:24.860319 eth/handler.go:752] propagated block 363a1f76 to 1 peers in 2562047h47m16.854775807s
[33mgeth_2_1  |[0m I0713 07:31:24.860404 eth/fetcher/fetcher.go:731] Peer 6d46ac19e79b0ddb: queued block #9 [363a1f76…], total 1
[33mgeth_2_1  |[0m I0713 07:31:24.860468 eth/fetcher/fetcher.go:743] Peer 6d46ac19e79b0ddb: importing block #9 [363a1f76…]
[36mgeth_1_1  |[0m I0713 07:31:24.861293 eth/handler.go:763] announced block 363a1f76 to 1 peers in 2562047h47m16.854775807s
[36mgeth_1_1  |[0m I0713 07:31:24.861371 eth/handler.go:763] announced block 363a1f76 to 0 peers in 2562047h47m16.854775807s
[36mgeth_1_1  |[0m I0713 07:31:24.861718 core/database_util.go:349] stored block receipts [363a1f76…]
[36mgeth_1_1  |[0m I0713 07:31:24.862123 miner/agent.go:118] (re)started agent[0]. mining...
[33mgeth_2_1  |[0m I0713 07:31:24.866540 eth/handler.go:752] propagated block 363a1f76 to 0 peers in 6.215486ms
[33mgeth_2_1  |[0m I0713 07:31:24.871251 core/state/state_object.go:160] ed74fb20ad2abeaf6f4f470f7a122c0b7ad78765: #1 24999999999999999000 (+ 5000000000000000000)
[33mgeth_2_1  |[0m I0713 07:31:24.871468 core/database_util.go:349] stored block receipts [363a1f76…]
[33mgeth_2_1  |[0m I0713 07:31:24.882597 core/database_util.go:314] stored block total difficulty [363a1f76…]: 10478086
[33mgeth_2_1  |[0m I0713 07:31:24.882704 core/database_util.go:299] stored block body [363a1f76…]
[33mgeth_2_1  |[0m I0713 07:31:24.882746 core/database_util.go:284] stored header #9 [363a1f76…]
[33mgeth_2_1  |[0m I0713 07:31:24.882795 core/blockchain.go:933] [1468395084882783119] inserted block #9 (0 TXs 0 G 0 UNCs) (363a1f76...). Took 16.277791ms
[33mgeth_2_1  |[0m I0713 07:31:24.882855 core/blockchain.go:964] imported 1 block(s) (0 queued 0 ignored) including 0 txs in 16.346009ms. #9 [363a1f76 / 363a1f76]
[33mgeth_2_1  |[0m I0713 07:31:24.883894 eth/handler.go:763] announced block 363a1f76 to 0 peers in 23.569142ms
[33mgeth_2_1  |[0m I0713 07:31:26.577053 eth/downloader/downloader.go:1942] Quality of service: rtt 20s, conf 1.000, ttl 1m0s
[36mgeth_1_1  |[0m I0713 07:31:26.737928 eth/downloader/downloader.go:1942] Quality of service: rtt 20s, conf 1.000, ttl 1m0s
[36mgeth_1_1  |[0m I0713 07:31:30.104921 core/database_util.go:314] stored block total difficulty [d432432a…]: 11526661
[36mgeth_1_1  |[0m I0713 07:31:30.104992 core/database_util.go:299] stored block body [d432432a…]
[36mgeth_1_1  |[0m I0713 07:31:30.105026 core/database_util.go:284] stored header #10 [d432432a…]
[36mgeth_1_1  |[0m I0713 07:31:30.105158 miner/worker.go:337] 🔨  Mined block (#10 / d432432a). Wait 5 blocks for confirmation
[36mgeth_1_1  |[0m I0713 07:31:30.105499 core/state/state_object.go:160] ed74fb20ad2abeaf6f4f470f7a122c0b7ad78765: #1 34999999999999999000 (+ 5000000000000000000)
[36mgeth_1_1  |[0m I0713 07:31:30.105859 miner/worker.go:555] commit new work on block 11 with 0 txs & 0 uncles. Took 681.182µs
[36mgeth_1_1  |[0m I0713 07:31:30.106133 miner/worker.go:433] 🔨 🔗  Mined 5 blocks back: block #5
[36mgeth_1_1  |[0m I0713 07:31:30.106554 miner/agent.go:118] (re)started agent[1]. mining...
[36mgeth_1_1  |[0m I0713 07:31:30.107284 core/state/state_object.go:160] ed74fb20ad2abeaf6f4f470f7a122c0b7ad78765: #1 34999999999999999000 (+ 5000000000000000000)
[36mgeth_1_1  |[0m I0713 07:31:30.107748 miner/worker.go:555] commit new work on block 11 with 0 txs & 0 uncles. Took 583.809µs
[36mgeth_1_1  |[0m I0713 07:31:30.108062 miner/agent.go:118] (re)started agent[1]. mining...
[33mgeth_2_1  |[0m I0713 07:31:30.108702 eth/fetcher/fetcher.go:731] Peer 6d46ac19e79b0ddb: queued block #10 [d432432a…], total 1
[33mgeth_2_1  |[0m I0713 07:31:30.108757 eth/fetcher/fetcher.go:743] Peer 6d46ac19e79b0ddb: importing block #10 [d432432a…]
[33mgeth_2_1  |[0m I0713 07:31:30.113686 eth/handler.go:752] propagated block d432432a to 0 peers in 5.044516ms
[33mgeth_2_1  |[0m I0713 07:31:30.118271 core/state/state_object.go:160] ed74fb20ad2abeaf6f4f470f7a122c0b7ad78765: #1 29999999999999999000 (+ 5000000000000000000)
[33mgeth_2_1  |[0m I0713 07:31:30.118582 core/database_util.go:349] stored block receipts [d432432a…]
[33mgeth_2_1  |[0m I0713 07:31:30.119714 core/database_util.go:314] stored block total difficulty [d432432a…]: 11526661
[33mgeth_2_1  |[0m I0713 07:31:30.119840 core/database_util.go:299] stored block body [d432432a…]
[33mgeth_2_1  |[0m I0713 07:31:30.119899 core/database_util.go:284] stored header #10 [d432432a…]
[33mgeth_2_1  |[0m I0713 07:31:30.119913 core/blockchain.go:933] [1468395090119906764] inserted block #10 (0 TXs 0 G 0 UNCs) (d432432a...). Took 6.253505ms
[33mgeth_2_1  |[0m I0713 07:31:30.120210 core/blockchain.go:964] imported 1 block(s) (0 queued 0 ignored) including 0 txs in 6.557639ms. #10 [d432432a / d432432a]
[33mgeth_2_1  |[0m I0713 07:31:30.120589 eth/handler.go:763] announced block d432432a to 0 peers in 11.945441ms
[36mgeth_1_1  |[0m I0713 07:31:30.121147 eth/handler.go:752] propagated block d432432a to 1 peers in 2562047h47m16.854775807s
[36mgeth_1_1  |[0m I0713 07:31:30.121647 eth/handler.go:763] announced block d432432a to 1 peers in 2562047h47m16.854775807s
[36mgeth_1_1  |[0m I0713 07:31:30.121711 eth/handler.go:763] announced block d432432a to 0 peers in 2562047h47m16.854775807s
[36mgeth_1_1  |[0m I0713 07:31:30.121794 core/database_util.go:349] stored block receipts [d432432a…]
[36mgeth_1_1  |[0m I0713 07:31:30.122074 eth/gasprice.go:162] Processed block #10, base price is 18181818181
[36mgeth_1_1  |[0m I0713 07:31:30.108088 miner/agent.go:118] (re)started agent[0]. mining...
[36mgeth_1_1  |[0m I0713 07:31:30.108101 miner/agent.go:118] (re)started agent[0]. mining...
[36mgeth_1_1  |[0m I0713 07:31:45.004321 core/database_util.go:314] stored block total difficulty [1be59a75…]: 12575747
[36mgeth_1_1  |[0m I0713 07:31:45.004396 core/database_util.go:299] stored block body [1be59a75…]
[36mgeth_1_1  |[0m I0713 07:31:45.005688 core/database_util.go:284] stored header #11 [1be59a75…]
[36mgeth_1_1  |[0m I0713 07:31:45.006414 miner/worker.go:337] 🔨  Mined block (#11 / 1be59a75). Wait 5 blocks for confirmation
[36mgeth_1_1  |[0m I0713 07:31:45.007009 core/state/state_object.go:160] ed74fb20ad2abeaf6f4f470f7a122c0b7ad78765: #1 39999999999999999000 (+ 5000000000000000000)
[36mgeth_1_1  |[0m I0713 07:31:45.007169 miner/worker.go:555] commit new work on block 12 with 0 txs & 0 uncles. Took 718.64µs
[36mgeth_1_1  |[0m I0713 07:31:45.007275 miner/worker.go:433] 🔨 🔗  Mined 5 blocks back: block #6
[36mgeth_1_1  |[0m I0713 07:31:45.007987 core/state/state_object.go:160] ed74fb20ad2abeaf6f4f470f7a122c0b7ad78765: #1 39999999999999999000 (+ 5000000000000000000)
[36mgeth_1_1  |[0m I0713 07:31:45.008422 miner/worker.go:555] commit new work on block 12 with 0 txs & 0 uncles. Took 548.35µs
[36mgeth_1_1  |[0m I0713 07:31:45.008565 miner/agent.go:118] (re)started agent[0]. mining...
[36mgeth_1_1  |[0m I0713 07:31:45.009127 miner/agent.go:118] (re)started agent[1]. mining...
[33mgeth_2_1  |[0m I0713 07:31:45.251291 eth/fetcher/fetcher.go:731] Peer 6d46ac19e79b0ddb: queued block #11 [1be59a75…], total 1
[33mgeth_2_1  |[0m I0713 07:31:45.251394 eth/fetcher/fetcher.go:743] Peer 6d46ac19e79b0ddb: importing block #11 [1be59a75…]
[33mgeth_2_1  |[0m I0713 07:31:45.258122 eth/handler.go:752] propagated block 1be59a75 to 0 peers in 6.963672ms
[36mgeth_1_1  |[0m I0713 07:31:45.259026 eth/handler.go:752] propagated block 1be59a75 to 1 peers in 2562047h47m16.854775807s
[36mgeth_1_1  |[0m I0713 07:31:45.259936 eth/handler.go:763] announced block 1be59a75 to 1 peers in 2562047h47m16.854775807s
[36mgeth_1_1  |[0m I0713 07:31:45.260502 eth/handler.go:763] announced block 1be59a75 to 0 peers in 2562047h47m16.854775807s
[36mgeth_1_1  |[0m I0713 07:31:45.261707 core/database_util.go:349] stored block receipts [1be59a75…]
[36mgeth_1_1  |[0m I0713 07:31:45.261826 eth/gasprice.go:162] Processed block #11, base price is 18181818181
[36mgeth_1_1  |[0m I0713 07:31:45.263001 miner/agent.go:118] (re)started agent[1]. mining...
[33mgeth_2_1  |[0m I0713 07:31:45.270114 core/state/state_object.go:160] ed74fb20ad2abeaf6f4f470f7a122c0b7ad78765: #1 34999999999999999000 (+ 5000000000000000000)
[33mgeth_2_1  |[0m I0713 07:31:45.270523 core/database_util.go:349] stored block receipts [1be59a75…]
[33mgeth_2_1  |[0m I0713 07:31:45.270718 core/database_util.go:314] stored block total difficulty [1be59a75…]: 12575747
[33mgeth_2_1  |[0m I0713 07:31:45.271729 core/database_util.go:299] stored block body [1be59a75…]
[33mgeth_2_1  |[0m I0713 07:31:45.271771 core/database_util.go:284] stored header #11 [1be59a75…]
[33mgeth_2_1  |[0m I0713 07:31:45.271785 core/blockchain.go:933] [1468395105271778824] inserted block #11 (0 TXs 0 G 0 UNCs) (1be59a75...). Took 13.692417ms
[33mgeth_2_1  |[0m I0713 07:31:45.271905 core/blockchain.go:964] imported 1 block(s) (0 queued 0 ignored) including 0 txs in 13.817401ms. #11 [1be59a75 / 1be59a75]
[33mgeth_2_1  |[0m I0713 07:31:45.272125 eth/handler.go:763] announced block 1be59a75 to 0 peers in 20.968977ms
[36mgeth_1_1  |[0m I0713 07:31:45.406864 miner/agent.go:118] (re)started agent[0]. mining...
[33mgeth_2_1  |[0m I0713 07:31:46.577865 eth/downloader/downloader.go:1942] Quality of service: rtt 20s, conf 1.000, ttl 1m0s
[36mgeth_1_1  |[0m I0713 07:31:46.739237 eth/downloader/downloader.go:1942] Quality of service: rtt 20s, conf 1.000, ttl 1m0s
[36mgeth_1_1  |[0m I0713 07:31:54.018406 core/database_util.go:314] stored block total difficulty [c84977e8…]: 13624321
[36mgeth_1_1  |[0m I0713 07:31:54.018742 core/database_util.go:299] stored block body [c84977e8…]
[36mgeth_1_1  |[0m I0713 07:31:54.018838 core/database_util.go:284] stored header #12 [c84977e8…]
[36mgeth_1_1  |[0m I0713 07:31:54.018999 miner/worker.go:337] 🔨  Mined block (#12 / c84977e8). Wait 5 blocks for confirmation
[36mgeth_1_1  |[0m I0713 07:31:54.019151 core/state/state_object.go:160] ed74fb20ad2abeaf6f4f470f7a122c0b7ad78765: #1 44999999999999999000 (+ 5000000000000000000)
[36mgeth_1_1  |[0m I0713 07:31:54.019728 miner/worker.go:555] commit new work on block 13 with 0 txs & 0 uncles. Took 683.487µs
[36mgeth_1_1  |[0m I0713 07:31:54.019846 miner/worker.go:433] 🔨 🔗  Mined 5 blocks back: block #7
[36mgeth_1_1  |[0m I0713 07:31:54.019979 miner/agent.go:118] (re)started agent[1]. mining...
[36mgeth_1_1  |[0m I0713 07:31:54.022482 core/state/state_object.go:160] ed74fb20ad2abeaf6f4f470f7a122c0b7ad78765: #1 44999999999999999000 (+ 5000000000000000000)
[36mgeth_1_1  |[0m I0713 07:31:54.022708 miner/worker.go:555] commit new work on block 13 with 0 txs & 0 uncles. Took 385.376µs
[33mgeth_2_1  |[0m I0713 07:31:54.023859 eth/fetcher/fetcher.go:731] Peer 6d46ac19e79b0ddb: queued block #12 [c84977e8…], total 1
[33mgeth_2_1  |[0m I0713 07:31:54.024050 eth/fetcher/fetcher.go:743] Peer 6d46ac19e79b0ddb: importing block #12 [c84977e8…]
[33mgeth_2_1  |[0m I0713 07:31:54.029481 eth/handler.go:752] propagated block c84977e8 to 0 peers in 5.714728ms
[36mgeth_1_1  |[0m I0713 07:31:54.031652 eth/handler.go:752] propagated block c84977e8 to 1 peers in 2562047h47m16.854775807s
[36mgeth_1_1  |[0m I0713 07:31:54.032339 eth/handler.go:763] announced block c84977e8 to 1 peers in 2562047h47m16.854775807s
[36mgeth_1_1  |[0m I0713 07:31:54.032375 eth/handler.go:763] announced block c84977e8 to 0 peers in 2562047h47m16.854775807s
[36mgeth_1_1  |[0m I0713 07:31:54.033907 core/database_util.go:349] stored block receipts [c84977e8…]
[36mgeth_1_1  |[0m I0713 07:31:54.035122 eth/gasprice.go:162] Processed block #12, base price is 18181818181
[36mgeth_1_1  |[0m I0713 07:31:54.036516 miner/agent.go:118] (re)started agent[1]. mining...
[36mgeth_1_1  |[0m I0713 07:31:54.036846 miner/agent.go:118] (re)started agent[0]. mining...
[33mgeth_2_1  |[0m I0713 07:31:54.039578 core/state/state_object.go:160] ed74fb20ad2abeaf6f4f470f7a122c0b7ad78765: #1 39999999999999999000 (+ 5000000000000000000)
[33mgeth_2_1  |[0m I0713 07:31:54.040332 core/database_util.go:349] stored block receipts [c84977e8…]
[33mgeth_2_1  |[0m I0713 07:31:54.040628 core/database_util.go:314] stored block total difficulty [c84977e8…]: 13624321
[33mgeth_2_1  |[0m I0713 07:31:54.040698 core/database_util.go:299] stored block body [c84977e8…]
[33mgeth_2_1  |[0m I0713 07:31:54.040853 core/database_util.go:284] stored header #12 [c84977e8…]
[33mgeth_2_1  |[0m I0713 07:31:54.041067 core/blockchain.go:933] [1468395114041035348] inserted block #12 (0 TXs 0 G 0 UNCs) (c84977e8...). Took 11.599658ms
[33mgeth_2_1  |[0m I0713 07:31:54.041335 core/blockchain.go:964] imported 1 block(s) (0 queued 0 ignored) including 0 txs in 11.896816ms. #12 [c84977e8 / c84977e8]
[33mgeth_2_1  |[0m I0713 07:31:54.041713 eth/handler.go:763] announced block c84977e8 to 0 peers in 17.950763ms
[36mgeth_1_1  |[0m I0713 07:31:54.036535 miner/agent.go:118] (re)started agent[0]. mining...
[33mgeth_2_1  |[0m I0713 07:32:06.578659 eth/downloader/downloader.go:1942] Quality of service: rtt 20s, conf 1.000, ttl 1m0s
[36mgeth_1_1  |[0m I0713 07:32:06.744691 eth/downloader/downloader.go:1942] Quality of service: rtt 20s, conf 1.000, ttl 1m0s
[33mgeth_2_1  |[0m I0713 07:32:26.579743 eth/downloader/downloader.go:1942] Quality of service: rtt 20s, conf 1.000, ttl 1m0s
[36mgeth_1_1  |[0m I0713 07:32:26.745926 eth/downloader/downloader.go:1942] Quality of service: rtt 20s, conf 1.000, ttl 1m0s
[33mgeth_2_1  |[0m I0713 07:32:46.581774 eth/downloader/downloader.go:1942] Quality of service: rtt 20s, conf 1.000, ttl 1m0s
[36mgeth_1_1  |[0m I0713 07:32:46.747107 eth/downloader/downloader.go:1942] Quality of service: rtt 20s, conf 1.000, ttl 1m0s
[33mgeth_2_1  |[0m I0713 07:33:06.583227 eth/downloader/downloader.go:1942] Quality of service: rtt 20s, conf 1.000, ttl 1m0s
[36mgeth_1_1  |[0m I0713 07:33:06.747584 eth/downloader/downloader.go:1942] Quality of service: rtt 20s, conf 1.000, ttl 1m0s
[33mgeth_2_1  |[0m I0713 07:33:26.590063 eth/downloader/downloader.go:1942] Quality of service: rtt 20s, conf 1.000, ttl 1m0s
[36mgeth_1_1  |[0m I0713 07:33:26.748888 eth/downloader/downloader.go:1942] Quality of service: rtt 20s, conf 1.000, ttl 1m0s
[33mgeth_2_1  |[0m I0713 07:33:46.596043 eth/downloader/downloader.go:1942] Quality of service: rtt 20s, conf 1.000, ttl 1m0s
[36mgeth_1_1  |[0m I0713 07:33:46.749961 eth/downloader/downloader.go:1942] Quality of service: rtt 20s, conf 1.000, ttl 1m0s
[33mgeth_2_1  |[0m I0713 07:34:06.598754 eth/downloader/downloader.go:1942] Quality of service: rtt 20s, conf 1.000, ttl 1m0s
[36mgeth_1_1  |[0m I0713 07:34:06.751790 eth/downloader/downloader.go:1942] Quality of service: rtt 20s, conf 1.000, ttl 1m0s
[33mgeth_2_1  |[0m I0713 07:34:26.605426 eth/downloader/downloader.go:1942] Quality of service: rtt 20s, conf 1.000, ttl 1m0s
[36mgeth_1_1  |[0m I0713 07:34:26.753407 eth/downloader/downloader.go:1942] Quality of service: rtt 20s, conf 1.000, ttl 1m0s
[33mgeth_2_1  |[0m I0713 07:34:46.606245 eth/downloader/downloader.go:1942] Quality of service: rtt 20s, conf 1.000, ttl 1m0s
[36mgeth_1_1  |[0m I0713 07:34:46.754066 eth/downloader/downloader.go:1942] Quality of service: rtt 20s, conf 1.000, ttl 1m0s
[33mgeth_2_1  |[0m I0713 07:35:06.607314 eth/downloader/downloader.go:1942] Quality of service: rtt 20s, conf 1.000, ttl 1m0s
[36mgeth_1_1  |[0m I0713 07:35:06.756893 eth/downloader/downloader.go:1942] Quality of service: rtt 20s, conf 1.000, ttl 1m0s
[33mgeth_2_1  |[0m I0713 07:35:26.608350 eth/downloader/downloader.go:1942] Quality of service: rtt 20s, conf 1.000, ttl 1m0s
[36mgeth_1_1  |[0m I0713 07:35:26.760205 eth/downloader/downloader.go:1942] Quality of service: rtt 20s, conf 1.000, ttl 1m0s
[33mgeth_2_1  |[0m I0713 07:35:46.610038 eth/downloader/downloader.go:1942] Quality of service: rtt 20s, conf 1.000, ttl 1m0s
[36mgeth_1_1  |[0m I0713 07:35:46.761225 eth/downloader/downloader.go:1942] Quality of service: rtt 20s, conf 1.000, ttl 1m0s
[33mgeth_2_1  |[0m I0713 07:36:06.611148 eth/downloader/downloader.go:1942] Quality of service: rtt 20s, conf 1.000, ttl 1m0s
[36mgeth_1_1  |[0m I0713 07:36:06.766459 eth/downloader/downloader.go:1942] Quality of service: rtt 20s, conf 1.000, ttl 1m0s
[33mgeth_2_1  |[0m I0713 07:36:26.611672 eth/downloader/downloader.go:1942] Quality of service: rtt 20s, conf 1.000, ttl 1m0s
[36mgeth_1_1  |[0m I0713 07:36:26.768216 eth/downloader/downloader.go:1942] Quality of service: rtt 20s, conf 1.000, ttl 1m0s
[33mgeth_2_1  |[0m I0713 07:36:46.612208 eth/downloader/downloader.go:1942] Quality of service: rtt 20s, conf 1.000, ttl 1m0s
[36mgeth_1_1  |[0m I0713 07:36:46.771760 eth/downloader/downloader.go:1942] Quality of service: rtt 20s, conf 1.000, ttl 1m0s
[33mgeth_2_1  |[0m I0713 07:37:06.612678 eth/downloader/downloader.go:1942] Quality of service: rtt 20s, conf 1.000, ttl 1m0s
[36mgeth_1_1  |[0m I0713 07:37:06.772693 eth/downloader/downloader.go:1942] Quality of service: rtt 20s, conf 1.000, ttl 1m0s
[33mgeth_2_1  |[0m I0713 07:37:26.613792 eth/downloader/downloader.go:1942] Quality of service: rtt 20s, conf 1.000, ttl 1m0s
[36mgeth_1_1  |[0m I0713 07:37:26.773923 eth/downloader/downloader.go:1942] Quality of service: rtt 20s, conf 1.000, ttl 1m0s
[33mgeth_2_1  |[0m I0713 07:37:46.614384 eth/downloader/downloader.go:1942] Quality of service: rtt 20s, conf 1.000, ttl 1m0s
[36mgeth_1_1  |[0m I0713 07:37:46.774576 eth/downloader/downloader.go:1942] Quality of service: rtt 20s, conf 1.000, ttl 1m0s
[33mgeth_2_1  |[0m I0713 07:38:06.614932 eth/downloader/downloader.go:1942] Quality of service: rtt 20s, conf 1.000, ttl 1m0s
[36mgeth_1_1  |[0m I0713 07:38:06.775909 eth/downloader/downloader.go:1942] Quality of service: rtt 20s, conf 1.000, ttl 1m0s
[33mgeth_2_1  |[0m I0713 07:38:26.615564 eth/downloader/downloader.go:1942] Quality of service: rtt 20s, conf 1.000, ttl 1m0s
[36mgeth_1_1  |[0m I0713 07:38:26.777765 eth/downloader/downloader.go:1942] Quality of service: rtt 20s, conf 1.000, ttl 1m0s
[33mgeth_2_1  |[0m I0713 07:38:46.617198 eth/downloader/downloader.go:1942] Quality of service: rtt 20s, conf 1.000, ttl 1m0s
[36mgeth_1_1  |[0m I0713 07:38:46.778759 eth/downloader/downloader.go:1942] Quality of service: rtt 20s, conf 1.000, ttl 1m0s
[33mgeth_2_1  |[0m I0713 07:39:06.617781 eth/downloader/downloader.go:1942] Quality of service: rtt 20s, conf 1.000, ttl 1m0s
[36mgeth_1_1  |[0m I0713 07:39:06.779766 eth/downloader/downloader.go:1942] Quality of service: rtt 20s, conf 1.000, ttl 1m0s
[33mgeth_2_1  |[0m I0713 07:39:26.618209 eth/downloader/downloader.go:1942] Quality of service: rtt 20s, conf 1.000, ttl 1m0s
[36mgeth_1_1  |[0m I0713 07:39:26.781710 eth/downloader/downloader.go:1942] Quality of service: rtt 20s, conf 1.000, ttl 1m0s
[33mgeth_2_1  |[0m I0713 07:39:46.618786 eth/downloader/downloader.go:1942] Quality of service: rtt 20s, conf 1.000, ttl 1m0s
[36mgeth_1_1  |[0m I0713 07:39:46.782665 eth/downloader/downloader.go:1942] Quality of service: rtt 20s, conf 1.000, ttl 1m0s
[33mgeth_2_1  |[0m I0713 07:40:06.619630 eth/downloader/downloader.go:1942] Quality of service: rtt 20s, conf 1.000, ttl 1m0s
[36mgeth_1_1  |[0m I0713 07:40:06.800905 eth/downloader/downloader.go:1942] Quality of service: rtt 20s, conf 1.000, ttl 1m0s
[33mgeth_2_1  |[0m I0713 07:40:26.620319 eth/downloader/downloader.go:1942] Quality of service: rtt 20s, conf 1.000, ttl 1m0s
[36mgeth_1_1  |[0m I0713 07:40:26.802473 eth/downloader/downloader.go:1942] Quality of service: rtt 20s, conf 1.000, ttl 1m0s
[33mgeth_2_1  |[0m I0713 07:40:46.621027 eth/downloader/downloader.go:1942] Quality of service: rtt 20s, conf 1.000, ttl 1m0s
[36mgeth_1_1  |[0m I0713 07:40:46.808914 eth/downloader/downloader.go:1942] Quality of service: rtt 20s, conf 1.000, ttl 1m0s
[33mgeth_2_1  |[0m I0713 07:41:06.622391 eth/downloader/downloader.go:1942] Quality of service: rtt 20s, conf 1.000, ttl 1m0s
[36mgeth_1_1  |[0m I0713 07:41:06.810197 eth/downloader/downloader.go:1942] Quality of service: rtt 20s, conf 1.000, ttl 1m0s
[33mgeth_2_1  |[0m I0713 07:41:26.622925 eth/downloader/downloader.go:1942] Quality of service: rtt 20s, conf 1.000, ttl 1m0s
[36mgeth_1_1  |[0m I0713 07:41:26.810861 eth/downloader/downloader.go:1942] Quality of service: rtt 20s, conf 1.000, ttl 1m0s
[33mgeth_2_1  |[0m I0713 07:41:46.625066 eth/downloader/downloader.go:1942] Quality of service: rtt 20s, conf 1.000, ttl 1m0s
[36mgeth_1_1  |[0m I0713 07:41:46.813031 eth/downloader/downloader.go:1942] Quality of service: rtt 20s, conf 1.000, ttl 1m0s
[33mgeth_2_1  |[0m I0713 07:42:06.626257 eth/downloader/downloader.go:1942] Quality of service: rtt 20s, conf 1.000, ttl 1m0s
[36mgeth_1_1  |[0m I0713 07:42:06.814514 eth/downloader/downloader.go:1942] Quality of service: rtt 20s, conf 1.000, ttl 1m0s
[33mgeth_2_1  |[0m I0713 07:42:26.630459 eth/downloader/downloader.go:1942] Quality of service: rtt 20s, conf 1.000, ttl 1m0s
[36mgeth_1_1  |[0m I0713 07:42:26.816588 eth/downloader/downloader.go:1942] Quality of service: rtt 20s, conf 1.000, ttl 1m0s
[33mgeth_2_1  |[0m I0713 07:42:46.632756 eth/downloader/downloader.go:1942] Quality of service: rtt 20s, conf 1.000, ttl 1m0s
[36mgeth_1_1  |[0m I0713 07:42:46.817219 eth/downloader/downloader.go:1942] Quality of service: rtt 20s, conf 1.000, ttl 1m0s
[36mgeth_1_1  |[0m I0713 07:43:06.496317 p2p/nat/nat.go:120] refresh port mapping tcp:30303 -> 30303 (ethereum p2p) using UPnP or NAT-PMP
[36mgeth_1_1  |[0m I0713 07:43:06.496389 p2p/nat/nat.go:122] network port tcp:30303 could not be mapped: no UPnP or NAT-PMP router discovered
[33mgeth_2_1  |[0m I0713 07:43:06.562505 p2p/nat/nat.go:120] refresh port mapping tcp:30303 -> 30303 (ethereum p2p) using UPnP or NAT-PMP
[33mgeth_2_1  |[0m I0713 07:43:06.562607 p2p/nat/nat.go:122] network port tcp:30303 could not be mapped: no UPnP or NAT-PMP router discovered
[33mgeth_2_1  |[0m I0713 07:43:06.633652 eth/downloader/downloader.go:1942] Quality of service: rtt 20s, conf 1.000, ttl 1m0s
[36mgeth_1_1  |[0m I0713 07:43:06.818309 eth/downloader/downloader.go:1942] Quality of service: rtt 20s, conf 1.000, ttl 1m0s
[33mgeth_2_1  |[0m I0713 07:43:26.635392 eth/downloader/downloader.go:1942] Quality of service: rtt 20s, conf 1.000, ttl 1m0s
[36mgeth_1_1  |[0m I0713 07:43:26.819857 eth/downloader/downloader.go:1942] Quality of service: rtt 20s, conf 1.000, ttl 1m0s
[33mgeth_2_1  |[0m I0713 07:43:46.637727 eth/downloader/downloader.go:1942] Quality of service: rtt 20s, conf 1.000, ttl 1m0s
[36mgeth_1_1  |[0m I0713 07:43:46.820402 eth/downloader/downloader.go:1942] Quality of service: rtt 20s, conf 1.000, ttl 1m0s
[33mgeth_2_1  |[0m I0713 07:44:06.638451 eth/downloader/downloader.go:1942] Quality of service: rtt 20s, conf 1.000, ttl 1m0s
[36mgeth_1_1  |[0m I0713 07:44:06.823625 eth/downloader/downloader.go:1942] Quality of service: rtt 20s, conf 1.000, ttl 1m0s
[33mgeth_2_1  |[0m I0713 07:44:26.640245 eth/downloader/downloader.go:1942] Quality of service: rtt 20s, conf 1.000, ttl 1m0s
[36mgeth_1_1  |[0m I0713 07:44:26.824952 eth/downloader/downloader.go:1942] Quality of service: rtt 20s, conf 1.000, ttl 1m0s
[33mgeth_2_1  |[0m I0713 07:44:46.641481 eth/downloader/downloader.go:1942] Quality of service: rtt 20s, conf 1.000, ttl 1m0s
[36mgeth_1_1  |[0m I0713 07:44:46.826355 eth/downloader/downloader.go:1942] Quality of service: rtt 20s, conf 1.000, ttl 1m0s
[33mgeth_2_1  |[0m I0713 07:45:06.642883 eth/downloader/downloader.go:1942] Quality of service: rtt 20s, conf 1.000, ttl 1m0s
[36mgeth_1_1  |[0m I0713 07:45:06.826749 eth/downloader/downloader.go:1942] Quality of service: rtt 20s, conf 1.000, ttl 1m0s
[33mgeth_2_1  |[0m I0713 07:45:26.643369 eth/downloader/downloader.go:1942] Quality of service: rtt 20s, conf 1.000, ttl 1m0s
[36mgeth_1_1  |[0m I0713 07:45:26.828581 eth/downloader/downloader.go:1942] Quality of service: rtt 20s, conf 1.000, ttl 1m0s
[33mgeth_2_1  |[0m I0713 07:45:46.643850 eth/downloader/downloader.go:1942] Quality of service: rtt 20s, conf 1.000, ttl 1m0s
[36mgeth_1_1  |[0m I0713 07:45:46.829316 eth/downloader/downloader.go:1942] Quality of service: rtt 20s, conf 1.000, ttl 1m0s
[33mgeth_2_1  |[0m I0713 07:46:06.645278 eth/downloader/downloader.go:1942] Quality of service: rtt 20s, conf 1.000, ttl 1m0s
[36mgeth_1_1  |[0m I0713 07:46:06.831866 eth/downloader/downloader.go:1942] Quality of service: rtt 20s, conf 1.000, ttl 1m0s
[33mgeth_2_1  |[0m I0713 07:46:26.645800 eth/downloader/downloader.go:1942] Quality of service: rtt 20s, conf 1.000, ttl 1m0s
[36mgeth_1_1  |[0m I0713 07:46:26.832691 eth/downloader/downloader.go:1942] Quality of service: rtt 20s, conf 1.000, ttl 1m0s
[33mgeth_2_1  |[0m I0713 07:46:46.647794 eth/downloader/downloader.go:1942] Quality of service: rtt 20s, conf 1.000, ttl 1m0s
[36mgeth_1_1  |[0m I0713 07:46:46.834714 eth/downloader/downloader.go:1942] Quality of service: rtt 20s, conf 1.000, ttl 1m0s
[33mgeth_2_1  |[0m I0713 07:47:06.650971 eth/downloader/downloader.go:1942] Quality of service: rtt 20s, conf 1.000, ttl 1m0s
[36mgeth_1_1  |[0m I0713 07:47:06.836364 eth/downloader/downloader.go:1942] Quality of service: rtt 20s, conf 1.000, ttl 1m0s
[33mgeth_2_1  |[0m I0713 07:47:26.652016 eth/downloader/downloader.go:1942] Quality of service: rtt 20s, conf 1.000, ttl 1m0s
[36mgeth_1_1  |[0m I0713 07:47:26.837400 eth/downloader/downloader.go:1942] Quality of service: rtt 20s, conf 1.000, ttl 1m0s
[33mgeth_2_1  |[0m I0713 07:47:46.653910 eth/downloader/downloader.go:1942] Quality of service: rtt 20s, conf 1.000, ttl 1m0s
[36mgeth_1_1  |[0m I0713 07:47:46.838540 eth/downloader/downloader.go:1942] Quality of service: rtt 20s, conf 1.000, ttl 1m0s
[33mgeth_2_1  |[0m I0713 07:48:06.656754 eth/downloader/downloader.go:1942] Quality of service: rtt 20s, conf 1.000, ttl 1m0s
[36mgeth_1_1  |[0m I0713 07:48:06.839902 eth/downloader/downloader.go:1942] Quality of service: rtt 20s, conf 1.000, ttl 1m0s
[33mgeth_2_1  |[0m I0713 07:48:26.657693 eth/downloader/downloader.go:1942] Quality of service: rtt 20s, conf 1.000, ttl 1m0s
[36mgeth_1_1  |[0m I0713 07:48:26.840835 eth/downloader/downloader.go:1942] Quality of service: rtt 20s, conf 1.000, ttl 1m0s
[33mgeth_2_1  |[0m I0713 07:48:46.658338 eth/downloader/downloader.go:1942] Quality of service: rtt 20s, conf 1.000, ttl 1m0s
[36mgeth_1_1  |[0m I0713 07:48:46.842814 eth/downloader/downloader.go:1942] Quality of service: rtt 20s, conf 1.000, ttl 1m0s
[33mgeth_2_1  |[0m I0713 07:49:06.659122 eth/downloader/downloader.go:1942] Quality of service: rtt 20s, conf 1.000, ttl 1m0s
[36mgeth_1_1  |[0m I0713 07:49:06.846677 eth/downloader/downloader.go:1942] Quality of service: rtt 20s, conf 1.000, ttl 1m0s
[33mgeth_2_1  |[0m I0713 07:49:26.660428 eth/downloader/downloader.go:1942] Quality of service: rtt 20s, conf 1.000, ttl 1m0s
[36mgeth_1_1  |[0m I0713 07:49:26.847811 eth/downloader/downloader.go:1942] Quality of service: rtt 20s, conf 1.000, ttl 1m0s
[33mgeth_2_1  |[0m I0713 07:49:46.661691 eth/downloader/downloader.go:1942] Quality of service: rtt 20s, conf 1.000, ttl 1m0s
[36mgeth_1_1  |[0m I0713 07:49:46.850149 eth/downloader/downloader.go:1942] Quality of service: rtt 20s, conf 1.000, ttl 1m0s
[33mgeth_2_1  |[0m I0713 07:50:06.665372 eth/downloader/downloader.go:1942] Quality of service: rtt 20s, conf 1.000, ttl 1m0s
[36mgeth_1_1  |[0m I0713 07:50:06.853942 eth/downloader/downloader.go:1942] Quality of service: rtt 20s, conf 1.000, ttl 1m0s
[33mgeth_2_1  |[0m I0713 07:50:26.665764 eth/downloader/downloader.go:1942] Quality of service: rtt 20s, conf 1.000, ttl 1m0s
[36mgeth_1_1  |[0m I0713 07:50:26.854827 eth/downloader/downloader.go:1942] Quality of service: rtt 20s, conf 1.000, ttl 1m0s
[33mgeth_2_1  |[0m I0713 07:50:46.666332 eth/downloader/downloader.go:1942] Quality of service: rtt 20s, conf 1.000, ttl 1m0s
[36mgeth_1_1  |[0m I0713 07:50:46.856444 eth/downloader/downloader.go:1942] Quality of service: rtt 20s, conf 1.000, ttl 1m0s
[33mgeth_2_1  |[0m I0713 07:51:06.667207 eth/downloader/downloader.go:1942] Quality of service: rtt 20s, conf 1.000, ttl 1m0s
[36mgeth_1_1  |[0m I0713 07:51:06.856739 eth/downloader/downloader.go:1942] Quality of service: rtt 20s, conf 1.000, ttl 1m0s
[33mgeth_2_1  |[0m I0713 07:51:26.669468 eth/downloader/downloader.go:1942] Quality of service: rtt 20s, conf 1.000, ttl 1m0s
[36mgeth_1_1  |[0m I0713 07:51:26.857452 eth/downloader/downloader.go:1942] Quality of service: rtt 20s, conf 1.000, ttl 1m0s
[33mgeth_2_1  |[0m I0713 07:51:46.670408 eth/downloader/downloader.go:1942] Quality of service: rtt 20s, conf 1.000, ttl 1m0s
[36mgeth_1_1  |[0m I0713 07:51:46.858069 eth/downloader/downloader.go:1942] Quality of service: rtt 20s, conf 1.000, ttl 1m0s
[33mgeth_2_1  |[0m I0713 07:52:06.670952 eth/downloader/downloader.go:1942] Quality of service: rtt 20s, conf 1.000, ttl 1m0s
[36mgeth_1_1  |[0m I0713 07:52:06.858624 eth/downloader/downloader.go:1942] Quality of service: rtt 20s, conf 1.000, ttl 1m0s
[33mgeth_2_1  |[0m I0713 07:52:26.673626 eth/downloader/downloader.go:1942] Quality of service: rtt 20s, conf 1.000, ttl 1m0s
[36mgeth_1_1  |[0m I0713 07:52:26.859229 eth/downloader/downloader.go:1942] Quality of service: rtt 20s, conf 1.000, ttl 1m0s
[33mgeth_2_1  |[0m I0713 07:52:46.676392 eth/downloader/downloader.go:1942] Quality of service: rtt 20s, conf 1.000, ttl 1m0s
[36mgeth_1_1  |[0m I0713 07:52:46.860729 eth/downloader/downloader.go:1942] Quality of service: rtt 20s, conf 1.000, ttl 1m0s
[33mgeth_2_1  |[0m I0713 07:53:06.677249 eth/downloader/downloader.go:1942] Quality of service: rtt 20s, conf 1.000, ttl 1m0s
[36mgeth_1_1  |[0m I0713 07:53:06.862330 eth/downloader/downloader.go:1942] Quality of service: rtt 20s, conf 1.000, ttl 1m0s
[33mgeth_2_1  |[0m I0713 07:53:26.677831 eth/downloader/downloader.go:1942] Quality of service: rtt 20s, conf 1.000, ttl 1m0s
[36mgeth_1_1  |[0m I0713 07:53:26.864512 eth/downloader/downloader.go:1942] Quality of service: rtt 20s, conf 1.000, ttl 1m0s
[33mgeth_2_1  |[0m I0713 07:53:46.678992 eth/downloader/downloader.go:1942] Quality of service: rtt 20s, conf 1.000, ttl 1m0s
[36mgeth_1_1  |[0m I0713 07:53:46.865246 eth/downloader/downloader.go:1942] Quality of service: rtt 20s, conf 1.000, ttl 1m0s
[33mgeth_2_1  |[0m I0713 07:54:06.681102 eth/downloader/downloader.go:1942] Quality of service: rtt 20s, conf 1.000, ttl 1m0s
[36mgeth_1_1  |[0m I0713 07:54:06.866964 eth/downloader/downloader.go:1942] Quality of service: rtt 20s, conf 1.000, ttl 1m0s
[33mgeth_2_1  |[0m I0713 07:54:26.683981 eth/downloader/downloader.go:1942] Quality of service: rtt 20s, conf 1.000, ttl 1m0s
[36mgeth_1_1  |[0m I0713 07:54:26.868798 eth/downloader/downloader.go:1942] Quality of service: rtt 20s, conf 1.000, ttl 1m0s
[33mgeth_2_1  |[0m I0713 07:54:46.685617 eth/downloader/downloader.go:1942] Quality of service: rtt 20s, conf 1.000, ttl 1m0s
[36mgeth_1_1  |[0m I0713 07:54:46.871996 eth/downloader/downloader.go:1942] Quality of service: rtt 20s, conf 1.000, ttl 1m0s
[33mgeth_2_1  |[0m I0713 07:55:06.686880 eth/downloader/downloader.go:1942] Quality of service: rtt 20s, conf 1.000, ttl 1m0s
[36mgeth_1_1  |[0m I0713 07:55:06.872995 eth/downloader/downloader.go:1942] Quality of service: rtt 20s, conf 1.000, ttl 1m0s
[33mgeth_2_1  |[0m I0713 07:55:26.689946 eth/downloader/downloader.go:1942] Quality of service: rtt 20s, conf 1.000, ttl 1m0s
[36mgeth_1_1  |[0m I0713 07:55:26.874064 eth/downloader/downloader.go:1942] Quality of service: rtt 20s, conf 1.000, ttl 1m0s
[33mgeth_2_1  |[0m I0713 07:55:46.691505 eth/downloader/downloader.go:1942] Quality of service: rtt 20s, conf 1.000, ttl 1m0s
[36mgeth_1_1  |[0m I0713 07:55:46.881346 eth/downloader/downloader.go:1942] Quality of service: rtt 20s, conf 1.000, ttl 1m0s
[33mgeth_2_1  |[0m I0713 07:56:06.691947 eth/downloader/downloader.go:1942] Quality of service: rtt 20s, conf 1.000, ttl 1m0s
[36mgeth_1_1  |[0m I0713 07:56:06.882017 eth/downloader/downloader.go:1942] Quality of service: rtt 20s, conf 1.000, ttl 1m0s
[33mgeth_2_1  |[0m I0713 07:56:26.692665 eth/downloader/downloader.go:1942] Quality of service: rtt 20s, conf 1.000, ttl 1m0s
[36mgeth_1_1  |[0m I0713 07:56:26.883383 eth/downloader/downloader.go:1942] Quality of service: rtt 20s, conf 1.000, ttl 1m0s
[33mgeth_2_1  |[0m I0713 07:56:46.693065 eth/downloader/downloader.go:1942] Quality of service: rtt 20s, conf 1.000, ttl 1m0s
[36mgeth_1_1  |[0m I0713 07:56:46.885279 eth/downloader/downloader.go:1942] Quality of service: rtt 20s, conf 1.000, ttl 1m0s
[33mgeth_2_1  |[0m I0713 07:57:06.695375 eth/downloader/downloader.go:1942] Quality of service: rtt 20s, conf 1.000, ttl 1m0s
[36mgeth_1_1  |[0m I0713 07:57:06.886625 eth/downloader/downloader.go:1942] Quality of service: rtt 20s, conf 1.000, ttl 1m0s
[33mgeth_2_1  |[0m I0713 07:57:26.696771 eth/downloader/downloader.go:1942] Quality of service: rtt 20s, conf 1.000, ttl 1m0s
[36mgeth_1_1  |[0m I0713 07:57:26.887017 eth/downloader/downloader.go:1942] Quality of service: rtt 20s, conf 1.000, ttl 1m0s
[33mgeth_2_1  |[0m I0713 07:57:46.698275 eth/downloader/downloader.go:1942] Quality of service: rtt 20s, conf 1.000, ttl 1m0s
[36mgeth_1_1  |[0m I0713 07:57:46.887442 eth/downloader/downloader.go:1942] Quality of service: rtt 20s, conf 1.000, ttl 1m0s
[36mgeth_1_1  |[0m I0713 07:58:06.496997 p2p/nat/nat.go:120] refresh port mapping tcp:30303 -> 30303 (ethereum p2p) using UPnP or NAT-PMP
[36mgeth_1_1  |[0m I0713 07:58:06.497150 p2p/nat/nat.go:122] network port tcp:30303 could not be mapped: no UPnP or NAT-PMP router discovered
[33mgeth_2_1  |[0m I0713 07:58:06.563649 p2p/nat/nat.go:120] refresh port mapping tcp:30303 -> 30303 (ethereum p2p) using UPnP or NAT-PMP
[33mgeth_2_1  |[0m I0713 07:58:06.563788 p2p/nat/nat.go:122] network port tcp:30303 could not be mapped: no UPnP or NAT-PMP router discovered
[33mgeth_2_1  |[0m I0713 07:58:06.703413 eth/downloader/downloader.go:1942] Quality of service: rtt 20s, conf 1.000, ttl 1m0s
[36mgeth_1_1  |[0m I0713 07:58:06.889528 eth/downloader/downloader.go:1942] Quality of service: rtt 20s, conf 1.000, ttl 1m0s
[33mgeth_2_1  |[0m I0713 07:58:26.704909 eth/downloader/downloader.go:1942] Quality of service: rtt 20s, conf 1.000, ttl 1m0s
[36mgeth_1_1  |[0m I0713 07:58:26.891097 eth/downloader/downloader.go:1942] Quality of service: rtt 20s, conf 1.000, ttl 1m0s
[33mgeth_2_1  |[0m I0713 07:58:46.705245 eth/downloader/downloader.go:1942] Quality of service: rtt 20s, conf 1.000, ttl 1m0s
[36mgeth_1_1  |[0m I0713 07:58:46.892260 eth/downloader/downloader.go:1942] Quality of service: rtt 20s, conf 1.000, ttl 1m0s
[33mgeth_2_1  |[0m I0713 07:59:06.706230 eth/downloader/downloader.go:1942] Quality of service: rtt 20s, conf 1.000, ttl 1m0s
[36mgeth_1_1  |[0m I0713 07:59:06.895618 eth/downloader/downloader.go:1942] Quality of service: rtt 20s, conf 1.000, ttl 1m0s
[33mgeth_2_1  |[0m I0713 07:59:26.712506 eth/downloader/downloader.go:1942] Quality of service: rtt 20s, conf 1.000, ttl 1m0s
[36mgeth_1_1  |[0m I0713 07:59:26.896190 eth/downloader/downloader.go:1942] Quality of service: rtt 20s, conf 1.000, ttl 1m0s
[33mgeth_2_1  |[0m I0713 07:59:46.713360 eth/downloader/downloader.go:1942] Quality of service: rtt 20s, conf 1.000, ttl 1m0s
[36mgeth_1_1  |[0m I0713 07:59:46.897270 eth/downloader/downloader.go:1942] Quality of service: rtt 20s, conf 1.000, ttl 1m0s
[33mgeth_2_1  |[0m I0713 08:00:06.715956 eth/downloader/downloader.go:1942] Quality of service: rtt 20s, conf 1.000, ttl 1m0s
[36mgeth_1_1  |[0m I0713 08:00:06.899786 eth/downloader/downloader.go:1942] Quality of service: rtt 20s, conf 1.000, ttl 1m0s
[33mgeth_2_1  |[0m I0713 08:00:26.718332 eth/downloader/downloader.go:1942] Quality of service: rtt 20s, conf 1.000, ttl 1m0s
[36mgeth_1_1  |[0m I0713 08:00:26.900488 eth/downloader/downloader.go:1942] Quality of service: rtt 20s, conf 1.000, ttl 1m0s
[33mgeth_2_1  |[0m I0713 08:00:46.720338 eth/downloader/downloader.go:1942] Quality of service: rtt 20s, conf 1.000, ttl 1m0s
[36mgeth_1_1  |[0m I0713 08:00:46.918354 eth/downloader/downloader.go:1942] Quality of service: rtt 20s, conf 1.000, ttl 1m0s
[33mgeth_2_1  |[0m I0713 08:01:06.722045 eth/downloader/downloader.go:1942] Quality of service: rtt 20s, conf 1.000, ttl 1m0s
[36mgeth_1_1  |[0m I0713 08:01:06.918864 eth/downloader/downloader.go:1942] Quality of service: rtt 20s, conf 1.000, ttl 1m0s
[33mgeth_2_1  |[0m I0713 08:01:26.723211 eth/downloader/downloader.go:1942] Quality of service: rtt 20s, conf 1.000, ttl 1m0s
[36mgeth_1_1  |[0m I0713 08:01:26.919750 eth/downloader/downloader.go:1942] Quality of service: rtt 20s, conf 1.000, ttl 1m0s
[33mgeth_2_1  |[0m I0713 08:01:46.725428 eth/downloader/downloader.go:1942] Quality of service: rtt 20s, conf 1.000, ttl 1m0s
[36mgeth_1_1  |[0m I0713 08:01:46.920668 eth/downloader/downloader.go:1942] Quality of service: rtt 20s, conf 1.000, ttl 1m0s
[33mgeth_2_1  |[0m I0713 08:02:06.727370 eth/downloader/downloader.go:1942] Quality of service: rtt 20s, conf 1.000, ttl 1m0s
[36mgeth_1_1  |[0m I0713 08:02:06.921738 eth/downloader/downloader.go:1942] Quality of service: rtt 20s, conf 1.000, ttl 1m0s
[33mgeth_2_1  |[0m I0713 08:02:26.728842 eth/downloader/downloader.go:1942] Quality of service: rtt 20s, conf 1.000, ttl 1m0s
[36mgeth_1_1  |[0m I0713 08:02:26.922604 eth/downloader/downloader.go:1942] Quality of service: rtt 20s, conf 1.000, ttl 1m0s
[33mgeth_2_1  |[0m I0713 08:02:46.736255 eth/downloader/downloader.go:1942] Quality of service: rtt 20s, conf 1.000, ttl 1m0s
[36mgeth_1_1  |[0m I0713 08:02:46.929203 eth/downloader/downloader.go:1942] Quality of service: rtt 20s, conf 1.000, ttl 1m0s
[33mgeth_2_1  |[0m I0713 08:03:06.739040 eth/downloader/downloader.go:1942] Quality of service: rtt 20s, conf 1.000, ttl 1m0s
[36mgeth_1_1  |[0m I0713 08:03:06.929910 eth/downloader/downloader.go:1942] Quality of service: rtt 20s, conf 1.000, ttl 1m0s
[33mgeth_2_1  |[0m I0713 08:03:26.743314 eth/downloader/downloader.go:1942] Quality of service: rtt 20s, conf 1.000, ttl 1m0s
[36mgeth_1_1  |[0m I0713 08:03:26.930956 eth/downloader/downloader.go:1942] Quality of service: rtt 20s, conf 1.000, ttl 1m0s
[33mgeth_2_1  |[0m I0713 08:03:46.744557 eth/downloader/downloader.go:1942] Quality of service: rtt 20s, conf 1.000, ttl 1m0s
[36mgeth_1_1  |[0m I0713 08:03:46.933376 eth/downloader/downloader.go:1942] Quality of service: rtt 20s, conf 1.000, ttl 1m0s
[33mgeth_2_1  |[0m I0713 08:04:06.748236 eth/downloader/downloader.go:1942] Quality of service: rtt 20s, conf 1.000, ttl 1m0s
[36mgeth_1_1  |[0m I0713 08:04:06.934868 eth/downloader/downloader.go:1942] Quality of service: rtt 20s, conf 1.000, ttl 1m0s
[33mgeth_2_1  |[0m I0713 08:04:26.749629 eth/downloader/downloader.go:1942] Quality of service: rtt 20s, conf 1.000, ttl 1m0s
[36mgeth_1_1  |[0m I0713 08:04:26.935307 eth/downloader/downloader.go:1942] Quality of service: rtt 20s, conf 1.000, ttl 1m0s
[33mgeth_2_1  |[0m I0713 08:04:46.750556 eth/downloader/downloader.go:1942] Quality of service: rtt 20s, conf 1.000, ttl 1m0s
[36mgeth_1_1  |[0m I0713 08:04:46.938055 eth/downloader/downloader.go:1942] Quality of service: rtt 20s, conf 1.000, ttl 1m0s
[33mgeth_2_1  |[0m I0713 08:05:06.751623 eth/downloader/downloader.go:1942] Quality of service: rtt 20s, conf 1.000, ttl 1m0s
[36mgeth_1_1  |[0m I0713 08:05:06.943944 eth/downloader/downloader.go:1942] Quality of service: rtt 20s, conf 1.000, ttl 1m0s
[33mgeth_2_1  |[0m I0713 08:05:26.754482 eth/downloader/downloader.go:1942] Quality of service: rtt 20s, conf 1.000, ttl 1m0s
[36mgeth_1_1  |[0m I0713 08:05:26.944452 eth/downloader/downloader.go:1942] Quality of service: rtt 20s, conf 1.000, ttl 1m0s
[33mgeth_2_1  |[0m I0713 08:05:46.755519 eth/downloader/downloader.go:1942] Quality of service: rtt 20s, conf 1.000, ttl 1m0s
[36mgeth_1_1  |[0m I0713 08:05:46.945239 eth/downloader/downloader.go:1942] Quality of service: rtt 20s, conf 1.000, ttl 1m0s
[33mgeth_2_1  |[0m I0713 08:06:06.756688 eth/downloader/downloader.go:1942] Quality of service: rtt 20s, conf 1.000, ttl 1m0s
[36mgeth_1_1  |[0m I0713 08:06:06.946221 eth/downloader/downloader.go:1942] Quality of service: rtt 20s, conf 1.000, ttl 1m0s
[33mgeth_2_1  |[0m I0713 08:06:26.758591 eth/downloader/downloader.go:1942] Quality of service: rtt 20s, conf 1.000, ttl 1m0s
[36mgeth_1_1  |[0m I0713 08:06:26.948020 eth/downloader/downloader.go:1942] Quality of service: rtt 20s, conf 1.000, ttl 1m0s
[33mgeth_2_1  |[0m I0713 08:06:46.760987 eth/downloader/downloader.go:1942] Quality of service: rtt 20s, conf 1.000, ttl 1m0s
[36mgeth_1_1  |[0m I0713 08:06:46.952720 eth/downloader/downloader.go:1942] Quality of service: rtt 20s, conf 1.000, ttl 1m0s
[33mgeth_2_1  |[0m I0713 08:07:06.762170 eth/downloader/downloader.go:1942] Quality of service: rtt 20s, conf 1.000, ttl 1m0s
[36mgeth_1_1  |[0m I0713 08:07:06.959555 eth/downloader/downloader.go:1942] Quality of service: rtt 20s, conf 1.000, ttl 1m0s
[33mgeth_2_1  |[0m I0713 08:07:26.763192 eth/downloader/downloader.go:1942] Quality of service: rtt 20s, conf 1.000, ttl 1m0s
[36mgeth_1_1  |[0m I0713 08:07:26.960733 eth/downloader/downloader.go:1942] Quality of service: rtt 20s, conf 1.000, ttl 1m0s
[33mgeth_2_1  |[0m I0713 08:07:46.763979 eth/downloader/downloader.go:1942] Quality of service: rtt 20s, conf 1.000, ttl 1m0s
[36mgeth_1_1  |[0m I0713 08:07:46.961372 eth/downloader/downloader.go:1942] Quality of service: rtt 20s, conf 1.000, ttl 1m0s
[33mgeth_2_1  |[0m I0713 08:08:06.769316 eth/downloader/downloader.go:1942] Quality of service: rtt 20s, conf 1.000, ttl 1m0s
[36mgeth_1_1  |[0m I0713 08:08:06.966436 eth/downloader/downloader.go:1942] Quality of service: rtt 20s, conf 1.000, ttl 1m0s
[33mgeth_2_1  |[0m I0713 08:08:26.770906 eth/downloader/downloader.go:1942] Quality of service: rtt 20s, conf 1.000, ttl 1m0s
[36mgeth_1_1  |[0m I0713 08:08:26.967345 eth/downloader/downloader.go:1942] Quality of service: rtt 20s, conf 1.000, ttl 1m0s
[33mgeth_2_1  |[0m I0713 08:08:46.771722 eth/downloader/downloader.go:1942] Quality of service: rtt 20s, conf 1.000, ttl 1m0s
[36mgeth_1_1  |[0m I0713 08:08:46.971652 eth/downloader/downloader.go:1942] Quality of service: rtt 20s, conf 1.000, ttl 1m0s
[33mgeth_2_1  |[0m I0713 08:09:06.778453 eth/downloader/downloader.go:1942] Quality of service: rtt 20s, conf 1.000, ttl 1m0s
[36mgeth_1_1  |[0m I0713 08:09:06.971967 eth/downloader/downloader.go:1942] Quality of service: rtt 20s, conf 1.000, ttl 1m0s
[33mgeth_2_1  |[0m I0713 08:09:26.779151 eth/downloader/downloader.go:1942] Quality of service: rtt 20s, conf 1.000, ttl 1m0s
[36mgeth_1_1  |[0m I0713 08:09:26.974851 eth/downloader/downloader.go:1942] Quality of service: rtt 20s, conf 1.000, ttl 1m0s
[33mgeth_2_1  |[0m I0713 08:09:46.780256 eth/downloader/downloader.go:1942] Quality of service: rtt 20s, conf 1.000, ttl 1m0s
[36mgeth_1_1  |[0m I0713 08:09:46.983100 eth/downloader/downloader.go:1942] Quality of service: rtt 20s, conf 1.000, ttl 1m0s
[33mgeth_2_1  |[0m I0713 08:10:06.782275 eth/downloader/downloader.go:1942] Quality of service: rtt 20s, conf 1.000, ttl 1m0s
[36mgeth_1_1  |[0m I0713 08:10:06.984405 eth/downloader/downloader.go:1942] Quality of service: rtt 20s, conf 1.000, ttl 1m0s
[33mgeth_2_1  |[0m I0713 08:10:26.784232 eth/downloader/downloader.go:1942] Quality of service: rtt 20s, conf 1.000, ttl 1m0s
[36mgeth_1_1  |[0m I0713 08:10:26.985976 eth/downloader/downloader.go:1942] Quality of service: rtt 20s, conf 1.000, ttl 1m0s
[33mgeth_2_1  |[0m I0713 08:10:46.785301 eth/downloader/downloader.go:1942] Quality of service: rtt 20s, conf 1.000, ttl 1m0s
[36mgeth_1_1  |[0m I0713 08:10:46.991686 eth/downloader/downloader.go:1942] Quality of service: rtt 20s, conf 1.000, ttl 1m0s
[33mgeth_2_1  |[0m I0713 08:11:06.786297 eth/downloader/downloader.go:1942] Quality of service: rtt 20s, conf 1.000, ttl 1m0s
[36mgeth_1_1  |[0m I0713 08:11:06.993436 eth/downloader/downloader.go:1942] Quality of service: rtt 20s, conf 1.000, ttl 1m0s
[33mgeth_2_1  |[0m I0713 08:11:26.788822 eth/downloader/downloader.go:1942] Quality of service: rtt 20s, conf 1.000, ttl 1m0s
[36mgeth_1_1  |[0m I0713 08:11:26.994662 eth/downloader/downloader.go:1942] Quality of service: rtt 20s, conf 1.000, ttl 1m0s
[33mgeth_2_1  |[0m I0713 08:11:46.790621 eth/downloader/downloader.go:1942] Quality of service: rtt 20s, conf 1.000, ttl 1m0s
[36mgeth_1_1  |[0m I0713 08:11:46.995199 eth/downloader/downloader.go:1942] Quality of service: rtt 20s, conf 1.000, ttl 1m0s
[33mgeth_2_1  |[0m I0713 08:12:06.797453 eth/downloader/downloader.go:1942] Quality of service: rtt 20s, conf 1.000, ttl 1m0s
[36mgeth_1_1  |[0m I0713 08:12:06.996370 eth/downloader/downloader.go:1942] Quality of service: rtt 20s, conf 1.000, ttl 1m0s
[33mgeth_2_1  |[0m I0713 08:12:26.798305 eth/downloader/downloader.go:1942] Quality of service: rtt 20s, conf 1.000, ttl 1m0s
[36mgeth_1_1  |[0m I0713 08:12:27.001493 eth/downloader/downloader.go:1942] Quality of service: rtt 20s, conf 1.000, ttl 1m0s
[33mgeth_2_1  |[0m I0713 08:12:46.800336 eth/downloader/downloader.go:1942] Quality of service: rtt 20s, conf 1.000, ttl 1m0s
[36mgeth_1_1  |[0m I0713 08:12:47.001945 eth/downloader/downloader.go:1942] Quality of service: rtt 20s, conf 1.000, ttl 1m0s
[36mgeth_1_1  |[0m I0713 08:13:06.497498 p2p/nat/nat.go:120] refresh port mapping tcp:30303 -> 30303 (ethereum p2p) using UPnP or NAT-PMP
[36mgeth_1_1  |[0m I0713 08:13:06.497836 p2p/nat/nat.go:122] network port tcp:30303 could not be mapped: no UPnP or NAT-PMP router discovered
[33mgeth_2_1  |[0m I0713 08:13:06.567207 p2p/nat/nat.go:120] refresh port mapping tcp:30303 -> 30303 (ethereum p2p) using UPnP or NAT-PMP
[33mgeth_2_1  |[0m I0713 08:13:06.567668 p2p/nat/nat.go:122] network port tcp:30303 could not be mapped: no UPnP or NAT-PMP router discovered
[33mgeth_2_1  |[0m I0713 08:13:06.806718 eth/downloader/downloader.go:1942] Quality of service: rtt 20s, conf 1.000, ttl 1m0s
[36mgeth_1_1  |[0m I0713 08:13:07.003163 eth/downloader/downloader.go:1942] Quality of service: rtt 20s, conf 1.000, ttl 1m0s
[33mgeth_2_1  |[0m I0713 08:13:26.807591 eth/downloader/downloader.go:1942] Quality of service: rtt 20s, conf 1.000, ttl 1m0s
[36mgeth_1_1  |[0m I0713 08:13:27.006188 eth/downloader/downloader.go:1942] Quality of service: rtt 20s, conf 1.000, ttl 1m0s
[33mgeth_2_1  |[0m I0713 08:13:46.810871 eth/downloader/downloader.go:1942] Quality of service: rtt 20s, conf 1.000, ttl 1m0s
[36mgeth_1_1  |[0m I0713 08:13:47.006767 eth/downloader/downloader.go:1942] Quality of service: rtt 20s, conf 1.000, ttl 1m0s
[33mgeth_2_1  |[0m I0713 08:14:06.812533 eth/downloader/downloader.go:1942] Quality of service: rtt 20s, conf 1.000, ttl 1m0s
[36mgeth_1_1  |[0m I0713 08:14:07.009080 eth/downloader/downloader.go:1942] Quality of service: rtt 20s, conf 1.000, ttl 1m0s
[33mgeth_2_1  |[0m I0713 08:14:26.813364 eth/downloader/downloader.go:1942] Quality of service: rtt 20s, conf 1.000, ttl 1m0s
[36mgeth_1_1  |[0m I0713 08:14:27.009535 eth/downloader/downloader.go:1942] Quality of service: rtt 20s, conf 1.000, ttl 1m0s
[33mgeth_2_1  |[0m I0713 08:14:46.820073 eth/downloader/downloader.go:1942] Quality of service: rtt 20s, conf 1.000, ttl 1m0s
[36mgeth_1_1  |[0m I0713 08:14:47.011867 eth/downloader/downloader.go:1942] Quality of service: rtt 20s, conf 1.000, ttl 1m0s
[33mgeth_2_1  |[0m I0713 08:15:06.822039 eth/downloader/downloader.go:1942] Quality of service: rtt 20s, conf 1.000, ttl 1m0s
[36mgeth_1_1  |[0m I0713 08:15:07.013303 eth/downloader/downloader.go:1942] Quality of service: rtt 20s, conf 1.000, ttl 1m0s
[33mgeth_2_1  |[0m I0713 08:15:26.822805 eth/downloader/downloader.go:1942] Quality of service: rtt 20s, conf 1.000, ttl 1m0s
[36mgeth_1_1  |[0m I0713 08:15:27.013841 eth/downloader/downloader.go:1942] Quality of service: rtt 20s, conf 1.000, ttl 1m0s
[33mgeth_2_1  |[0m I0713 08:15:46.831186 eth/downloader/downloader.go:1942] Quality of service: rtt 20s, conf 1.000, ttl 1m0s
[36mgeth_1_1  |[0m I0713 08:15:47.019604 eth/downloader/downloader.go:1942] Quality of service: rtt 20s, conf 1.000, ttl 1m0s
[33mgeth_2_1  |[0m I0713 08:16:06.832437 eth/downloader/downloader.go:1942] Quality of service: rtt 20s, conf 1.000, ttl 1m0s
[36mgeth_1_1  |[0m I0713 08:16:07.019850 eth/downloader/downloader.go:1942] Quality of service: rtt 20s, conf 1.000, ttl 1m0s
[33mgeth_2_1  |[0m I0713 08:16:26.835095 eth/downloader/downloader.go:1942] Quality of service: rtt 20s, conf 1.000, ttl 1m0s
[36mgeth_1_1  |[0m I0713 08:16:27.023288 eth/downloader/downloader.go:1942] Quality of service: rtt 20s, conf 1.000, ttl 1m0s
[33mgeth_2_1  |[0m I0713 08:16:46.836900 eth/downloader/downloader.go:1942] Quality of service: rtt 20s, conf 1.000, ttl 1m0s
[36mgeth_1_1  |[0m I0713 08:16:47.026342 eth/downloader/downloader.go:1942] Quality of service: rtt 20s, conf 1.000, ttl 1m0s
[33mgeth_2_1  |[0m I0713 08:17:06.839783 eth/downloader/downloader.go:1942] Quality of service: rtt 20s, conf 1.000, ttl 1m0s
[36mgeth_1_1  |[0m I0713 08:17:07.028183 eth/downloader/downloader.go:1942] Quality of service: rtt 20s, conf 1.000, ttl 1m0s
[33mgeth_2_1  |[0m I0713 08:17:26.841637 eth/downloader/downloader.go:1942] Quality of service: rtt 20s, conf 1.000, ttl 1m0s
[36mgeth_1_1  |[0m I0713 08:17:27.029190 eth/downloader/downloader.go:1942] Quality of service: rtt 20s, conf 1.000, ttl 1m0s
[33mgeth_2_1  |[0m I0713 08:17:46.845311 eth/downloader/downloader.go:1942] Quality of service: rtt 20s, conf 1.000, ttl 1m0s
[36mgeth_1_1  |[0m I0713 08:17:47.032415 eth/downloader/downloader.go:1942] Quality of service: rtt 20s, conf 1.000, ttl 1m0s
[33mgeth_2_1  |[0m I0713 08:18:06.846713 eth/downloader/downloader.go:1942] Quality of service: rtt 20s, conf 1.000, ttl 1m0s
[36mgeth_1_1  |[0m I0713 08:18:07.035783 eth/downloader/downloader.go:1942] Quality of service: rtt 20s, conf 1.000, ttl 1m0s
[33mgeth_2_1  |[0m I0713 08:18:26.848415 eth/downloader/downloader.go:1942] Quality of service: rtt 20s, conf 1.000, ttl 1m0s
[36mgeth_1_1  |[0m I0713 08:18:27.041199 eth/downloader/downloader.go:1942] Quality of service: rtt 20s, conf 1.000, ttl 1m0s
[33mgeth_2_1  |[0m I0713 08:18:46.849176 eth/downloader/downloader.go:1942] Quality of service: rtt 20s, conf 1.000, ttl 1m0s
[36mgeth_1_1  |[0m I0713 08:18:47.045162 eth/downloader/downloader.go:1942] Quality of service: rtt 20s, conf 1.000, ttl 1m0s
[33mgeth_2_1  |[0m I0713 08:19:06.849671 eth/downloader/downloader.go:1942] Quality of service: rtt 20s, conf 1.000, ttl 1m0s
[36mgeth_1_1  |[0m I0713 08:19:07.045961 eth/downloader/downloader.go:1942] Quality of service: rtt 20s, conf 1.000, ttl 1m0s
[33mgeth_2_1  |[0m I0713 08:19:26.850262 eth/downloader/downloader.go:1942] Quality of service: rtt 20s, conf 1.000, ttl 1m0s
[36mgeth_1_1  |[0m I0713 08:19:27.054607 eth/downloader/downloader.go:1942] Quality of service: rtt 20s, conf 1.000, ttl 1m0s
[33mgeth_2_1  |[0m I0713 08:19:46.851068 eth/downloader/downloader.go:1942] Quality of service: rtt 20s, conf 1.000, ttl 1m0s
[36mgeth_1_1  |[0m I0713 08:19:47.056030 eth/downloader/downloader.go:1942] Quality of service: rtt 20s, conf 1.000, ttl 1m0s
[33mgeth_2_1  |[0m I0713 08:20:06.852658 eth/downloader/downloader.go:1942] Quality of service: rtt 20s, conf 1.000, ttl 1m0s
[36mgeth_1_1  |[0m I0713 08:20:07.059204 eth/downloader/downloader.go:1942] Quality of service: rtt 20s, conf 1.000, ttl 1m0s
[33mgeth_2_1  |[0m I0713 08:20:26.853096 eth/downloader/downloader.go:1942] Quality of service: rtt 20s, conf 1.000, ttl 1m0s
[36mgeth_1_1  |[0m I0713 08:20:27.060119 eth/downloader/downloader.go:1942] Quality of service: rtt 20s, conf 1.000, ttl 1m0s
[33mgeth_2_1  |[0m I0713 08:20:46.855171 eth/downloader/downloader.go:1942] Quality of service: rtt 20s, conf 1.000, ttl 1m0s
[36mgeth_1_1  |[0m I0713 08:20:47.087158 eth/downloader/downloader.go:1942] Quality of service: rtt 20s, conf 1.000, ttl 1m0s
[33mgeth_2_1  |[0m I0713 08:21:06.857210 eth/downloader/downloader.go:1942] Quality of service: rtt 20s, conf 1.000, ttl 1m0s
[36mgeth_1_1  |[0m I0713 08:21:07.088557 eth/downloader/downloader.go:1942] Quality of service: rtt 20s, conf 1.000, ttl 1m0s
[33mgeth_2_1  |[0m I0713 08:21:26.859788 eth/downloader/downloader.go:1942] Quality of service: rtt 20s, conf 1.000, ttl 1m0s
[36mgeth_1_1  |[0m I0713 08:21:27.089690 eth/downloader/downloader.go:1942] Quality of service: rtt 20s, conf 1.000, ttl 1m0s
[33mgeth_2_1  |[0m I0713 08:21:46.861469 eth/downloader/downloader.go:1942] Quality of service: rtt 20s, conf 1.000, ttl 1m0s
[36mgeth_1_1  |[0m I0713 08:21:47.091083 eth/downloader/downloader.go:1942] Quality of service: rtt 20s, conf 1.000, ttl 1m0s
[33mgeth_2_1  |[0m I0713 08:22:06.862563 eth/downloader/downloader.go:1942] Quality of service: rtt 20s, conf 1.000, ttl 1m0s
[36mgeth_1_1  |[0m I0713 08:22:07.092081 eth/downloader/downloader.go:1942] Quality of service: rtt 20s, conf 1.000, ttl 1m0s
[33mgeth_2_1  |[0m I0713 08:22:26.865490 eth/downloader/downloader.go:1942] Quality of service: rtt 20s, conf 1.000, ttl 1m0s
[36mgeth_1_1  |[0m I0713 08:22:27.096851 eth/downloader/downloader.go:1942] Quality of service: rtt 20s, conf 1.000, ttl 1m0s
[33mgeth_2_1  |[0m I0713 08:22:46.867323 eth/downloader/downloader.go:1942] Quality of service: rtt 20s, conf 1.000, ttl 1m0s
[36mgeth_1_1  |[0m I0713 08:22:47.097600 eth/downloader/downloader.go:1942] Quality of service: rtt 20s, conf 1.000, ttl 1m0s
[33mgeth_2_1  |[0m I0713 08:23:06.868159 eth/downloader/downloader.go:1942] Quality of service: rtt 20s, conf 1.000, ttl 1m0s
[36mgeth_1_1  |[0m I0713 08:23:07.098424 eth/downloader/downloader.go:1942] Quality of service: rtt 20s, conf 1.000, ttl 1m0s
[33mgeth_2_1  |[0m I0713 08:23:26.868621 eth/downloader/downloader.go:1942] Quality of service: rtt 20s, conf 1.000, ttl 1m0s
[36mgeth_1_1  |[0m I0713 08:23:27.105723 eth/downloader/downloader.go:1942] Quality of service: rtt 20s, conf 1.000, ttl 1m0s
[33mgeth_2_1  |[0m I0713 08:23:46.869331 eth/downloader/downloader.go:1942] Quality of service: rtt 20s, conf 1.000, ttl 1m0s
[36mgeth_1_1  |[0m I0713 08:23:47.106448 eth/downloader/downloader.go:1942] Quality of service: rtt 20s, conf 1.000, ttl 1m0s
[33mgeth_2_1  |[0m I0713 08:24:06.870789 eth/downloader/downloader.go:1942] Quality of service: rtt 20s, conf 1.000, ttl 1m0s
[36mgeth_1_1  |[0m I0713 08:24:07.111372 eth/downloader/downloader.go:1942] Quality of service: rtt 20s, conf 1.000, ttl 1m0s
[33mgeth_2_1  |[0m I0713 08:24:26.872186 eth/downloader/downloader.go:1942] Quality of service: rtt 20s, conf 1.000, ttl 1m0s
[36mgeth_1_1  |[0m I0713 08:24:27.112553 eth/downloader/downloader.go:1942] Quality of service: rtt 20s, conf 1.000, ttl 1m0s
[33mgeth_2_1  |[0m I0713 08:24:46.872912 eth/downloader/downloader.go:1942] Quality of service: rtt 20s, conf 1.000, ttl 1m0s
[36mgeth_1_1  |[0m I0713 08:24:47.113617 eth/downloader/downloader.go:1942] Quality of service: rtt 20s, conf 1.000, ttl 1m0s
[33mgeth_2_1  |[0m I0713 08:25:06.873520 eth/downloader/downloader.go:1942] Quality of service: rtt 20s, conf 1.000, ttl 1m0s
[36mgeth_1_1  |[0m I0713 08:25:07.115761 eth/downloader/downloader.go:1942] Quality of service: rtt 20s, conf 1.000, ttl 1m0s
[33mgeth_2_1  |[0m I0713 08:25:26.875154 eth/downloader/downloader.go:1942] Quality of service: rtt 20s, conf 1.000, ttl 1m0s
[36mgeth_1_1  |[0m I0713 08:25:27.116608 eth/downloader/downloader.go:1942] Quality of service: rtt 20s, conf 1.000, ttl 1m0s
[33mgeth_2_1  |[0m I0713 08:25:46.875825 eth/downloader/downloader.go:1942] Quality of service: rtt 20s, conf 1.000, ttl 1m0s
[36mgeth_1_1  |[0m I0713 08:25:47.117929 eth/downloader/downloader.go:1942] Quality of service: rtt 20s, conf 1.000, ttl 1m0s
[33mgeth_2_1  |[0m I0713 08:26:06.879177 eth/downloader/downloader.go:1942] Quality of service: rtt 20s, conf 1.000, ttl 1m0s
[36mgeth_1_1  |[0m I0713 08:26:07.123004 eth/downloader/downloader.go:1942] Quality of service: rtt 20s, conf 1.000, ttl 1m0s
[33mgeth_2_1  |[0m I0713 08:26:26.882228 eth/downloader/downloader.go:1942] Quality of service: rtt 20s, conf 1.000, ttl 1m0s
[36mgeth_1_1  |[0m I0713 08:26:27.125236 eth/downloader/downloader.go:1942] Quality of service: rtt 20s, conf 1.000, ttl 1m0s
[33mgeth_2_1  |[0m I0713 08:26:46.884622 eth/downloader/downloader.go:1942] Quality of service: rtt 20s, conf 1.000, ttl 1m0s
[36mgeth_1_1  |[0m I0713 08:26:47.126539 eth/downloader/downloader.go:1942] Quality of service: rtt 20s, conf 1.000, ttl 1m0s
[33mgeth_2_1  |[0m I0713 08:27:06.885501 eth/downloader/downloader.go:1942] Quality of service: rtt 20s, conf 1.000, ttl 1m0s
[36mgeth_1_1  |[0m I0713 08:27:07.128048 eth/downloader/downloader.go:1942] Quality of service: rtt 20s, conf 1.000, ttl 1m0s
[33mgeth_2_1  |[0m I0713 08:27:26.886488 eth/downloader/downloader.go:1942] Quality of service: rtt 20s, conf 1.000, ttl 1m0s
[36mgeth_1_1  |[0m I0713 08:27:27.128415 eth/downloader/downloader.go:1942] Quality of service: rtt 20s, conf 1.000, ttl 1m0s
[33mgeth_2_1  |[0m I0713 08:27:46.889752 eth/downloader/downloader.go:1942] Quality of service: rtt 20s, conf 1.000, ttl 1m0s
[36mgeth_1_1  |[0m I0713 08:27:47.133803 eth/downloader/downloader.go:1942] Quality of service: rtt 20s, conf 1.000, ttl 1m0s
[36mgeth_1_1  |[0m I0713 08:28:06.499670 p2p/nat/nat.go:120] refresh port mapping tcp:30303 -> 30303 (ethereum p2p) using UPnP or NAT-PMP
[36mgeth_1_1  |[0m I0713 08:28:06.499742 p2p/nat/nat.go:122] network port tcp:30303 could not be mapped: no UPnP or NAT-PMP router discovered
[36mgeth_1_1  |[0m I0713 08:28:06.500400 release/release.go:116] Release oracle not found at fa7b9770ca4cb04296cac84f37736d4041251cdf
[33mgeth_2_1  |[0m I0713 08:28:06.565170 release/release.go:116] Release oracle not found at fa7b9770ca4cb04296cac84f37736d4041251cdf
[33mgeth_2_1  |[0m I0713 08:28:06.569546 p2p/nat/nat.go:120] refresh port mapping tcp:30303 -> 30303 (ethereum p2p) using UPnP or NAT-PMP
[33mgeth_2_1  |[0m I0713 08:28:06.569598 p2p/nat/nat.go:122] network port tcp:30303 could not be mapped: no UPnP or NAT-PMP router discovered
[33mgeth_2_1  |[0m I0713 08:28:06.891602 eth/downloader/downloader.go:1942] Quality of service: rtt 20s, conf 1.000, ttl 1m0s
[36mgeth_1_1  |[0m I0713 08:28:07.134751 eth/downloader/downloader.go:1942] Quality of service: rtt 20s, conf 1.000, ttl 1m0s
[33mgeth_2_1  |[0m I0713 08:28:26.893151 eth/downloader/downloader.go:1942] Quality of service: rtt 20s, conf 1.000, ttl 1m0s
[36mgeth_1_1  |[0m I0713 08:28:27.139244 eth/downloader/downloader.go:1942] Quality of service: rtt 20s, conf 1.000, ttl 1m0s
[33mgeth_2_1  |[0m I0713 08:28:46.893700 eth/downloader/downloader.go:1942] Quality of service: rtt 20s, conf 1.000, ttl 1m0s
[36mgeth_1_1  |[0m I0713 08:28:47.139874 eth/downloader/downloader.go:1942] Quality of service: rtt 20s, conf 1.000, ttl 1m0s
[33mgeth_2_1  |[0m I0713 08:29:06.894066 eth/downloader/downloader.go:1942] Quality of service: rtt 20s, conf 1.000, ttl 1m0s
[36mgeth_1_1  |[0m I0713 08:29:07.143052 eth/downloader/downloader.go:1942] Quality of service: rtt 20s, conf 1.000, ttl 1m0s
[33mgeth_2_1  |[0m I0713 08:29:26.894607 eth/downloader/downloader.go:1942] Quality of service: rtt 20s, conf 1.000, ttl 1m0s
[36mgeth_1_1  |[0m I0713 08:29:27.143456 eth/downloader/downloader.go:1942] Quality of service: rtt 20s, conf 1.000, ttl 1m0s
[33mgeth_2_1  |[0m I0713 08:29:46.895008 eth/downloader/downloader.go:1942] Quality of service: rtt 20s, conf 1.000, ttl 1m0s
[36mgeth_1_1  |[0m I0713 08:29:47.144500 eth/downloader/downloader.go:1942] Quality of service: rtt 20s, conf 1.000, ttl 1m0s
[33mgeth_2_1  |[0m I0713 08:30:06.896969 eth/downloader/downloader.go:1942] Quality of service: rtt 20s, conf 1.000, ttl 1m0s
[36mgeth_1_1  |[0m I0713 08:30:07.145946 eth/downloader/downloader.go:1942] Quality of service: rtt 20s, conf 1.000, ttl 1m0s
[33mgeth_2_1  |[0m I0713 08:30:26.898343 eth/downloader/downloader.go:1942] Quality of service: rtt 20s, conf 1.000, ttl 1m0s
[36mgeth_1_1  |[0m I0713 08:30:27.149947 eth/downloader/downloader.go:1942] Quality of service: rtt 20s, conf 1.000, ttl 1m0s
[33mgeth_2_1  |[0m I0713 08:30:46.901420 eth/downloader/downloader.go:1942] Quality of service: rtt 20s, conf 1.000, ttl 1m0s
[36mgeth_1_1  |[0m I0713 08:30:47.151188 eth/downloader/downloader.go:1942] Quality of service: rtt 20s, conf 1.000, ttl 1m0s
[33mgeth_2_1  |[0m I0713 08:31:06.904300 eth/downloader/downloader.go:1942] Quality of service: rtt 20s, conf 1.000, ttl 1m0s
[36mgeth_1_1  |[0m I0713 08:31:07.154871 eth/downloader/downloader.go:1942] Quality of service: rtt 20s, conf 1.000, ttl 1m0s
[33mgeth_2_1  |[0m I0713 08:31:26.907737 eth/downloader/downloader.go:1942] Quality of service: rtt 20s, conf 1.000, ttl 1m0s
[36mgeth_1_1  |[0m I0713 08:31:27.156040 eth/downloader/downloader.go:1942] Quality of service: rtt 20s, conf 1.000, ttl 1m0s
[33mgeth_2_1  |[0m I0713 08:31:46.909351 eth/downloader/downloader.go:1942] Quality of service: rtt 20s, conf 1.000, ttl 1m0s
[36mgeth_1_1  |[0m I0713 08:31:47.157514 eth/downloader/downloader.go:1942] Quality of service: rtt 20s, conf 1.000, ttl 1m0s
[33mgeth_2_1  |[0m I0713 08:32:06.909724 eth/downloader/downloader.go:1942] Quality of service: rtt 20s, conf 1.000, ttl 1m0s
[36mgeth_1_1  |[0m I0713 08:32:07.159165 eth/downloader/downloader.go:1942] Quality of service: rtt 20s, conf 1.000, ttl 1m0s
[33mgeth_2_1  |[0m I0713 08:32:26.755977 eth/downloader/downloader.go:1942] Quality of service: rtt 20s, conf 1.000, ttl 1m0s
[36mgeth_1_1  |[0m I0713 08:32:27.004956 eth/downloader/downloader.go:1942] Quality of service: rtt 20s, conf 1.000, ttl 1m0s
[33mgeth_2_1  |[0m I0713 08:32:46.757455 eth/downloader/downloader.go:1942] Quality of service: rtt 20s, conf 1.000, ttl 1m0s
[36mgeth_1_1  |[0m I0713 08:32:47.006556 eth/downloader/downloader.go:1942] Quality of service: rtt 20s, conf 1.000, ttl 1m0s
[33mgeth_2_1  |[0m I0713 08:33:06.758891 eth/downloader/downloader.go:1942] Quality of service: rtt 20s, conf 1.000, ttl 1m0s
[36mgeth_1_1  |[0m I0713 08:33:07.007001 eth/downloader/downloader.go:1942] Quality of service: rtt 20s, conf 1.000, ttl 1m0s
[33mgeth_2_1  |[0m I0713 08:33:26.759415 eth/downloader/downloader.go:1942] Quality of service: rtt 20s, conf 1.000, ttl 1m0s
[36mgeth_1_1  |[0m I0713 08:33:27.012644 eth/downloader/downloader.go:1942] Quality of service: rtt 20s, conf 1.000, ttl 1m0s
[33mgeth_2_1  |[0m I0713 08:33:46.760524 eth/downloader/downloader.go:1942] Quality of service: rtt 20s, conf 1.000, ttl 1m0s
[36mgeth_1_1  |[0m I0713 08:33:47.013719 eth/downloader/downloader.go:1942] Quality of service: rtt 20s, conf 1.000, ttl 1m0s
[33mgeth_2_1  |[0m I0713 08:34:06.763515 eth/downloader/downloader.go:1942] Quality of service: rtt 20s, conf 1.000, ttl 1m0s
[36mgeth_1_1  |[0m I0713 08:34:07.014532 eth/downloader/downloader.go:1942] Quality of service: rtt 20s, conf 1.000, ttl 1m0s
[33mgeth_2_1  |[0m I0713 08:34:26.764327 eth/downloader/downloader.go:1942] Quality of service: rtt 20s, conf 1.000, ttl 1m0s
[36mgeth_1_1  |[0m I0713 08:34:27.016856 eth/downloader/downloader.go:1942] Quality of service: rtt 20s, conf 1.000, ttl 1m0s
[33mgeth_2_1  |[0m I0713 08:34:46.767068 eth/downloader/downloader.go:1942] Quality of service: rtt 20s, conf 1.000, ttl 1m0s
[36mgeth_1_1  |[0m I0713 08:34:47.017876 eth/downloader/downloader.go:1942] Quality of service: rtt 20s, conf 1.000, ttl 1m0s
[33mgeth_2_1  |[0m I0713 08:35:06.767709 eth/downloader/downloader.go:1942] Quality of service: rtt 20s, conf 1.000, ttl 1m0s
[36mgeth_1_1  |[0m I0713 08:35:07.018605 eth/downloader/downloader.go:1942] Quality of service: rtt 20s, conf 1.000, ttl 1m0s
[33mgeth_2_1  |[0m I0713 08:35:26.769195 eth/downloader/downloader.go:1942] Quality of service: rtt 20s, conf 1.000, ttl 1m0s
[36mgeth_1_1  |[0m I0713 08:35:27.019498 eth/downloader/downloader.go:1942] Quality of service: rtt 20s, conf 1.000, ttl 1m0s
[33mgeth_2_1  |[0m I0713 08:35:46.770300 eth/downloader/downloader.go:1942] Quality of service: rtt 20s, conf 1.000, ttl 1m0s
[36mgeth_1_1  |[0m I0713 08:35:47.020213 eth/downloader/downloader.go:1942] Quality of service: rtt 20s, conf 1.000, ttl 1m0s
[33mgeth_2_1  |[0m I0713 08:36:06.770904 eth/downloader/downloader.go:1942] Quality of service: rtt 20s, conf 1.000, ttl 1m0s
[36mgeth_1_1  |[0m I0713 08:36:07.022078 eth/downloader/downloader.go:1942] Quality of service: rtt 20s, conf 1.000, ttl 1m0s
[33mgeth_2_1  |[0m I0713 08:36:26.771419 eth/downloader/downloader.go:1942] Quality of service: rtt 20s, conf 1.000, ttl 1m0s
[36mgeth_1_1  |[0m I0713 08:36:27.029400 eth/downloader/downloader.go:1942] Quality of service: rtt 20s, conf 1.000, ttl 1m0s
[33mgeth_2_1  |[0m I0713 08:36:46.772224 eth/downloader/downloader.go:1942] Quality of service: rtt 20s, conf 1.000, ttl 1m0s
[36mgeth_1_1  |[0m I0713 08:36:47.031497 eth/downloader/downloader.go:1942] Quality of service: rtt 20s, conf 1.000, ttl 1m0s
[33mgeth_2_1  |[0m I0713 08:37:06.773890 eth/downloader/downloader.go:1942] Quality of service: rtt 20s, conf 1.000, ttl 1m0s
[36mgeth_1_1  |[0m I0713 08:37:07.032779 eth/downloader/downloader.go:1942] Quality of service: rtt 20s, conf 1.000, ttl 1m0s
[33mgeth_2_1  |[0m I0713 08:37:26.774438 eth/downloader/downloader.go:1942] Quality of service: rtt 20s, conf 1.000, ttl 1m0s
[36mgeth_1_1  |[0m I0713 08:37:27.034073 eth/downloader/downloader.go:1942] Quality of service: rtt 20s, conf 1.000, ttl 1m0s
[33mgeth_2_1  |[0m I0713 08:37:46.777634 eth/downloader/downloader.go:1942] Quality of service: rtt 20s, conf 1.000, ttl 1m0s
[36mgeth_1_1  |[0m I0713 08:37:47.034693 eth/downloader/downloader.go:1942] Quality of service: rtt 20s, conf 1.000, ttl 1m0s
[33mgeth_2_1  |[0m I0713 08:38:06.781041 eth/downloader/downloader.go:1942] Quality of service: rtt 20s, conf 1.000, ttl 1m0s
[36mgeth_1_1  |[0m I0713 08:38:07.036476 eth/downloader/downloader.go:1942] Quality of service: rtt 20s, conf 1.000, ttl 1m0s
[33mgeth_2_1  |[0m I0713 08:38:26.781972 eth/downloader/downloader.go:1942] Quality of service: rtt 20s, conf 1.000, ttl 1m0s
[36mgeth_1_1  |[0m I0713 08:38:27.040730 eth/downloader/downloader.go:1942] Quality of service: rtt 20s, conf 1.000, ttl 1m0s
[33mgeth_2_1  |[0m I0713 08:38:46.783276 eth/downloader/downloader.go:1942] Quality of service: rtt 20s, conf 1.000, ttl 1m0s
[36mgeth_1_1  |[0m I0713 08:38:47.042340 eth/downloader/downloader.go:1942] Quality of service: rtt 20s, conf 1.000, ttl 1m0s
[33mgeth_2_1  |[0m I0713 08:39:06.784529 eth/downloader/downloader.go:1942] Quality of service: rtt 20s, conf 1.000, ttl 1m0s
[36mgeth_1_1  |[0m I0713 08:39:07.043375 eth/downloader/downloader.go:1942] Quality of service: rtt 20s, conf 1.000, ttl 1m0s
[33mgeth_2_1  |[0m I0713 08:39:26.785265 eth/downloader/downloader.go:1942] Quality of service: rtt 20s, conf 1.000, ttl 1m0s
[36mgeth_1_1  |[0m I0713 08:39:27.046089 eth/downloader/downloader.go:1942] Quality of service: rtt 20s, conf 1.000, ttl 1m0s
[33mgeth_2_1  |[0m I0713 08:39:46.785804 eth/downloader/downloader.go:1942] Quality of service: rtt 20s, conf 1.000, ttl 1m0s
[36mgeth_1_1  |[0m I0713 08:39:47.048217 eth/downloader/downloader.go:1942] Quality of service: rtt 20s, conf 1.000, ttl 1m0s
[33mgeth_2_1  |[0m I0713 08:40:06.790609 eth/downloader/downloader.go:1942] Quality of service: rtt 20s, conf 1.000, ttl 1m0s
[36mgeth_1_1  |[0m I0713 08:40:07.050897 eth/downloader/downloader.go:1942] Quality of service: rtt 20s, conf 1.000, ttl 1m0s
[33mgeth_2_1  |[0m I0713 08:40:26.791877 eth/downloader/downloader.go:1942] Quality of service: rtt 20s, conf 1.000, ttl 1m0s
[36mgeth_1_1  |[0m I0713 08:40:27.051169 eth/downloader/downloader.go:1942] Quality of service: rtt 20s, conf 1.000, ttl 1m0s
[33mgeth_2_1  |[0m I0713 08:40:46.793606 eth/downloader/downloader.go:1942] Quality of service: rtt 20s, conf 1.000, ttl 1m0s
[36mgeth_1_1  |[0m I0713 08:40:47.052912 eth/downloader/downloader.go:1942] Quality of service: rtt 20s, conf 1.000, ttl 1m0s
[33mgeth_2_1  |[0m I0713 08:41:06.794965 eth/downloader/downloader.go:1942] Quality of service: rtt 20s, conf 1.000, ttl 1m0s
[36mgeth_1_1  |[0m I0713 08:41:07.054377 eth/downloader/downloader.go:1942] Quality of service: rtt 20s, conf 1.000, ttl 1m0s
[33mgeth_2_1  |[0m I0713 08:41:26.796274 eth/downloader/downloader.go:1942] Quality of service: rtt 20s, conf 1.000, ttl 1m0s
[36mgeth_1_1  |[0m I0713 08:41:27.055908 eth/downloader/downloader.go:1942] Quality of service: rtt 20s, conf 1.000, ttl 1m0s
[33mgeth_2_1  |[0m I0713 08:41:46.802861 eth/downloader/downloader.go:1942] Quality of service: rtt 20s, conf 1.000, ttl 1m0s
[36mgeth_1_1  |[0m I0713 08:41:47.056491 eth/downloader/downloader.go:1942] Quality of service: rtt 20s, conf 1.000, ttl 1m0s
[33mgeth_2_1  |[0m I0713 08:42:06.807784 eth/downloader/downloader.go:1942] Quality of service: rtt 20s, conf 1.000, ttl 1m0s
[36mgeth_1_1  |[0m I0713 08:42:07.057495 eth/downloader/downloader.go:1942] Quality of service: rtt 20s, conf 1.000, ttl 1m0s
[33mgeth_2_1  |[0m I0713 08:42:26.808256 eth/downloader/downloader.go:1942] Quality of service: rtt 20s, conf 1.000, ttl 1m0s
[36mgeth_1_1  |[0m I0713 08:42:27.057803 eth/downloader/downloader.go:1942] Quality of service: rtt 20s, conf 1.000, ttl 1m0s
[33mgeth_2_1  |[0m I0713 08:42:46.665558 eth/downloader/downloader.go:1942] Quality of service: rtt 20s, conf 1.000, ttl 1m0s
[36mgeth_1_1  |[0m I0713 08:42:46.910296 eth/downloader/downloader.go:1942] Quality of service: rtt 20s, conf 1.000, ttl 1m0s
[36mgeth_1_1  |[0m I0713 08:43:06.197479 p2p/nat/nat.go:120] refresh port mapping tcp:30303 -> 30303 (ethereum p2p) using UPnP or NAT-PMP
[36mgeth_1_1  |[0m I0713 08:43:06.197578 p2p/nat/nat.go:122] network port tcp:30303 could not be mapped: no UPnP or NAT-PMP router discovered
[33mgeth_2_1  |[0m I0713 08:43:06.267379 p2p/nat/nat.go:120] refresh port mapping tcp:30303 -> 30303 (ethereum p2p) using UPnP or NAT-PMP
[33mgeth_2_1  |[0m I0713 08:43:06.267518 p2p/nat/nat.go:122] network port tcp:30303 could not be mapped: no UPnP or NAT-PMP router discovered
[33mgeth_2_1  |[0m I0713 08:43:06.667722 eth/downloader/downloader.go:1942] Quality of service: rtt 20s, conf 1.000, ttl 1m0s
[36mgeth_1_1  |[0m I0713 08:43:06.911164 eth/downloader/downloader.go:1942] Quality of service: rtt 20s, conf 1.000, ttl 1m0s
[33mgeth_2_1  |[0m I0713 08:43:26.671794 eth/downloader/downloader.go:1942] Quality of service: rtt 20s, conf 1.000, ttl 1m0s
[36mgeth_1_1  |[0m I0713 08:43:26.912750 eth/downloader/downloader.go:1942] Quality of service: rtt 20s, conf 1.000, ttl 1m0s
[33mgeth_2_1  |[0m I0713 08:43:46.673750 eth/downloader/downloader.go:1942] Quality of service: rtt 20s, conf 1.000, ttl 1m0s
[36mgeth_1_1  |[0m I0713 08:43:46.925789 eth/downloader/downloader.go:1942] Quality of service: rtt 20s, conf 1.000, ttl 1m0s
[33mgeth_2_1  |[0m I0713 08:44:06.677246 eth/downloader/downloader.go:1942] Quality of service: rtt 20s, conf 1.000, ttl 1m0s
[36mgeth_1_1  |[0m I0713 08:44:06.929047 eth/downloader/downloader.go:1942] Quality of service: rtt 20s, conf 1.000, ttl 1m0s
[33mgeth_2_1  |[0m I0713 08:44:26.679058 eth/downloader/downloader.go:1942] Quality of service: rtt 20s, conf 1.000, ttl 1m0s
[36mgeth_1_1  |[0m I0713 08:44:26.934179 eth/downloader/downloader.go:1942] Quality of service: rtt 20s, conf 1.000, ttl 1m0s
[33mgeth_2_1  |[0m I0713 08:44:46.680869 eth/downloader/downloader.go:1942] Quality of service: rtt 20s, conf 1.000, ttl 1m0s
[36mgeth_1_1  |[0m I0713 08:44:46.936626 eth/downloader/downloader.go:1942] Quality of service: rtt 20s, conf 1.000, ttl 1m0s
[33mgeth_2_1  |[0m I0713 08:45:06.687416 eth/downloader/downloader.go:1942] Quality of service: rtt 20s, conf 1.000, ttl 1m0s
[36mgeth_1_1  |[0m I0713 08:45:06.947447 eth/downloader/downloader.go:1942] Quality of service: rtt 20s, conf 1.000, ttl 1m0s
[33mgeth_2_1  |[0m I0713 08:45:26.688325 eth/downloader/downloader.go:1942] Quality of service: rtt 20s, conf 1.000, ttl 1m0s
[36mgeth_1_1  |[0m I0713 08:45:26.954503 eth/downloader/downloader.go:1942] Quality of service: rtt 20s, conf 1.000, ttl 1m0s
[33mgeth_2_1  |[0m I0713 08:45:46.688636 eth/downloader/downloader.go:1942] Quality of service: rtt 20s, conf 1.000, ttl 1m0s
[36mgeth_1_1  |[0m I0713 08:45:46.955228 eth/downloader/downloader.go:1942] Quality of service: rtt 20s, conf 1.000, ttl 1m0s
[33mgeth_2_1  |[0m I0713 08:46:06.689056 eth/downloader/downloader.go:1942] Quality of service: rtt 20s, conf 1.000, ttl 1m0s
[36mgeth_1_1  |[0m I0713 08:46:06.956179 eth/downloader/downloader.go:1942] Quality of service: rtt 20s, conf 1.000, ttl 1m0s
[33mgeth_2_1  |[0m I0713 08:46:26.689754 eth/downloader/downloader.go:1942] Quality of service: rtt 20s, conf 1.000, ttl 1m0s
[36mgeth_1_1  |[0m I0713 08:46:26.956652 eth/downloader/downloader.go:1942] Quality of service: rtt 20s, conf 1.000, ttl 1m0s
[33mgeth_2_1  |[0m I0713 08:46:46.690716 eth/downloader/downloader.go:1942] Quality of service: rtt 20s, conf 1.000, ttl 1m0s
[36mgeth_1_1  |[0m I0713 08:46:46.958012 eth/downloader/downloader.go:1942] Quality of service: rtt 20s, conf 1.000, ttl 1m0s
[33mgeth_2_1  |[0m I0713 08:47:06.691668 eth/downloader/downloader.go:1942] Quality of service: rtt 20s, conf 1.000, ttl 1m0s
[36mgeth_1_1  |[0m I0713 08:47:06.959737 eth/downloader/downloader.go:1942] Quality of service: rtt 20s, conf 1.000, ttl 1m0s
[33mgeth_2_1  |[0m I0713 08:47:26.692235 eth/downloader/downloader.go:1942] Quality of service: rtt 20s, conf 1.000, ttl 1m0s
[36mgeth_1_1  |[0m I0713 08:47:26.961637 eth/downloader/downloader.go:1942] Quality of service: rtt 20s, conf 1.000, ttl 1m0s
[33mgeth_2_1  |[0m I0713 08:47:46.692715 eth/downloader/downloader.go:1942] Quality of service: rtt 20s, conf 1.000, ttl 1m0s
[36mgeth_1_1  |[0m I0713 08:47:46.963320 eth/downloader/downloader.go:1942] Quality of service: rtt 20s, conf 1.000, ttl 1m0s
[33mgeth_2_1  |[0m I0713 08:48:06.696946 eth/downloader/downloader.go:1942] Quality of service: rtt 20s, conf 1.000, ttl 1m0s
[36mgeth_1_1  |[0m I0713 08:48:06.965128 eth/downloader/downloader.go:1942] Quality of service: rtt 20s, conf 1.000, ttl 1m0s
[33mgeth_2_1  |[0m I0713 08:48:26.697611 eth/downloader/downloader.go:1942] Quality of service: rtt 20s, conf 1.000, ttl 1m0s
[36mgeth_1_1  |[0m I0713 08:48:26.965715 eth/downloader/downloader.go:1942] Quality of service: rtt 20s, conf 1.000, ttl 1m0s
[33mgeth_2_1  |[0m I0713 08:48:46.698481 eth/downloader/downloader.go:1942] Quality of service: rtt 20s, conf 1.000, ttl 1m0s
[36mgeth_1_1  |[0m I0713 08:48:46.966544 eth/downloader/downloader.go:1942] Quality of service: rtt 20s, conf 1.000, ttl 1m0s
[33mgeth_2_1  |[0m I0713 08:49:06.702751 eth/downloader/downloader.go:1942] Quality of service: rtt 20s, conf 1.000, ttl 1m0s
[36mgeth_1_1  |[0m I0713 08:49:06.968038 eth/downloader/downloader.go:1942] Quality of service: rtt 20s, conf 1.000, ttl 1m0s
[33mgeth_2_1  |[0m I0713 08:49:26.704657 eth/downloader/downloader.go:1942] Quality of service: rtt 20s, conf 1.000, ttl 1m0s
[36mgeth_1_1  |[0m I0713 08:49:26.969120 eth/downloader/downloader.go:1942] Quality of service: rtt 20s, conf 1.000, ttl 1m0s
[33mgeth_2_1  |[0m I0713 08:49:46.706805 eth/downloader/downloader.go:1942] Quality of service: rtt 20s, conf 1.000, ttl 1m0s
[36mgeth_1_1  |[0m I0713 08:49:46.972251 eth/downloader/downloader.go:1942] Quality of service: rtt 20s, conf 1.000, ttl 1m0s
[33mgeth_2_1  |[0m I0713 08:50:06.708538 eth/downloader/downloader.go:1942] Quality of service: rtt 20s, conf 1.000, ttl 1m0s
[36mgeth_1_1  |[0m I0713 08:50:06.975146 eth/downloader/downloader.go:1942] Quality of service: rtt 20s, conf 1.000, ttl 1m0s
[33mgeth_2_1  |[0m I0713 08:50:26.721419 eth/downloader/downloader.go:1942] Quality of service: rtt 20s, conf 1.000, ttl 1m0s
[36mgeth_1_1  |[0m I0713 08:50:26.976247 eth/downloader/downloader.go:1942] Quality of service: rtt 20s, conf 1.000, ttl 1m0s
[33mgeth_2_1  |[0m I0713 08:50:46.722373 eth/downloader/downloader.go:1942] Quality of service: rtt 20s, conf 1.000, ttl 1m0s
[36mgeth_1_1  |[0m I0713 08:50:46.978249 eth/downloader/downloader.go:1942] Quality of service: rtt 20s, conf 1.000, ttl 1m0s
[33mgeth_2_1  |[0m I0713 08:51:06.724185 eth/downloader/downloader.go:1942] Quality of service: rtt 20s, conf 1.000, ttl 1m0s
[36mgeth_1_1  |[0m I0713 08:51:06.978974 eth/downloader/downloader.go:1942] Quality of service: rtt 20s, conf 1.000, ttl 1m0s
[33mgeth_2_1  |[0m I0713 08:51:26.724626 eth/downloader/downloader.go:1942] Quality of service: rtt 20s, conf 1.000, ttl 1m0s
[36mgeth_1_1  |[0m I0713 08:51:26.980916 eth/downloader/downloader.go:1942] Quality of service: rtt 20s, conf 1.000, ttl 1m0s
[33mgeth_2_1  |[0m I0713 08:51:46.725375 eth/downloader/downloader.go:1942] Quality of service: rtt 20s, conf 1.000, ttl 1m0s
[36mgeth_1_1  |[0m I0713 08:51:46.982077 eth/downloader/downloader.go:1942] Quality of service: rtt 20s, conf 1.000, ttl 1m0s
[33mgeth_2_1  |[0m I0713 08:52:06.568637 eth/downloader/downloader.go:1942] Quality of service: rtt 20s, conf 1.000, ttl 1m0s
[36mgeth_1_1  |[0m I0713 08:52:06.827820 eth/downloader/downloader.go:1942] Quality of service: rtt 20s, conf 1.000, ttl 1m0s
[33mgeth_2_1  |[0m I0713 08:52:26.569464 eth/downloader/downloader.go:1942] Quality of service: rtt 20s, conf 1.000, ttl 1m0s
[36mgeth_1_1  |[0m I0713 08:52:26.829080 eth/downloader/downloader.go:1942] Quality of service: rtt 20s, conf 1.000, ttl 1m0s
[33mgeth_2_1  |[0m I0713 08:52:46.570407 eth/downloader/downloader.go:1942] Quality of service: rtt 20s, conf 1.000, ttl 1m0s
[36mgeth_1_1  |[0m I0713 08:52:46.835077 eth/downloader/downloader.go:1942] Quality of service: rtt 20s, conf 1.000, ttl 1m0s
[33mgeth_2_1  |[0m I0713 08:53:06.573033 eth/downloader/downloader.go:1942] Quality of service: rtt 20s, conf 1.000, ttl 1m0s
[36mgeth_1_1  |[0m I0713 08:53:06.859356 eth/downloader/downloader.go:1942] Quality of service: rtt 20s, conf 1.000, ttl 1m0s
[33mgeth_2_1  |[0m I0713 08:53:26.585856 eth/downloader/downloader.go:1942] Quality of service: rtt 20s, conf 1.000, ttl 1m0s
[36mgeth_1_1  |[0m I0713 08:53:26.860250 eth/downloader/downloader.go:1942] Quality of service: rtt 20s, conf 1.000, ttl 1m0s
[33mgeth_2_1  |[0m I0713 08:53:46.593808 eth/downloader/downloader.go:1942] Quality of service: rtt 20s, conf 1.000, ttl 1m0s
[36mgeth_1_1  |[0m I0713 08:53:46.861809 eth/downloader/downloader.go:1942] Quality of service: rtt 20s, conf 1.000, ttl 1m0s
[33mgeth_2_1  |[0m I0713 08:54:06.596336 eth/downloader/downloader.go:1942] Quality of service: rtt 20s, conf 1.000, ttl 1m0s
[36mgeth_1_1  |[0m I0713 08:54:06.873213 eth/downloader/downloader.go:1942] Quality of service: rtt 20s, conf 1.000, ttl 1m0s
[33mgeth_2_1  |[0m I0713 08:54:26.598427 eth/downloader/downloader.go:1942] Quality of service: rtt 20s, conf 1.000, ttl 1m0s
[36mgeth_1_1  |[0m I0713 08:54:26.879407 eth/downloader/downloader.go:1942] Quality of service: rtt 20s, conf 1.000, ttl 1m0s
[33mgeth_2_1  |[0m I0713 08:54:46.598734 eth/downloader/downloader.go:1942] Quality of service: rtt 20s, conf 1.000, ttl 1m0s
[36mgeth_1_1  |[0m I0713 08:54:46.887049 eth/downloader/downloader.go:1942] Quality of service: rtt 20s, conf 1.000, ttl 1m0s
[33mgeth_2_1  |[0m I0713 08:55:06.599494 eth/downloader/downloader.go:1942] Quality of service: rtt 20s, conf 1.000, ttl 1m0s
[36mgeth_1_1  |[0m I0713 08:55:06.892532 eth/downloader/downloader.go:1942] Quality of service: rtt 20s, conf 1.000, ttl 1m0s
[33mgeth_2_1  |[0m I0713 08:55:26.600835 eth/downloader/downloader.go:1942] Quality of service: rtt 20s, conf 1.000, ttl 1m0s
[36mgeth_1_1  |[0m I0713 08:55:26.898311 eth/downloader/downloader.go:1942] Quality of service: rtt 20s, conf 1.000, ttl 1m0s
[33mgeth_2_1  |[0m I0713 08:55:46.605019 eth/downloader/downloader.go:1942] Quality of service: rtt 20s, conf 1.000, ttl 1m0s
[36mgeth_1_1  |[0m I0713 08:55:46.899180 eth/downloader/downloader.go:1942] Quality of service: rtt 20s, conf 1.000, ttl 1m0s
[33mgeth_2_1  |[0m I0713 08:56:06.614620 eth/downloader/downloader.go:1942] Quality of service: rtt 20s, conf 1.000, ttl 1m0s
[36mgeth_1_1  |[0m I0713 08:56:06.901427 eth/downloader/downloader.go:1942] Quality of service: rtt 20s, conf 1.000, ttl 1m0s
[33mgeth_2_1  |[0m I0713 08:56:26.618852 eth/downloader/downloader.go:1942] Quality of service: rtt 20s, conf 1.000, ttl 1m0s
[36mgeth_1_1  |[0m I0713 08:56:26.902645 eth/downloader/downloader.go:1942] Quality of service: rtt 20s, conf 1.000, ttl 1m0s
[33mgeth_2_1  |[0m I0713 08:56:46.619938 eth/downloader/downloader.go:1942] Quality of service: rtt 20s, conf 1.000, ttl 1m0s
[36mgeth_1_1  |[0m I0713 08:56:46.903540 eth/downloader/downloader.go:1942] Quality of service: rtt 20s, conf 1.000, ttl 1m0s
[33mgeth_2_1  |[0m I0713 08:57:06.621407 eth/downloader/downloader.go:1942] Quality of service: rtt 20s, conf 1.000, ttl 1m0s
[36mgeth_1_1  |[0m I0713 08:57:06.904118 eth/downloader/downloader.go:1942] Quality of service: rtt 20s, conf 1.000, ttl 1m0s
[33mgeth_2_1  |[0m I0713 08:57:26.628069 eth/downloader/downloader.go:1942] Quality of service: rtt 20s, conf 1.000, ttl 1m0s
[36mgeth_1_1  |[0m I0713 08:57:26.904398 eth/downloader/downloader.go:1942] Quality of service: rtt 20s, conf 1.000, ttl 1m0s
[33mgeth_2_1  |[0m I0713 08:57:46.634792 eth/downloader/downloader.go:1942] Quality of service: rtt 20s, conf 1.000, ttl 1m0s
[36mgeth_1_1  |[0m I0713 08:57:46.907350 eth/downloader/downloader.go:1942] Quality of service: rtt 20s, conf 1.000, ttl 1m0s
[36mgeth_1_1  |[0m I0713 08:58:06.040550 p2p/nat/nat.go:120] refresh port mapping tcp:30303 -> 30303 (ethereum p2p) using UPnP or NAT-PMP
[36mgeth_1_1  |[0m I0713 08:58:06.040712 p2p/nat/nat.go:122] network port tcp:30303 could not be mapped: no UPnP or NAT-PMP router discovered
[33mgeth_2_1  |[0m I0713 08:58:06.110738 p2p/nat/nat.go:120] refresh port mapping tcp:30303 -> 30303 (ethereum p2p) using UPnP or NAT-PMP
[33mgeth_2_1  |[0m I0713 08:58:06.111222 p2p/nat/nat.go:122] network port tcp:30303 could not be mapped: no UPnP or NAT-PMP router discovered
[33mgeth_2_1  |[0m I0713 08:58:06.641231 eth/downloader/downloader.go:1942] Quality of service: rtt 20s, conf 1.000, ttl 1m0s
[36mgeth_1_1  |[0m I0713 08:58:06.908576 eth/downloader/downloader.go:1942] Quality of service: rtt 20s, conf 1.000, ttl 1m0s
[33mgeth_2_1  |[0m I0713 08:58:26.642345 eth/downloader/downloader.go:1942] Quality of service: rtt 20s, conf 1.000, ttl 1m0s
[36mgeth_1_1  |[0m I0713 08:58:26.910717 eth/downloader/downloader.go:1942] Quality of service: rtt 20s, conf 1.000, ttl 1m0s
[33mgeth_2_1  |[0m I0713 08:58:46.643349 eth/downloader/downloader.go:1942] Quality of service: rtt 20s, conf 1.000, ttl 1m0s
[36mgeth_1_1  |[0m I0713 08:58:46.911841 eth/downloader/downloader.go:1942] Quality of service: rtt 20s, conf 1.000, ttl 1m0s
[33mgeth_2_1  |[0m I0713 08:59:06.644999 eth/downloader/downloader.go:1942] Quality of service: rtt 20s, conf 1.000, ttl 1m0s
[36mgeth_1_1  |[0m I0713 08:59:06.916529 eth/downloader/downloader.go:1942] Quality of service: rtt 20s, conf 1.000, ttl 1m0s
[33mgeth_2_1  |[0m I0713 08:59:26.645417 eth/downloader/downloader.go:1942] Quality of service: rtt 20s, conf 1.000, ttl 1m0s
[36mgeth_1_1  |[0m I0713 08:59:26.917321 eth/downloader/downloader.go:1942] Quality of service: rtt 20s, conf 1.000, ttl 1m0s
[33mgeth_2_1  |[0m I0713 08:59:46.646180 eth/downloader/downloader.go:1942] Quality of service: rtt 20s, conf 1.000, ttl 1m0s
[36mgeth_1_1  |[0m I0713 08:59:46.918210 eth/downloader/downloader.go:1942] Quality of service: rtt 20s, conf 1.000, ttl 1m0s
[33mgeth_2_1  |[0m I0713 09:00:06.647372 eth/downloader/downloader.go:1942] Quality of service: rtt 20s, conf 1.000, ttl 1m0s
[36mgeth_1_1  |[0m I0713 09:00:06.919871 eth/downloader/downloader.go:1942] Quality of service: rtt 20s, conf 1.000, ttl 1m0s
[33mgeth_2_1  |[0m I0713 09:00:26.647829 eth/downloader/downloader.go:1942] Quality of service: rtt 20s, conf 1.000, ttl 1m0s
[36mgeth_1_1  |[0m I0713 09:00:26.923914 eth/downloader/downloader.go:1942] Quality of service: rtt 20s, conf 1.000, ttl 1m0s
[33mgeth_2_1  |[0m I0713 09:00:46.494283 eth/downloader/downloader.go:1942] Quality of service: rtt 20s, conf 1.000, ttl 1m0s
[36mgeth_1_1  |[0m I0713 09:00:46.770335 eth/downloader/downloader.go:1942] Quality of service: rtt 20s, conf 1.000, ttl 1m0s
[33mgeth_2_1  |[0m I0713 09:01:06.495569 eth/downloader/downloader.go:1942] Quality of service: rtt 20s, conf 1.000, ttl 1m0s
[36mgeth_1_1  |[0m I0713 09:01:06.770874 eth/downloader/downloader.go:1942] Quality of service: rtt 20s, conf 1.000, ttl 1m0s
[33mgeth_2_1  |[0m I0713 09:01:26.496821 eth/downloader/downloader.go:1942] Quality of service: rtt 20s, conf 1.000, ttl 1m0s
[36mgeth_1_1  |[0m I0713 09:01:26.771499 eth/downloader/downloader.go:1942] Quality of service: rtt 20s, conf 1.000, ttl 1m0s
[33mgeth_2_1  |[0m I0713 09:01:46.498663 eth/downloader/downloader.go:1942] Quality of service: rtt 20s, conf 1.000, ttl 1m0s
[36mgeth_1_1  |[0m I0713 09:01:46.777857 eth/downloader/downloader.go:1942] Quality of service: rtt 20s, conf 1.000, ttl 1m0s
[33mgeth_2_1  |[0m I0713 09:02:06.499653 eth/downloader/downloader.go:1942] Quality of service: rtt 20s, conf 1.000, ttl 1m0s
[36mgeth_1_1  |[0m I0713 09:02:06.784877 eth/downloader/downloader.go:1942] Quality of service: rtt 20s, conf 1.000, ttl 1m0s
[33mgeth_2_1  |[0m I0713 09:02:26.501449 eth/downloader/downloader.go:1942] Quality of service: rtt 20s, conf 1.000, ttl 1m0s
[36mgeth_1_1  |[0m I0713 09:02:26.791084 eth/downloader/downloader.go:1942] Quality of service: rtt 20s, conf 1.000, ttl 1m0s
[33mgeth_2_1  |[0m I0713 09:02:46.506178 eth/downloader/downloader.go:1942] Quality of service: rtt 20s, conf 1.000, ttl 1m0s
[36mgeth_1_1  |[0m I0713 09:02:46.792078 eth/downloader/downloader.go:1942] Quality of service: rtt 20s, conf 1.000, ttl 1m0s
[33mgeth_2_1  |[0m I0713 09:03:06.508672 eth/downloader/downloader.go:1942] Quality of service: rtt 20s, conf 1.000, ttl 1m0s
[36mgeth_1_1  |[0m I0713 09:03:06.794543 eth/downloader/downloader.go:1942] Quality of service: rtt 20s, conf 1.000, ttl 1m0s
[33mgeth_2_1  |[0m I0713 09:03:26.510439 eth/downloader/downloader.go:1942] Quality of service: rtt 20s, conf 1.000, ttl 1m0s
[36mgeth_1_1  |[0m I0713 09:03:26.794982 eth/downloader/downloader.go:1942] Quality of service: rtt 20s, conf 1.000, ttl 1m0s
[33mgeth_2_1  |[0m I0713 09:03:46.510875 eth/downloader/downloader.go:1942] Quality of service: rtt 20s, conf 1.000, ttl 1m0s
[36mgeth_1_1  |[0m I0713 09:03:46.797983 eth/downloader/downloader.go:1942] Quality of service: rtt 20s, conf 1.000, ttl 1m0s
[33mgeth_2_1  |[0m I0713 09:04:06.513260 eth/downloader/downloader.go:1942] Quality of service: rtt 20s, conf 1.000, ttl 1m0s
[36mgeth_1_1  |[0m I0713 09:04:06.798404 eth/downloader/downloader.go:1942] Quality of service: rtt 20s, conf 1.000, ttl 1m0s
[33mgeth_2_1  |[0m I0713 09:04:26.513943 eth/downloader/downloader.go:1942] Quality of service: rtt 20s, conf 1.000, ttl 1m0s
[36mgeth_1_1  |[0m I0713 09:04:26.799052 eth/downloader/downloader.go:1942] Quality of service: rtt 20s, conf 1.000, ttl 1m0s
[33mgeth_2_1  |[0m I0713 09:04:46.515128 eth/downloader/downloader.go:1942] Quality of service: rtt 20s, conf 1.000, ttl 1m0s
[36mgeth_1_1  |[0m I0713 09:04:46.801009 eth/downloader/downloader.go:1942] Quality of service: rtt 20s, conf 1.000, ttl 1m0s
[33mgeth_2_1  |[0m I0713 09:05:06.516461 eth/downloader/downloader.go:1942] Quality of service: rtt 20s, conf 1.000, ttl 1m0s
[36mgeth_1_1  |[0m I0713 09:05:06.802905 eth/downloader/downloader.go:1942] Quality of service: rtt 20s, conf 1.000, ttl 1m0s
[33mgeth_2_1  |[0m I0713 09:05:26.517973 eth/downloader/downloader.go:1942] Quality of service: rtt 20s, conf 1.000, ttl 1m0s
[36mgeth_1_1  |[0m I0713 09:05:26.803249 eth/downloader/downloader.go:1942] Quality of service: rtt 20s, conf 1.000, ttl 1m0s
[33mgeth_2_1  |[0m I0713 09:05:46.519013 eth/downloader/downloader.go:1942] Quality of service: rtt 20s, conf 1.000, ttl 1m0s
[36mgeth_1_1  |[0m I0713 09:05:46.804118 eth/downloader/downloader.go:1942] Quality of service: rtt 20s, conf 1.000, ttl 1m0s
[33mgeth_2_1  |[0m I0713 09:06:06.519686 eth/downloader/downloader.go:1942] Quality of service: rtt 20s, conf 1.000, ttl 1m0s
[36mgeth_1_1  |[0m I0713 09:06:06.805080 eth/downloader/downloader.go:1942] Quality of service: rtt 20s, conf 1.000, ttl 1m0s
[33mgeth_2_1  |[0m I0713 09:06:26.522464 eth/downloader/downloader.go:1942] Quality of service: rtt 20s, conf 1.000, ttl 1m0s
[36mgeth_1_1  |[0m I0713 09:06:26.809455 eth/downloader/downloader.go:1942] Quality of service: rtt 20s, conf 1.000, ttl 1m0s
[33mgeth_2_1  |[0m I0713 09:06:46.523471 eth/downloader/downloader.go:1942] Quality of service: rtt 20s, conf 1.000, ttl 1m0s
[36mgeth_1_1  |[0m I0713 09:06:46.811554 eth/downloader/downloader.go:1942] Quality of service: rtt 20s, conf 1.000, ttl 1m0s
[33mgeth_2_1  |[0m I0713 09:07:06.524423 eth/downloader/downloader.go:1942] Quality of service: rtt 20s, conf 1.000, ttl 1m0s
[36mgeth_1_1  |[0m I0713 09:07:06.812891 eth/downloader/downloader.go:1942] Quality of service: rtt 20s, conf 1.000, ttl 1m0s
[33mgeth_2_1  |[0m I0713 09:07:26.525059 eth/downloader/downloader.go:1942] Quality of service: rtt 20s, conf 1.000, ttl 1m0s
[36mgeth_1_1  |[0m I0713 09:07:26.813647 eth/downloader/downloader.go:1942] Quality of service: rtt 20s, conf 1.000, ttl 1m0s
[33mgeth_2_1  |[0m I0713 09:07:46.525715 eth/downloader/downloader.go:1942] Quality of service: rtt 20s, conf 1.000, ttl 1m0s
[36mgeth_1_1  |[0m I0713 09:07:46.816825 eth/downloader/downloader.go:1942] Quality of service: rtt 20s, conf 1.000, ttl 1m0s
[33mgeth_2_1  |[0m I0713 09:08:06.527272 eth/downloader/downloader.go:1942] Quality of service: rtt 20s, conf 1.000, ttl 1m0s
[36mgeth_1_1  |[0m I0713 09:08:06.817220 eth/downloader/downloader.go:1942] Quality of service: rtt 20s, conf 1.000, ttl 1m0s
[33mgeth_2_1  |[0m I0713 09:08:26.527808 eth/downloader/downloader.go:1942] Quality of service: rtt 20s, conf 1.000, ttl 1m0s
[36mgeth_1_1  |[0m I0713 09:08:26.818316 eth/downloader/downloader.go:1942] Quality of service: rtt 20s, conf 1.000, ttl 1m0s
[33mgeth_2_1  |[0m I0713 09:08:46.529523 eth/downloader/downloader.go:1942] Quality of service: rtt 20s, conf 1.000, ttl 1m0s
[36mgeth_1_1  |[0m I0713 09:08:46.825611 eth/downloader/downloader.go:1942] Quality of service: rtt 20s, conf 1.000, ttl 1m0s
[33mgeth_2_1  |[0m I0713 09:09:06.533432 eth/downloader/downloader.go:1942] Quality of service: rtt 20s, conf 1.000, ttl 1m0s
[36mgeth_1_1  |[0m I0713 09:09:06.827225 eth/downloader/downloader.go:1942] Quality of service: rtt 20s, conf 1.000, ttl 1m0s
[33mgeth_2_1  |[0m I0713 09:09:26.533646 eth/downloader/downloader.go:1942] Quality of service: rtt 20s, conf 1.000, ttl 1m0s
[36mgeth_1_1  |[0m I0713 09:09:26.828506 eth/downloader/downloader.go:1942] Quality of service: rtt 20s, conf 1.000, ttl 1m0s
[33mgeth_2_1  |[0m I0713 09:09:46.388977 eth/downloader/downloader.go:1942] Quality of service: rtt 20s, conf 1.000, ttl 1m0s
[36mgeth_1_1  |[0m I0713 09:09:46.684905 eth/downloader/downloader.go:1942] Quality of service: rtt 20s, conf 1.000, ttl 1m0s
[33mgeth_2_1  |[0m I0713 09:10:06.389714 eth/downloader/downloader.go:1942] Quality of service: rtt 20s, conf 1.000, ttl 1m0s
[36mgeth_1_1  |[0m I0713 09:10:06.685625 eth/downloader/downloader.go:1942] Quality of service: rtt 20s, conf 1.000, ttl 1m0s
[33mgeth_2_1  |[0m I0713 09:10:26.389961 eth/downloader/downloader.go:1942] Quality of service: rtt 20s, conf 1.000, ttl 1m0s
[36mgeth_1_1  |[0m I0713 09:10:26.692786 eth/downloader/downloader.go:1942] Quality of service: rtt 20s, conf 1.000, ttl 1m0s
[33mgeth_2_1  |[0m I0713 09:10:46.392350 eth/downloader/downloader.go:1942] Quality of service: rtt 20s, conf 1.000, ttl 1m0s
[36mgeth_1_1  |[0m I0713 09:10:46.700069 eth/downloader/downloader.go:1942] Quality of service: rtt 20s, conf 1.000, ttl 1m0s
[33mgeth_2_1  |[0m I0713 09:11:06.394010 eth/downloader/downloader.go:1942] Quality of service: rtt 20s, conf 1.000, ttl 1m0s
[36mgeth_1_1  |[0m I0713 09:11:06.700616 eth/downloader/downloader.go:1942] Quality of service: rtt 20s, conf 1.000, ttl 1m0s
[33mgeth_2_1  |[0m I0713 09:11:26.395590 eth/downloader/downloader.go:1942] Quality of service: rtt 20s, conf 1.000, ttl 1m0s
[36mgeth_1_1  |[0m I0713 09:11:26.700886 eth/downloader/downloader.go:1942] Quality of service: rtt 20s, conf 1.000, ttl 1m0s
[33mgeth_2_1  |[0m I0713 09:11:46.396458 eth/downloader/downloader.go:1942] Quality of service: rtt 20s, conf 1.000, ttl 1m0s
[36mgeth_1_1  |[0m I0713 09:11:46.701456 eth/downloader/downloader.go:1942] Quality of service: rtt 20s, conf 1.000, ttl 1m0s
[33mgeth_2_1  |[0m I0713 09:12:06.398479 eth/downloader/downloader.go:1942] Quality of service: rtt 20s, conf 1.000, ttl 1m0s
[36mgeth_1_1  |[0m I0713 09:12:06.702778 eth/downloader/downloader.go:1942] Quality of service: rtt 20s, conf 1.000, ttl 1m0s
[33mgeth_2_1  |[0m I0713 09:12:26.399977 eth/downloader/downloader.go:1942] Quality of service: rtt 20s, conf 1.000, ttl 1m0s
[36mgeth_1_1  |[0m I0713 09:12:26.703388 eth/downloader/downloader.go:1942] Quality of service: rtt 20s, conf 1.000, ttl 1m0s
[33mgeth_2_1  |[0m I0713 09:12:46.400442 eth/downloader/downloader.go:1942] Quality of service: rtt 20s, conf 1.000, ttl 1m0s
[36mgeth_1_1  |[0m I0713 09:12:46.704398 eth/downloader/downloader.go:1942] Quality of service: rtt 20s, conf 1.000, ttl 1m0s
[36mgeth_1_1  |[0m I0713 09:13:05.743326 p2p/nat/nat.go:120] refresh port mapping tcp:30303 -> 30303 (ethereum p2p) using UPnP or NAT-PMP
[36mgeth_1_1  |[0m I0713 09:13:05.743415 p2p/nat/nat.go:122] network port tcp:30303 could not be mapped: no UPnP or NAT-PMP router discovered
[33mgeth_2_1  |[0m I0713 09:13:05.812573 p2p/nat/nat.go:120] refresh port mapping tcp:30303 -> 30303 (ethereum p2p) using UPnP or NAT-PMP
[33mgeth_2_1  |[0m I0713 09:13:05.812649 p2p/nat/nat.go:122] network port tcp:30303 could not be mapped: no UPnP or NAT-PMP router discovered
[33mgeth_2_1  |[0m I0713 09:13:06.401777 eth/downloader/downloader.go:1942] Quality of service: rtt 20s, conf 1.000, ttl 1m0s
[36mgeth_1_1  |[0m I0713 09:13:06.708133 eth/downloader/downloader.go:1942] Quality of service: rtt 20s, conf 1.000, ttl 1m0s
[33mgeth_2_1  |[0m I0713 09:13:26.402119 eth/downloader/downloader.go:1942] Quality of service: rtt 20s, conf 1.000, ttl 1m0s
[36mgeth_1_1  |[0m I0713 09:13:26.709355 eth/downloader/downloader.go:1942] Quality of service: rtt 20s, conf 1.000, ttl 1m0s
[33mgeth_2_1  |[0m I0713 09:13:46.403251 eth/downloader/downloader.go:1942] Quality of service: rtt 20s, conf 1.000, ttl 1m0s
[36mgeth_1_1  |[0m I0713 09:13:46.709599 eth/downloader/downloader.go:1942] Quality of service: rtt 20s, conf 1.000, ttl 1m0s
[33mgeth_2_1  |[0m I0713 09:14:06.404275 eth/downloader/downloader.go:1942] Quality of service: rtt 20s, conf 1.000, ttl 1m0s
[36mgeth_1_1  |[0m I0713 09:14:06.710373 eth/downloader/downloader.go:1942] Quality of service: rtt 20s, conf 1.000, ttl 1m0s
[33mgeth_2_1  |[0m I0713 09:14:26.404814 eth/downloader/downloader.go:1942] Quality of service: rtt 20s, conf 1.000, ttl 1m0s
[36mgeth_1_1  |[0m I0713 09:14:26.711354 eth/downloader/downloader.go:1942] Quality of service: rtt 20s, conf 1.000, ttl 1m0s
[33mgeth_2_1  |[0m I0713 09:14:46.405700 eth/downloader/downloader.go:1942] Quality of service: rtt 20s, conf 1.000, ttl 1m0s
[36mgeth_1_1  |[0m I0713 09:14:46.712176 eth/downloader/downloader.go:1942] Quality of service: rtt 20s, conf 1.000, ttl 1m0s
[33mgeth_2_1  |[0m I0713 09:15:06.408048 eth/downloader/downloader.go:1942] Quality of service: rtt 20s, conf 1.000, ttl 1m0s
[36mgeth_1_1  |[0m I0713 09:15:06.713212 eth/downloader/downloader.go:1942] Quality of service: rtt 20s, conf 1.000, ttl 1m0s
[33mgeth_2_1  |[0m I0713 09:15:26.411271 eth/downloader/downloader.go:1942] Quality of service: rtt 20s, conf 1.000, ttl 1m0s
[36mgeth_1_1  |[0m I0713 09:15:26.714007 eth/downloader/downloader.go:1942] Quality of service: rtt 20s, conf 1.000, ttl 1m0s
[33mgeth_2_1  |[0m I0713 09:15:46.412228 eth/downloader/downloader.go:1942] Quality of service: rtt 20s, conf 1.000, ttl 1m0s
[36mgeth_1_1  |[0m I0713 09:15:46.714797 eth/downloader/downloader.go:1942] Quality of service: rtt 20s, conf 1.000, ttl 1m0s
